Component: ARM Compiler 6.7 Tool: armlink [5c9ef700]

==============================================================================

Section Cross References

    cyberrypotter.o(.text.System_Init) refers to hardware.o(.text.Hardware_Init) for Hardware_Init
    cyberrypotter.o(.text.System_Init) refers to cyberrypotter.o(.bss.Cyberry_Potter_Status) for Cyberry_Potter_Status
    cyberrypotter.o(.text.System_Init) refers to stm32f10x_gpio.o(.text.GPIO_WriteBit) for GPIO_WriteBit
    cyberrypotter.o(.ARM.exidx.text.System_Init) refers to cyberrypotter.o(.text.System_Init) for [Anonymous Symbol]
    cyberrypotter.o(.text.Cyberry_Potter_System_Status_Update) refers to cyberrypotter.o(.bss.Cyberry_Potter_Status) for Cyberry_Potter_Status
    cyberrypotter.o(.text.Cyberry_Potter_System_Status_Update) refers to puts.o(i.puts) for puts
    cyberrypotter.o(.text.Cyberry_Potter_System_Status_Update) refers to cyberrypotter.o(.text.LED_Blink) for LED_Blink
    cyberrypotter.o(.ARM.exidx.text.Cyberry_Potter_System_Status_Update) refers to cyberrypotter.o(.text.Cyberry_Potter_System_Status_Update) for [Anonymous Symbol]
    cyberrypotter.o(.text.LED_Blink) refers to cyberrypotter.o(.bss.Cyberry_Potter_Status) for Cyberry_Potter_Status
    cyberrypotter.o(.text.LED_Blink) refers to stm32f10x_gpio.o(.text.GPIO_WriteBit) for GPIO_WriteBit
    cyberrypotter.o(.text.LED_Blink) refers to delay.o(.text.Delay_ms) for Delay_ms
    cyberrypotter.o(.ARM.exidx.text.LED_Blink) refers to cyberrypotter.o(.text.LED_Blink) for [Anonymous Symbol]
    cyberrypotter.o(.text.EXTI9_5_IRQHandler) refers to stm32f10x_exti.o(.text.EXTI_GetITStatus) for EXTI_GetITStatus
    cyberrypotter.o(.text.EXTI9_5_IRQHandler) refers to cyberrypotter.o(.bss.i) for i
    cyberrypotter.o(.text.EXTI9_5_IRQHandler) refers to imu.o(.text.IMU_Get_Data) for IMU_Get_Data
    cyberrypotter.o(.text.EXTI9_5_IRQHandler) refers to cyberrypotter.o(.bss.Cyberry_Potter_Status) for Cyberry_Potter_Status
    cyberrypotter.o(.text.EXTI9_5_IRQHandler) refers to stm32f10x_exti.o(.text.EXTI_ClearITPendingBit) for EXTI_ClearITPendingBit
    cyberrypotter.o(.ARM.exidx.text.EXTI9_5_IRQHandler) refers to cyberrypotter.o(.text.EXTI9_5_IRQHandler) for [Anonymous Symbol]
    cyberrypotter.o(.text.EXTI0_IRQHandler) refers to stm32f10x_exti.o(.text.EXTI_GetITStatus) for EXTI_GetITStatus
    cyberrypotter.o(.text.EXTI0_IRQHandler) refers to cyberrypotter.o(.bss.Cyberry_Potter_Status) for Cyberry_Potter_Status
    cyberrypotter.o(.text.EXTI0_IRQHandler) refers to stm32f10x_tim.o(.text.TIM_Cmd) for TIM_Cmd
    cyberrypotter.o(.text.EXTI0_IRQHandler) refers to stm32f10x_exti.o(.text.EXTI_ClearITPendingBit) for EXTI_ClearITPendingBit
    cyberrypotter.o(.ARM.exidx.text.EXTI0_IRQHandler) refers to cyberrypotter.o(.text.EXTI0_IRQHandler) for [Anonymous Symbol]
    cyberrypotter.o(.text.TIM4_IRQHandler) refers to stm32f10x_tim.o(.text.TIM_GetITStatus) for TIM_GetITStatus
    cyberrypotter.o(.text.TIM4_IRQHandler) refers to stm32f10x_gpio.o(.text.GPIO_ReadInputDataBit) for GPIO_ReadInputDataBit
    cyberrypotter.o(.text.TIM4_IRQHandler) refers to cyberrypotter.o(.data.TIM4_IRQHandler.previous_stuatus) for TIM4_IRQHandler.previous_stuatus
    cyberrypotter.o(.text.TIM4_IRQHandler) refers to cyberrypotter.o(.bss.time_hold_count_ms) for time_hold_count_ms
    cyberrypotter.o(.text.TIM4_IRQHandler) refers to cyberrypotter.o(.bss.Cyberry_Potter_Status) for Cyberry_Potter_Status
    cyberrypotter.o(.text.TIM4_IRQHandler) refers to cyberrypotter.o(.text.Cyberry_Potter_System_Status_Update) for Cyberry_Potter_System_Status_Update
    cyberrypotter.o(.text.TIM4_IRQHandler) refers to cyberrypotter.o(.bss.time_release_count_ms) for time_release_count_ms
    cyberrypotter.o(.text.TIM4_IRQHandler) refers to stm32f10x_tim.o(.text.TIM_Cmd) for TIM_Cmd
    cyberrypotter.o(.text.TIM4_IRQHandler) refers to stm32f10x_tim.o(.text.TIM_ClearITPendingBit) for TIM_ClearITPendingBit
    cyberrypotter.o(.ARM.exidx.text.TIM4_IRQHandler) refers to cyberrypotter.o(.text.TIM4_IRQHandler) for [Anonymous Symbol]
    delay.o(.ARM.exidx.text.Delay_us) refers to delay.o(.text.Delay_us) for [Anonymous Symbol]
    delay.o(.text.Delay_ms) refers to delay.o(.text.Delay_us) for Delay_us
    delay.o(.ARM.exidx.text.Delay_ms) refers to delay.o(.text.Delay_ms) for [Anonymous Symbol]
    delay.o(.text.Delay_s) refers to delay.o(.text.Delay_ms) for Delay_ms
    delay.o(.ARM.exidx.text.Delay_s) refers to delay.o(.text.Delay_s) for [Anonymous Symbol]
    imu.o(.text.IMU_Sample_Start) refers to hardware.o(.text.EXTI_Stop) for EXTI_Stop
    imu.o(.text.IMU_Sample_Start) refers to cyberrypotter.o(.bss.Cyberry_Potter_Status) for Cyberry_Potter_Status
    imu.o(.text.IMU_Sample_Start) refers to stm32f10x_gpio.o(.text.GPIO_WriteBit) for GPIO_WriteBit
    imu.o(.ARM.exidx.text.IMU_Sample_Start) refers to imu.o(.text.IMU_Sample_Start) for [Anonymous Symbol]
    imu.o(.text.IMU_Get_Data) refers to iic.o(.text.IIC_read) for IIC_read
[...]
    gyro_orientation                         0x20000005   Data           9  mpu6050.o(.data.gyro_orientation)
    [Anonymous Symbol]                       0x20000010   Section        0  inv_mpu.o(.data.st)
    st                                       0x20000010   Data          44  inv_mpu.o(.data.st)
    dmp.2                                    0x20000e74   Data           2  inv_mpu_dmp_motion_driver.o(.bss.dmp.2)
    dmp.3                                    0x20000e78   Data           2  inv_mpu_dmp_motion_driver.o(.bss.dmp.3)
    dmp.4                                    0x20000e7c   Data           2  inv_mpu_dmp_motion_driver.o(.bss.dmp.4)
    dmp.5                                    0x20000e7e   Data           1  inv_mpu_dmp_motion_driver.o(.bss.dmp.5)
    [Anonymous Symbol]                       0x20000e82   Section        0  main.o(.bss.nnom_input_data)
    nnom_input_data                          0x20000e82   Data         450  main.o(.bss.nnom_input_data)
    [Anonymous Symbol]                       0x20001048   Section        0  main.o(.bss.nnom_model_create.model)
    nnom_model_create.model                  0x20001048   Data         136  main.o(.bss.nnom_model_create.model)
    [Anonymous Symbol]                       0x200010d0   Section        0  main.o(.bss.nnom_output_data)
    nnom_output_data                         0x200010d0   Data          10  main.o(.bss.nnom_output_data)
    [Anonymous Symbol]                       0x200010dc   Section        0  nnom.o(.bss.nnom_static_buf)
    nnom_static_buf                          0x200010dc   Data           4  nnom.o(.bss.nnom_static_buf)
    [Anonymous Symbol]                       0x200010e0   Section        0  nnom.o(.bss.nnom_static_buf_curr)
    nnom_static_buf_curr                     0x200010e0   Data           4  nnom.o(.bss.nnom_static_buf_curr)
    [Anonymous Symbol]                       0x200010e4   Section        0  nnom.o(.bss.nnom_static_buf_size)
    nnom_static_buf_size                     0x200010e4   Data           4  nnom.o(.bss.nnom_static_buf_size)
    STACK                                    0x200030f0   Section     1024  startup_stm32f10x_md.o(STACK)

    Global Symbols

    Symbol Name                              Value     Ov Type        Size  Object(Section)

    BuildAttributes$$THM_ISAv4$P$D$K$B$S$PE$A:L22UL41UL21$X:L11$S22US41US21$IEEE1$IW$~IW$USESV6$~STKCKD$USESV7$WCHAR32$ENUMINT$~SHL$OTIME$ROPI$IEEEJ$EBA8$MICROLIB$REQ8$PRES8$EABIv2 0x00000000   Number         0  anon$$obj.o ABSOLUTE
    _printf_a                                0x00000000   Number         0  stubs.o ABSOLUTE
    _printf_c                                0x00000000   Number         0  stubs.o ABSOLUTE
    _printf_charcount                        0x00000000   Number         0  stubs.o ABSOLUTE
    _printf_d                                0x00000000   Number         0  stubs.o ABSOLUTE
    _printf_e                                0x00000000   Number         0  stubs.o ABSOLUTE
    _printf_f                                0x00000000   Number         0  stubs.o ABSOLUTE
    _printf_flags                            0x00000000   Number         0  stubs.o ABSOLUTE
    _printf_fp_dec                           0x00000000   Number         0  stubs.o ABSOLUTE
    _printf_fp_hex                           0x00000000   Number         0  stubs.o ABSOLUTE
    _printf_g                                0x00000000   Number         0  stubs.o ABSOLUTE
    _printf_i                                0x00000000   Number         0  stubs.o ABSOLUTE
    _printf_int_dec                          0x00000000   Number         0  stubs.o ABSOLUTE
    _printf_l                                0x00000000   Number         0  stubs.o ABSOLUTE
    _printf_lc                               0x00000000   Number         0  stubs.o ABSOLUTE
    _printf_ll                               0x00000000   Number         0  stubs.o ABSOLUTE
    _printf_lld                              0x00000000   Number         0  stubs.o ABSOLUTE
    _printf_lli                              0x00000000   Number         0  stubs.o ABSOLUTE
    _printf_llo                              0x00000000   Number         0  stubs.o ABSOLUTE
    _printf_llu                              0x00000000   Number         0  stubs.o ABSOLUTE
    _printf_llx                              0x00000000   Number         0  stubs.o ABSOLUTE
    _printf_longlong_dec                     0x00000000   Number         0  stubs.o ABSOLUTE
    _printf_longlong_hex                     0x00000000   Number         0  stubs.o ABSOLUTE
    _printf_longlong_oct                     0x00000000   Number         0  stubs.o ABSOLUTE
    _printf_ls                               0x00000000   Number         0  stubs.o ABSOLUTE
    _printf_mbtowc                           0x00000000   Number         0  stubs.o ABSOLUTE
    _printf_n                                0x00000000   Number         0  stubs.o ABSOLUTE
    _printf_o                                0x00000000   Number         0  stubs.o ABSOLUTE
    _printf_p                                0x00000000   Number         0  stubs.o ABSOLUTE
    _printf_percent                          0x00000000   Number         0  stubs.o ABSOLUTE
    _printf_pre_padding                      0x00000000   Number         0  stubs.o ABSOLUTE
    _printf_return_value                     0x00000000   Number         0  stubs.o ABSOLUTE
    _printf_s                                0x00000000   Number         0  stubs.o ABSOLUTE
    _printf_sizespec                         0x00000000   Number         0  stubs.o ABSOLUTE
    _printf_str                              0x00000000   Number         0  stubs.o ABSOLUTE
    _printf_truncate_signed                  0x00000000   Number         0  stubs.o ABSOLUTE
    _printf_truncate_unsigned                0x00000000   Number         0  stubs.o ABSOLUTE
    _printf_u                                0x00000000   Number         0  stubs.o ABSOLUTE
    _printf_wc                               0x00000000   Number         0  stubs.o ABSOLUTE
    _printf_wctomb                           0x00000000   Number         0  stubs.o ABSOLUTE
    _printf_widthprec                        0x00000000   Number         0  stubs.o ABSOLUTE
    _printf_x                                0x00000000   Number         0  stubs.o ABSOLUTE
    __cpp_initialize__aeabi_                  - Undefined Weak Reference
    __cxa_finalize                            - Undefined Weak Reference
    __decompress                              - Undefined Weak Reference
    _clock_init                               - Undefined Weak Reference
    _microlib_exit                            - Undefined Weak Reference
    __Vectors_Size                           0x000000ec   Number         0  startup_stm32f10x_md.o ABSOLUTE
    __Vectors                                0x08000000   Data           4  startup_stm32f10x_md.o(RESET)
    __Vectors_End                            0x080000ec   Data           0  startup_stm32f10x_md.o(RESET)
    __main                                   0x080000ed   Thumb Code     0  entry.o(.ARM.Collect$$$$00000000)
    _main_stk                                0x080000ed   Thumb Code     0  entry2.o(.ARM.Collect$$$$00000001)
    _main_scatterload                        0x080000f1   Thumb Code     0  entry5.o(.ARM.Collect$$$$00000004)
    __main_after_scatterload                 0x080000f5   Thumb Code     0  entry5.o(.ARM.Collect$$$$00000004)
    _main_clock                              0x080000f5   Thumb Code     0  entry7b.o(.ARM.Collect$$$$00000008)
    _main_cpp_init                           0x080000f5   Thumb Code     0  entry8b.o(.ARM.Collect$$$$0000000A)
    _main_init                               0x080000f5   Thumb Code     0  entry9a.o(.ARM.Collect$$$$0000000B)
    __rt_final_cpp                           0x080000fd   Thumb Code     0  entry10a.o(.ARM.Collect$$$$0000000D)
    __rt_final_exit                          0x080000fd   Thumb Code     0  entry11a.o(.ARM.Collect$$$$0000000F)
    Reset_Handler                            0x08000101   Thumb Code     8  startup_stm32f10x_md.o(.text)
    NMI_Handler                              0x08000109   Thumb Code     2  startup_stm32f10x_md.o(.text)
    HardFault_Handler                        0x0800010b   Thumb Code     2  startup_stm32f10x_md.o(.text)
    MemManage_Handler                        0x0800010d   Thumb Code     2  startup_stm32f10x_md.o(.text)
    BusFault_Handler                         0x0800010f   Thumb Code     2  startup_stm32f10x_md.o(.text)
    UsageFault_Handler                       0x08000111   Thumb Code     2  startup_stm32f10x_md.o(.text)
    SVC_Handler                              0x08000113   Thumb Code     2  startup_stm32f10x_md.o(.text)
    DebugMon_Handler                         0x08000115   Thumb Code     2  startup_stm32f10x_md.o(.text)
    PendSV_Handler                           0x08000117   Thumb Code     2  startup_stm32f10x_md.o(.text)
    SysTick_Handler                          0x08000119   Thumb Code     2  startup_stm32f10x_md.o(.text)
    ADC1_2_IRQHandler                        0x0800011b   Thumb Code     0  startup_stm32f10x_md.o(.text)
    CAN1_RX1_IRQHandler                      0x0800011b   Thumb Code     0  startup_stm32f10x_md.o(.text)
    CAN1_SCE_IRQHandler                      0x0800011b   Thumb Code     0  startup_stm32f10x_md.o(.text)
    DMA1_Channel1_IRQHandler                 0x0800011b   Thumb Code     0  startup_stm32f10x_md.o(.text)
    DMA1_Channel2_IRQHandler                 0x0800011b   Thumb Code     0  startup_stm32f10x_md.o(.text)
    DMA1_Channel3_IRQHandler                 0x0800011b   Thumb Code     0  startup_stm32f10x_md.o(.text)
    DMA1_Channel4_IRQHandler                 0x0800011b   Thumb Code     0  startup_stm32f10x_md.o(.text)
    DMA1_Channel5_IRQHandler                 0x0800011b   Thumb Code     0  startup_stm32f10x_md.o(.text)
    DMA1_Channel6_IRQHandler                 0x0800011b   Thumb Code     0  startup_stm32f10x_md.o(.text)
    DMA1_Channel7_IRQHandler                 0x0800011b   Thumb Code     0  startup_stm32f10x_md.o(.text)
    EXTI15_10_IRQHandler                     0x0800011b   Thumb Code     0  startup_stm32f10x_md.o(.text)
    EXTI1_IRQHandler                         0x0800011b   Thumb Code     0  startup_stm32f10x_md.o(.text)
    EXTI2_IRQHandler                         0x0800011b   Thumb Code     0  startup_stm32f10x_md.o(.text)
    EXTI3_IRQHandler                         0x0800011b   Thumb Code     0  startup_stm32f10x_md.o(.text)
    EXTI4_IRQHandler                         0x0800011b   Thumb Code     0  startup_stm32f10x_md.o(.text)
    FLASH_IRQHandler                         0x0800011b   Thumb Code     0  startup_stm32f10x_md.o(.text)
    I2C1_ER_IRQHandler                       0x0800011b   Thumb Code     0  startup_stm32f10x_md.o(.text)
    I2C1_EV_IRQHandler                       0x0800011b   Thumb Code     0  startup_stm32f10x_md.o(.text)
    I2C2_ER_IRQHandler                       0x0800011b   Thumb Code     0  startup_stm32f10x_md.o(.text)
    I2C2_EV_IRQHandler                       0x0800011b   Thumb Code     0  startup_stm32f10x_md.o(.text)
    PVD_IRQHandler                           0x0800011b   Thumb Code     0  startup_stm32f10x_md.o(.text)
    RCC_IRQHandler                           0x0800011b   Thumb Code     0  startup_stm32f10x_md.o(.text)
    RTCAlarm_IRQHandler                      0x0800011b   Thumb Code     0  startup_stm32f10x_md.o(.text)
    RTC_IRQHandler                           0x0800011b   Thumb Code     0  startup_stm32f10x_md.o(.text)
    SPI1_IRQHandler                          0x0800011b   Thumb Code     0  startup_stm32f10x_md.o(.text)
    SPI2_IRQHandler                          0x0800011b   Thumb Code     0  startup_stm32f10x_md.o(.text)
    TAMPER_IRQHandler                        0x0800011b   Thumb Code     0  startup_stm32f10x_md.o(.text)
    TIM1_BRK_IRQHandler                      0x0800011b   Thumb Code     0  startup_stm32f10x_md.o(.text)
    TIM1_CC_IRQHandler                       0x0800011b   Thumb Code     0  startup_stm32f10x_md.o(.text)
    TIM1_TRG_COM_IRQHandler                  0x0800011b   Thumb Code     0  startup_stm32f10x_md.o(.text)
    TIM1_UP_IRQHandler                       0x0800011b   Thumb Code     0  startup_stm32f10x_md.o(.text)
    TIM2_IRQHandler                          0x0800011b   Thumb Code     0  startup_stm32f10x_md.o(.text)
    TIM3_IRQHandler                          0x0800011b   Thumb Code     0  startup_stm32f10x_md.o(.text)
    USART1_IRQHandler                        0x0800011b   Thumb Code     0  startup_stm32f10x_md.o(.text)
    USART2_IRQHandler                        0x0800011b   Thumb Code     0  startup_stm32f10x_md.o(.text)
    USART3_IRQHandler                        0x0800011b   Thumb Code     0  startup_stm32f10x_md.o(.text)
    USBWakeUp_IRQHandler                     0x0800011b   Thumb Code     0  startup_stm32f10x_md.o(.text)
    USB_HP_CAN1_TX_IRQHandler                0x0800011b   Thumb Code     0  startup_stm32f10x_md.o(.text)
    USB_LP_CAN1_RX0_IRQHandler               0x0800011b   Thumb Code     0  startup_stm32f10x_md.o(.text)
    WWDG_IRQHandler                          0x0800011b   Thumb Code     0  startup_stm32f10x_md.o(.text)
    __aeabi_uldivmod                         0x08000125   Thumb Code    98  uldiv.o(.text)
    __aeabi_ldivmod                          0x08000187   Thumb Code    98  ldiv.o(.text)
    __aeabi_memcpy                           0x080001e9   Thumb Code    36  memcpya.o(.text)
    __aeabi_memcpy4                          0x080001e9   Thumb Code     0  memcpya.o(.text)
    __aeabi_memcpy8                          0x080001e9   Thumb Code     0  memcpya.o(.text)
    __aeabi_memset                           0x0800020d   Thumb Code    14  memseta.o(.text)
    __aeabi_memset4                          0x0800020d   Thumb Code     0  memseta.o(.text)
    __aeabi_memset8                          0x0800020d   Thumb Code     0  memseta.o(.text)
    __aeabi_memclr                           0x0800021b   Thumb Code     4  memseta.o(.text)
    __aeabi_memclr4                          0x0800021b   Thumb Code     0  memseta.o(.text)
    __aeabi_memclr8                          0x0800021b   Thumb Code     0  memseta.o(.text)
    _memset$wrapper                          0x0800021f   Thumb Code    18  memseta.o(.text)
    memcmp                                   0x08000231   Thumb Code    26  memcmp.o(.text)
    __aeabi_fadd                             0x0800024b   Thumb Code   164  fadd.o(.text)
    __aeabi_fsub                             0x080002ef   Thumb Code     6  fadd.o(.text)
    __aeabi_frsub                            0x080002f5   Thumb Code     6  fadd.o(.text)
    __aeabi_fmul                             0x080002fb   Thumb Code   100  fmul.o(.text)
    __aeabi_fdiv                             0x0800035f   Thumb Code   124  fdiv.o(.text)
    __aeabi_dmul                             0x080003db   Thumb Code   228  dmul.o(.text)
    __aeabi_ddiv                             0x080004bf   Thumb Code   222  ddiv.o(.text)
    __aeabi_fcmple                           0x0800059d   Thumb Code    28  fcmple.o(.text)
    __aeabi_fcmplt                           0x080005b9   Thumb Code    28  fcmplt.o(.text)
    __aeabi_fcmpeq                           0x080005d5   Thumb Code    28  fcmpeq.o(.text)
    __aeabi_i2f                              0x080005f1   Thumb Code    18  fflti.o(.text)
    __aeabi_ui2f                             0x08000603   Thumb Code    10  ffltui.o(.text)
    __aeabi_i2d                              0x0800060d   Thumb Code    34  dflti.o(.text)
    __aeabi_f2iz                             0x0800062f   Thumb Code    50  ffixi.o(.text)
    __aeabi_f2uiz                            0x08000661   Thumb Code    40  ffixui.o(.text)
    __aeabi_d2iz                             0x08000689   Thumb Code    62  dfixi.o(.text)
    __aeabi_f2d                              0x080006c7   Thumb Code    38  f2d.o(.text)
    __aeabi_d2f                              0x080006ed   Thumb Code    56  d2f.o(.text)
    __aeabi_uidiv                            0x08000725   Thumb Code     0  uidiv.o(.text)
    __aeabi_uidivmod                         0x08000725   Thumb Code    44  uidiv.o(.text)
    __aeabi_llsl                             0x08000751   Thumb Code    30  llshl.o(.text)
    _ll_shift_l                              0x08000751   Thumb Code     0  llshl.o(.text)
    __aeabi_llsr                             0x0800076f   Thumb Code    32  llushr.o(.text)
    _ll_ushift_r                             0x0800076f   Thumb Code     0  llushr.o(.text)
    __I$use$fp                               0x0800078f   Thumb Code     0  iusefp.o(.text)
    _float_round                             0x0800078f   Thumb Code    18  fepilogue.o(.text)
    _float_epilogue                          0x080007a1   Thumb Code    92  fepilogue.o(.text)
    _double_round                            0x080007fd   Thumb Code    30  depilogue.o(.text)
    _double_epilogue                         0x0800081b   Thumb Code   156  depilogue.o(.text)
    __aeabi_dadd                             0x080008b7   Thumb Code   322  dadd.o(.text)
    __aeabi_dsub                             0x080009f9   Thumb Code     6  dadd.o(.text)
    __aeabi_drsub                            0x080009ff   Thumb Code     6  dadd.o(.text)
    _drnd                                    0x08000a05   Thumb Code   132  drnd.o(.text)
    __aeabi_d2ulz                            0x08000a8d   Thumb Code    48  dfixul.o(.text)
    __aeabi_cdcmpeq                          0x08000abd   Thumb Code     0  cdcmple.o(.text)
    __aeabi_cdcmple                          0x08000abd   Thumb Code    48  cdcmple.o(.text)
    __aeabi_cdrcmple                         0x08000aed   Thumb Code    48  cdrcmple.o(.text)
    __scatterload                            0x08000b1d   Thumb Code    28  init.o(.text)
    __scatterload_rt2                        0x08000b1d   Thumb Code     0  init.o(.text)
    __aeabi_lasr                             0x08000b41   Thumb Code    36  llsshr.o(.text)
    _ll_sshift_r                             0x08000b41   Thumb Code     0  llsshr.o(.text)
    Cyberry_Potter_System_Status_Update      0x08000b65   Thumb Code   124  cyberrypotter.o(.text.Cyberry_Potter_System_Status_Update)
    Delay_ms                                 0x08000be1   Thumb Code    26  delay.o(.text.Delay_ms)
    Delay_us                                 0x08000bfd   Thumb Code    38  delay.o(.text.Delay_us)
    EXTI0_IRQHandler                         0x08000c25   Thumb Code    50  cyberrypotter.o(.text.EXTI0_IRQHandler)
    EXTI9_5_IRQHandler                       0x08000c59   Thumb Code    86  cyberrypotter.o(.text.EXTI9_5_IRQHandler)
    EXTI_ClearITPendingBit                   0x08000cb1   Thumb Code    12  stm32f10x_exti.o(.text.EXTI_ClearITPendingBit)
    EXTI_GetITStatus                         0x08000cbd   Thumb Code    28  stm32f10x_exti.o(.text.EXTI_GetITStatus)
    EXTI_Init                                0x08000cd9   Thumb Code   108  stm32f10x_exti.o(.text.EXTI_Init)
    EXTI_Restore                             0x08000d45   Thumb Code    34  hardware.o(.text.EXTI_Restore)
    EXTI_Stop                                0x08000d69   Thumb Code    34  hardware.o(.text.EXTI_Stop)
    Flatten                                  0x08000d8d   Thumb Code    84  nnom_flatten.o(.text.Flatten)
    GPIO_EXTILineConfig                      0x08000de1   Thumb Code    52  stm32f10x_gpio.o(.text.GPIO_EXTILineConfig)
    GPIO_Init                                0x08000e15   Thumb Code   184  stm32f10x_gpio.o(.text.GPIO_Init)
    GPIO_ReadInputDataBit                    0x08000ecd   Thumb Code    10  stm32f10x_gpio.o(.text.GPIO_ReadInputDataBit)
    GPIO_WriteBit                            0x08000ed9   Thumb Code    16  stm32f10x_gpio.o(.text.GPIO_WriteBit)
    Hardware_Init                            0x08000ee9   Thumb Code   458  hardware.o(.text.Hardware_Init)
    IIC_Init                                 0x080010b5   Thumb Code    66  iic.o(.text.IIC_Init)
    IIC_Receive_Byte                         0x08001125   Thumb Code    62  iic.o(.text.IIC_Receive_Byte)
    IIC_Send_Byte                            0x0800117d   Thumb Code    38  iic.o(.text.IIC_Send_Byte)
    IIC_read                                 0x08001215   Thumb Code   106  iic.o(.text.IIC_read)
    IIC_write                                0x08001281   Thumb Code    66  iic.o(.text.IIC_write)
    IMU_Get_Data                             0x080012c5   Thumb Code   284  imu.o(.text.IMU_Get_Data)
    IMU_Sample_Start                         0x080013e1   Thumb Code    52  imu.o(.text.IMU_Sample_Start)
    LED_Blink                                0x08001415   Thumb Code   184  cyberrypotter.o(.text.LED_Blink)
    MPU6050_Init                             0x080014cd   Thumb Code   156  mpu6050.o(.text.MPU6050_Init)
    MaxPool                                  0x08001569   Thumb Code   172  nnom_maxpool.o(.text.MaxPool)
    Model_LED                                0x08001615   Thumb Code    92  main.o(.text.Model_LED)
    NVIC_Init                                0x08001671   Thumb Code    96  misc.o(.text.NVIC_Init)
    NVIC_PriorityGroupConfig                 0x080016d1   Thumb Code    20  misc.o(.text.NVIC_PriorityGroupConfig)
    RCC_APB1PeriphClockCmd                   0x080016e5   Thumb Code    24  stm32f10x_rcc.o(.text.RCC_APB1PeriphClockCmd)
    RCC_APB2PeriphClockCmd                   0x080016fd   Thumb Code    24  stm32f10x_rcc.o(.text.RCC_APB2PeriphClockCmd)
    RCC_GetClocksFreq                        0x08001715   Thumb Code   154  stm32f10x_rcc.o(.text.RCC_GetClocksFreq)
    Softmax                                  0x08001881   Thumb Code    86  nnom_softmax.o(.text.Softmax)
    SystemInit                               0x080018d9   Thumb Code    86  system_stm32f10x.o(.text.SystemInit)
    System_Init                              0x08001931   Thumb Code    52  cyberrypotter.o(.text.System_Init)
    TIM4_IRQHandler                          0x08001965   Thumb Code   224  cyberrypotter.o(.text.TIM4_IRQHandler)
    TIM_ClearFlag                            0x08001a45   Thumb Code     6  stm32f10x_tim.o(.text.TIM_ClearFlag)
    TIM_ClearITPendingBit                    0x08001a4d   Thumb Code     6  stm32f10x_tim.o(.text.TIM_ClearITPendingBit)
    TIM_Cmd                                  0x08001a55   Thumb Code    18  stm32f10x_tim.o(.text.TIM_Cmd)
    TIM_GetITStatus                          0x08001a69   Thumb Code    20  stm32f10x_tim.o(.text.TIM_GetITStatus)
    TIM_ITConfig                             0x08001a7d   Thumb Code    18  stm32f10x_tim.o(.text.TIM_ITConfig)
    TIM_TimeBaseInit                         0x08001a91   Thumb Code   170  stm32f10x_tim.o(.text.TIM_TimeBaseInit)
    USART_Cmd                                0x08001b3d   Thumb Code    18  stm32f10x_usart.o(.text.USART_Cmd)
    USART_ITConfig                           0x08001b51   Thumb Code    56  stm32f10x_usart.o(.text.USART_ITConfig)
    USART_Init                               0x08001b89   Thumb Code   172  stm32f10x_usart.o(.text.USART_Init)
    act_get_dec_bit                          0x08001d41   Thumb Code    14  nnom_activation.o(.text.act_get_dec_bit)
    act_relu                                 0x08001d51   Thumb Code    34  nnom_activation.o(.text.act_relu)
    block_mem_set                            0x08001df9   Thumb Code    40  nnom.o(.text.block_mem_set)
    check_model_version                      0x08001e21   Thumb Code   176  nnom.o(.text.check_model_version)
    compile_layers                           0x08001ed1   Thumb Code   572  nnom.o(.text.compile_layers)
    conv2d_build                             0x0800210d   Thumb Code   254  nnom_conv2d.o(.text.conv2d_build)
    conv2d_free                              0x0800220d   Thumb Code    28  nnom_conv2d.o(.text.conv2d_free)
    conv2d_run                               0x08002229   Thumb Code   222  nnom_conv2d.o(.text.conv2d_run)
    conv2d_s                                 0x08002309   Thumb Code   332  nnom_conv2d.o(.text.conv2d_s)
    conv_output_length                       0x08002455   Thumb Code    32  nnom_conv2d.o(.text.conv_output_length)
    default_build                            0x08002475   Thumb Code    74  nnom_baselayer.o(.text.default_build)
    delete_tensor                            0x080024c1   Thumb Code    10  nnom_tensor.o(.text.delete_tensor)
    dense_build                              0x080024cd   Thumb Code   208  nnom_dense.o(.text.dense_build)
    dense_free                               0x0800259d   Thumb Code    28  nnom_dense.o(.text.dense_free)
    dense_run                                0x080025b9   Thumb Code    90  nnom_dense.o(.text.dense_run)
    dense_s                                  0x08002615   Thumb Code   136  nnom_dense.o(.text.dense_s)
    dilation                                 0x0800269d   Thumb Code    10  nnom_layers.o(.text.dilation)
    dmp_enable_6x_lp_quat                    0x080026a9   Thumb Code    44  inv_mpu_dmp_motion_driver.o(.text.dmp_enable_6x_lp_quat)
    dmp_enable_feature                       0x080026d5   Thumb Code   510  inv_mpu_dmp_motion_driver.o(.text.dmp_enable_feature)
    dmp_enable_gyro_cal                      0x080028d5   Thumb Code    74  inv_mpu_dmp_motion_driver.o(.text.dmp_enable_gyro_cal)
    dmp_enable_lp_quat                       0x08002921   Thumb Code    44  inv_mpu_dmp_motion_driver.o(.text.dmp_enable_lp_quat)
    dmp_load_motion_driver_firmware          0x0800294d   Thumb Code    22  inv_mpu_dmp_motion_driver.o(.text.dmp_load_motion_driver_firmware)
    dmp_set_accel_bias                       0x08002965   Thumb Code   194  inv_mpu_dmp_motion_driver.o(.text.dmp_set_accel_bias)
    dmp_set_fifo_rate                        0x08002a29   Thumb Code    90  inv_mpu_dmp_motion_driver.o(.text.dmp_set_fifo_rate)
    dmp_set_gyro_bias                        0x08002a85   Thumb Code   218  inv_mpu_dmp_motion_driver.o(.text.dmp_set_gyro_bias)
    dmp_set_orientation                      0x08002b61   Thumb Code   264  inv_mpu_dmp_motion_driver.o(.text.dmp_set_orientation)
    dmp_set_shake_reject_thresh              0x08002c69   Thumb Code    62  inv_mpu_dmp_motion_driver.o(.text.dmp_set_shake_reject_thresh)
    dmp_set_shake_reject_time                0x08002ca9   Thumb Code    46  inv_mpu_dmp_motion_driver.o(.text.dmp_set_shake_reject_time)
    dmp_set_shake_reject_timeout             0x08002cd9   Thumb Code    46  inv_mpu_dmp_motion_driver.o(.text.dmp_set_shake_reject_timeout)
    dmp_set_tap_axes                         0x08002d09   Thumb Code    66  inv_mpu_dmp_motion_driver.o(.text.dmp_set_tap_axes)
    dmp_set_tap_count                        0x08002d4d   Thumb Code    42  inv_mpu_dmp_motion_driver.o(.text.dmp_set_tap_count)
    dmp_set_tap_thresh                       0x08002d79   Thumb Code   286  inv_mpu_dmp_motion_driver.o(.text.dmp_set_tap_thresh)
    dmp_set_tap_time                         0x08002e99   Thumb Code    46  inv_mpu_dmp_motion_driver.o(.text.dmp_set_tap_time)
    dmp_set_tap_time_multi                   0x08002ec9   Thumb Code    46  inv_mpu_dmp_motion_driver.o(.text.dmp_set_tap_time_multi)
    flatten_build                            0x08002f19   Thumb Code    80  nnom_flatten.o(.text.flatten_build)
    flatten_run                              0x08002f69   Thumb Code     4  nnom_flatten.o(.text.flatten_run)
    flatten_s                                0x08002f6d   Thumb Code    16  nnom_flatten.o(.text.flatten_s)
    fputc                                    0x08002f7d   Thumb Code    20  hardware.o(.text.fputc)
    input_build                              0x080034e1   Thumb Code    44  nnom_input.o(.text.input_build)
    input_run                                0x0800350d   Thumb Code    28  nnom_input.o(.text.input_run)
    input_s                                  0x08003529   Thumb Code   254  nnom_input.o(.text.input_s)
    io_init                                  0x0800369d   Thumb Code     6  nnom_layers.o(.text.io_init)
    kernel                                   0x080036c1   Thumb Code    10  nnom_layers.o(.text.kernel)
    layer_run                                0x080036cd   Thumb Code    68  nnom.o(.text.layer_run)
    local_convolve_HWC_q15_nonsquare         0x0800372d   Thumb Code   596  nnom_local_q15.o(.text.local_convolve_HWC_q15_nonsquare)
    local_convolve_HWC_q7_nonsquare          0x08003981   Thumb Code   570  nnom_local.o(.text.local_convolve_HWC_q7_nonsquare)
    local_fully_connected_q7_opt             0x08003bbd   Thumb Code   634  nnom_local.o(.text.local_fully_connected_q7_opt)
    local_maxpool_q7_HWC                     0x08003e39   Thumb Code   260  nnom_local.o(.text.local_maxpool_q7_HWC)
    local_relu_q15                           0x08003f3d   Thumb Code    34  nnom_local_q15.o(.text.local_relu_q15)
    local_relu_q7                            0x08003f61   Thumb Code    34  nnom_local.o(.text.local_relu_q7)
    local_softmax_q7                         0x08003f85   Thumb Code   162  nnom_local.o(.text.local_softmax_q7)
    main                                     0x08004029   Thumb Code   192  main.o(.text.main)
    maxpool_build                            0x080040e9   Thumb Code   148  nnom_maxpool.o(.text.maxpool_build)
    maxpool_run                              0x0800417d   Thumb Code   102  nnom_maxpool.o(.text.maxpool_run)
    maxpool_s                                0x080041e5   Thumb Code    96  nnom_maxpool.o(.text.maxpool_s)
    mem_analysis_result                      0x08004245   Thumb Code   148  nnom.o(.text.mem_analysis_result)
    model_compile                            0x08004319   Thumb Code   424  nnom.o(.text.model_compile)
    model_feed_data                          0x080044c1   Thumb Code   128  main.o(.text.model_feed_data)
    model_get_output                         0x08004541   Thumb Code   140  main.o(.text.model_get_output)
    model_run                                0x0800463d   Thumb Code     6  nnom.o(.text.model_run)
    model_run_to                             0x08004645   Thumb Code   272  nnom.o(.text.model_run_to)
    mpu_configure_fifo                       0x08004779   Thumb Code    92  inv_mpu.o(.text.mpu_configure_fifo)
    mpu_get_accel_fsr                        0x080047d5   Thumb Code    60  inv_mpu.o(.text.mpu_get_accel_fsr)
    mpu_get_accel_sens                       0x08004811   Thumb Code    76  inv_mpu.o(.text.mpu_get_accel_sens)
    mpu_get_fifo_config                      0x0800485d   Thumb Code    16  inv_mpu.o(.text.mpu_get_fifo_config)
    mpu_get_gyro_fsr                         0x0800486d   Thumb Code    50  inv_mpu.o(.text.mpu_get_gyro_fsr)
    mpu_get_gyro_sens                        0x080048a1   Thumb Code    68  inv_mpu.o(.text.mpu_get_gyro_sens)
    mpu_get_lpf                              0x080048e5   Thumb Code    56  inv_mpu.o(.text.mpu_get_lpf)
    mpu_get_sample_rate                      0x0800491d   Thumb Code    32  inv_mpu.o(.text.mpu_get_sample_rate)
    mpu_init                                 0x0800493d   Thumb Code   214  inv_mpu.o(.text.mpu_init)
    mpu_load_firmware                        0x08004a15   Thumb Code   202  inv_mpu.o(.text.mpu_load_firmware)
    mpu_lp_accel_mode                        0x08004ae1   Thumb Code   204  inv_mpu.o(.text.mpu_lp_accel_mode)
    mpu_read_mem                             0x08004bad   Thumb Code   108  inv_mpu.o(.text.mpu_read_mem)
    mpu_reset_fifo                           0x08004c19   Thumb Code   372  inv_mpu.o(.text.mpu_reset_fifo)
    mpu_run_self_test                        0x08004d8d   Thumb Code   274  inv_mpu.o(.text.mpu_run_self_test)
    mpu_set_accel_fsr                        0x08004ea1   Thumb Code   122  inv_mpu.o(.text.mpu_set_accel_fsr)
    mpu_set_bypass                           0x08004f1d   Thumb Code   224  inv_mpu.o(.text.mpu_set_bypass)
    mpu_set_dmp_state                        0x08004ffd   Thumb Code   140  inv_mpu.o(.text.mpu_set_dmp_state)
    mpu_set_gyro_fsr                         0x08005089   Thumb Code   130  inv_mpu.o(.text.mpu_set_gyro_fsr)
    mpu_set_int_latched                      0x0800510d   Thumb Code   110  inv_mpu.o(.text.mpu_set_int_latched)
    mpu_set_lpf                              0x0800517d   Thumb Code   110  inv_mpu.o(.text.mpu_set_lpf)
    mpu_set_sample_rate                      0x080051ed   Thumb Code   146  inv_mpu.o(.text.mpu_set_sample_rate)
    mpu_set_sensors                          0x08005281   Thumb Code   196  inv_mpu.o(.text.mpu_set_sensors)
    mpu_write_mem                            0x08005345   Thumb Code   108  inv_mpu.o(.text.mpu_write_mem)
    new_model                                0x080053b1   Thumb Code    88  nnom.o(.text.new_model)
    new_tensor                               0x08005409   Thumb Code   144  nnom_tensor.o(.text.new_tensor)
    nnom_alignto                             0x08005499   Thumb Code    18  nnom.o(.text.nnom_alignto)
    nnom_free                                0x080054ad   Thumb Code     2  nnom.o(.text.nnom_free)
    nnom_hook_length                         0x080054b1   Thumb Code    22  nnom.o(.text.nnom_hook_length)
    nnom_malloc                              0x080054c9   Thumb Code    84  nnom.o(.text.nnom_malloc)
    nnom_mem                                 0x0800551d   Thumb Code    44  nnom.o(.text.nnom_mem)
    nnom_set_static_buf                      0x08005625   Thumb Code    34  nnom.o(.text.nnom_set_static_buf)
    output_run                               0x08005649   Thumb Code    32  nnom_output.o(.text.output_run)
    output_s                                 0x08005669   Thumb Code    50  nnom_output.o(.text.output_s)
    set_tailed_activation                    0x08005a51   Thumb Code    68  nnom.o(.text.set_tailed_activation)
    shape                                    0x08005a95   Thumb Code     8  nnom_layers.o(.text.shape)
    softmax_build                            0x08005a9d   Thumb Code    58  nnom_softmax.o(.text.softmax_build)
    softmax_run                              0x08005ad9   Thumb Code    36  nnom_softmax.o(.text.softmax_run)
    softmax_s                                0x08005afd   Thumb Code    16  nnom_softmax.o(.text.softmax_s)
    stride                                   0x08005b0d   Thumb Code    10  nnom_layers.o(.text.stride)
    tensor_cpy_attr                          0x08005b19   Thumb Code    88  nnom_tensor.o(.text.tensor_cpy_attr)
    tensor_get_num_channel                   0x08005b71   Thumb Code    14  nnom_tensor.o(.text.tensor_get_num_channel)
    tensor_mem_set                           0x08005b81   Thumb Code    52  nnom.o(.text.tensor_mem_set)
    tensor_set_attr                          0x08005bb5   Thumb Code    76  nnom_tensor.o(.text.tensor_set_attr)
    tensor_set_attr_v                        0x08005c01   Thumb Code    38  nnom_tensor.o(.text.tensor_set_attr_v)
    tensor_size                              0x08005c29   Thumb Code    46  nnom_tensor.o(.text.tensor_size)
    __0printf                                0x08005c59   Thumb Code    22  printfa.o(i.__0printf)
    __1printf                                0x08005c59   Thumb Code     0  printfa.o(i.__0printf)
    __2printf                                0x08005c59   Thumb Code     0  printfa.o(i.__0printf)
    __c89printf                              0x08005c59   Thumb Code     0  printfa.o(i.__0printf)
    printf                                   0x08005c59   Thumb Code     0  printfa.o(i.__0printf)
    __scatterload_copy                       0x08005c79   Thumb Code    14  handlers.o(i.__scatterload_copy)
    __scatterload_null                       0x08005c87   Thumb Code     2  handlers.o(i.__scatterload_null)
    __scatterload_zeroinit                   0x08005c89   Thumb Code    14  handlers.o(i.__scatterload_zeroinit)
    putchar                                  0x0800654d   Thumb Code     6  putchar.o(i.putchar)
    puts                                     0x08006559   Thumb Code    30  puts.o(i.puts)
    round                                    0x0800657d   Thumb Code   136  round.o(i.round)
    conv1d_1_bias_shift                      0x08006624   Data           4  main.o(.rodata.conv1d_1_bias_shift)
    conv1d_1_config                          0x08006628   Data          40  main.o(.rodata.conv1d_1_config)
    conv1d_1_output_shift                    0x08006650   Data           4  main.o(.rodata.conv1d_1_output_shift)
    conv1d_bias_shift                        0x08006654   Data           4  main.o(.rodata.conv1d_bias_shift)
    conv1d_config                            0x08006658   Data          40  main.o(.rodata.conv1d_config)
    conv1d_output_shift                      0x08006680   Data           4  main.o(.rodata.conv1d_output_shift)
    default_activation_names                 0x08006684   Data          64  nnom.o(.rodata.default_activation_names)
    default_cell_names                       0x080066c4   Data          32  nnom.o(.rodata.default_cell_names)
    default_layer_names                      0x080066e4   Data         396  nnom.o(.rodata.default_layer_names)
    dense_bias_shift                         0x08006870   Data           4  main.o(.rodata.dense_bias_shift)
    dense_config                             0x08006874   Data          24  main.o(.rodata.dense_config)
    dense_output_shift                       0x0800688c   Data           4  main.o(.rodata.dense_output_shift)
    flatten_config                           0x08007494   Data           4  main.o(.rodata.flatten_config)
    hw                                       0x08007498   Data          12  inv_mpu.o(.rodata.hw)
    input_1_config                           0x080074a4   Data           8  main.o(.rodata.input_1_config)
    max_pooling1d_config                     0x080074ac   Data          16  main.o(.rodata.max_pooling1d_config)
    output0_config                           0x080074bc   Data           8  main.o(.rodata.output0_config)
    reg                                      0x080074c4   Data          30  inv_mpu.o(.rodata.reg)
    softmax_config                           0x080074e4   Data           4  main.o(.rodata.softmax_config)
    tensor_conv1d_1_bias_0                   0x08007884   Data          24  main.o(.rodata.tensor_conv1d_1_bias_0)
    tensor_conv1d_1_bias_0_data              0x0800789c   Data          15  main.o(.rodata.tensor_conv1d_1_bias_0_data)
    tensor_conv1d_1_bias_0_dec               0x080078ac   Data           4  main.o(.rodata.tensor_conv1d_1_bias_0_dec)
    tensor_conv1d_1_bias_0_dim               0x080078b0   Data           2  main.o(.rodata.tensor_conv1d_1_bias_0_dim)
    tensor_conv1d_1_bias_0_offset            0x080078b4   Data           4  main.o(.rodata.tensor_conv1d_1_bias_0_offset)
    tensor_conv1d_1_kernel_0                 0x080078b8   Data          24  main.o(.rodata.tensor_conv1d_1_kernel_0)
    tensor_conv1d_1_kernel_0_data            0x080078d0   Data        1350  main.o(.rodata.tensor_conv1d_1_kernel_0_data)
    tensor_conv1d_1_kernel_0_dec             0x08007e18   Data           4  main.o(.rodata.tensor_conv1d_1_kernel_0_dec)
    tensor_conv1d_1_kernel_0_dim             0x08007e1c   Data           6  main.o(.rodata.tensor_conv1d_1_kernel_0_dim)
    tensor_conv1d_1_kernel_0_offset          0x08007e24   Data           4  main.o(.rodata.tensor_conv1d_1_kernel_0_offset)
    tensor_conv1d_bias_0                     0x08007e28   Data          24  main.o(.rodata.tensor_conv1d_bias_0)
    tensor_conv1d_bias_0_data                0x08007e40   Data          30  main.o(.rodata.tensor_conv1d_bias_0_data)
    tensor_conv1d_bias_0_dec                 0x08007e60   Data           4  main.o(.rodata.tensor_conv1d_bias_0_dec)
    tensor_conv1d_bias_0_dim                 0x08007e64   Data           2  main.o(.rodata.tensor_conv1d_bias_0_dim)
    tensor_conv1d_bias_0_offset              0x08007e68   Data           4  main.o(.rodata.tensor_conv1d_bias_0_offset)
    tensor_conv1d_kernel_0                   0x08007e6c   Data          24  main.o(.rodata.tensor_conv1d_kernel_0)
    tensor_conv1d_kernel_0_data              0x08007e84   Data         270  main.o(.rodata.tensor_conv1d_kernel_0_data)
    tensor_conv1d_kernel_0_dec               0x08007f94   Data           4  main.o(.rodata.tensor_conv1d_kernel_0_dec)
    tensor_conv1d_kernel_0_dim               0x08007f98   Data           6  main.o(.rodata.tensor_conv1d_kernel_0_dim)
    tensor_conv1d_kernel_0_offset            0x08007fa0   Data           4  main.o(.rodata.tensor_conv1d_kernel_0_offset)
    tensor_dense_bias_0                      0x08007fa4   Data          24  main.o(.rodata.tensor_dense_bias_0)
    tensor_dense_bias_0_data                 0x08007fbc   Data          10  main.o(.rodata.tensor_dense_bias_0_data)
    tensor_dense_bias_0_dec                  0x08007fc8   Data           4  main.o(.rodata.tensor_dense_bias_0_dec)
    tensor_dense_bias_0_dim                  0x08007fcc   Data           2  main.o(.rodata.tensor_dense_bias_0_dim)
    tensor_dense_bias_0_offset               0x08007fd0   Data           4  main.o(.rodata.tensor_dense_bias_0_offset)
    tensor_dense_kernel_0                    0x08007fd4   Data          24  main.o(.rodata.tensor_dense_kernel_0)
    tensor_dense_kernel_0_data               0x08007fec   Data         750  main.o(.rodata.tensor_dense_kernel_0_data)
    tensor_dense_kernel_0_dec                0x080082dc   Data           4  main.o(.rodata.tensor_dense_kernel_0_dec)
    tensor_dense_kernel_0_dim                0x080082e0   Data           4  main.o(.rodata.tensor_dense_kernel_0_dim)
    tensor_dense_kernel_0_offset             0x080082e4   Data           4  main.o(.rodata.tensor_dense_kernel_0_offset)
    tensor_input_1                           0x080082e8   Data          24  main.o(.rodata.tensor_input_1)
    tensor_input_1_dec                       0x08008300   Data           4  main.o(.rodata.tensor_input_1_dec)
    tensor_input_1_dim                       0x08008304   Data           4  main.o(.rodata.tensor_input_1_dim)
    tensor_input_1_offset                    0x08008308   Data           4  main.o(.rodata.tensor_input_1_offset)
    tensor_output0                           0x0800830c   Data          24  main.o(.rodata.tensor_output0)
    tensor_output0_dec                       0x08008324   Data           4  main.o(.rodata.tensor_output0_dec)
    tensor_output0_dim                       0x08008328   Data           2  main.o(.rodata.tensor_output0_dim)
    tensor_output0_offset                    0x0800832c   Data           4  main.o(.rodata.tensor_output0_offset)
    test                                     0x08008330   Data          40  inv_mpu.o(.rodata.test)
    Region$$Table$$Base                      0x08008358   Number         0  anon$$obj.o(Region$$Table)
    Region$$Table$$Limit                     0x08008378   Number         0  anon$$obj.o(Region$$Table)
    __stdout                                 0x20000000   Data           4  stdout.o(.data)
    model_output                             0x2000000e   Data           1  main.o(.data.model_output)
    Cyberry_Potter_Status                    0x20000040   Data          24  cyberrypotter.o(.bss.Cyberry_Potter_Status)
    IMU_Data_mAcc                            0x20000058   Data        1800  imu.o(.bss.IMU_Data_mAcc)
    IMU_Data_mdAngle                         0x20000760   Data        1800  imu.o(.bss.IMU_Data_mdAngle)
    IMU_bias                                 0x20000e68   Data          12  imu.o(.bss.IMU_bias)
    i                                        0x20000e80   Data           2  cyberrypotter.o(.bss.i)
    nnom_memory_taken                        0x20001044   Data           4  nnom.o(.bss.nnom_memory_taken)
    static_buf                               0x200010e8   Data        8192  main.o(.bss.static_buf)
    time_hold_count_ms                       0x200030e8   Data           2  cyberrypotter.o(.bss.time_hold_count_ms)
    time_release_count_ms                    0x200030ea   Data           2  cyberrypotter.o(.bss.time_release_count_ms)
    __initial_sp                             0x200034f0   Data           0  startup_stm32f10x_md.o(STACK)



==============================================================================

Memory Map of the image

  Image Entry point : 0x080000ed

  Load Region LR_IROM1 (Base: 0x08000000, Size: 0x000083b8, Max: 0x00010000, ABSOLUTE)

    Execution Region ER_IROM1 (Exec base: 0x08000000, Load base: 0x08000000, Size: 0x00008378, Max: 0x00010000, ABSOLUTE)

    Exec Addr    Load Addr    Size         Type   Attr      Idx    E Section Name        Object

    0x08000000   0x08000000   0x000000ec   Data   RO         2571    RESET               startup_stm32f10x_md.o
    0x080000ec   0x080000ec   0x00000000   Code   RO         2601  * .ARM.Collect$$$$00000000  mc_w.l(entry.o)
    0x080000ec   0x080000ec   0x00000004   Code   RO         2926    .ARM.Collect$$$$00000001  mc_w.l(entry2.o)
    0x080000f0   0x080000f0   0x00000004   Code   RO         2929    .ARM.Collect$$$$00000004  mc_w.l(entry5.o)
    0x080000f4   0x080000f4   0x00000000   Code   RO         2931    .ARM.Collect$$$$00000008  mc_w.l(entry7b.o)
    0x080000f4   0x080000f4   0x00000000   Code   RO         2933    .ARM.Collect$$$$0000000A  mc_w.l(entry8b.o)
    0x080000f4   0x080000f4   0x00000008   Code   RO         2934    .ARM.Collect$$$$0000000B  mc_w.l(entry9a.o)
    0x080000fc   0x080000fc   0x00000000   Code   RO         2936    .ARM.Collect$$$$0000000D  mc_w.l(entry10a.o)
    0x080000fc   0x080000fc   0x00000000   Code   RO         2938    .ARM.Collect$$$$0000000F  mc_w.l(entry11a.o)
    0x080000fc   0x080000fc   0x00000004   Code   RO         2927    .ARM.Collect$$$$00002712  mc_w.l(entry2.o)
    0x08000100   0x08000100   0x00000024   Code   RO         2572    .text               startup_stm32f10x_md.o
    0x08000124   0x08000124   0x00000062   Code   RO         2619    .text               mc_w.l(uldiv.o)
    0x08000186   0x08000186   0x00000062   Code   RO         2621    .text               mc_w.l(ldiv.o)
    0x080001e8   0x080001e8   0x00000024   Code   RO         2623    .text               mc_w.l(memcpya.o)
    0x0800020c   0x0800020c   0x00000024   Code   RO         2625    .text               mc_w.l(memseta.o)
    0x08000230   0x08000230   0x0000001a   Code   RO         2627    .text               mc_w.l(memcmp.o)
    0x0800024a   0x0800024a   0x000000b0   Code   RO         2892    .text               mf_w.l(fadd.o)
    0x080002fa   0x080002fa   0x00000064   Code   RO         2894    .text               mf_w.l(fmul.o)
    0x0800035e   0x0800035e   0x0000007c   Code   RO         2896    .text               mf_w.l(fdiv.o)
    0x080003da   0x080003da   0x000000e4   Code   RO         2898    .text               mf_w.l(dmul.o)
    0x080004be   0x080004be   0x000000de   Code   RO         2900    .text               mf_w.l(ddiv.o)
    0x0800059c   0x0800059c   0x0000001c   Code   RO         2902    .text               mf_w.l(fcmple.o)
    0x080005b8   0x080005b8   0x0000001c   Code   RO         2904    .text               mf_w.l(fcmplt.o)
    0x080005d4   0x080005d4   0x0000001c   Code   RO         2908    .text               mf_w.l(fcmpeq.o)
    0x080005f0   0x080005f0   0x00000012   Code   RO         2910    .text               mf_w.l(fflti.o)
    0x08000602   0x08000602   0x0000000a   Code   RO         2912    .text               mf_w.l(ffltui.o)
    0x0800060c   0x0800060c   0x00000022   Code   RO         2914    .text               mf_w.l(dflti.o)
    0x0800062e   0x0800062e   0x00000032   Code   RO         2916    .text               mf_w.l(ffixi.o)
    0x08000660   0x08000660   0x00000028   Code   RO         2918    .text               mf_w.l(ffixui.o)
    0x08000688   0x08000688   0x0000003e   Code   RO         2920    .text               mf_w.l(dfixi.o)
    0x080006c6   0x080006c6   0x00000026   Code   RO         2922    .text               mf_w.l(f2d.o)
    0x080006ec   0x080006ec   0x00000038   Code   RO         2924    .text               mf_w.l(d2f.o)
    0x08000724   0x08000724   0x0000002c   Code   RO         2941    .text               mc_w.l(uidiv.o)
    0x08000750   0x08000750   0x0000001e   Code   RO         2943    .text               mc_w.l(llshl.o)
    0x0800076e   0x0800076e   0x00000020   Code   RO         2945    .text               mc_w.l(llushr.o)
    0x0800078e   0x0800078e   0x00000000   Code   RO         2947    .text               mc_w.l(iusefp.o)
    0x0800078e   0x0800078e   0x0000006e   Code   RO         2948    .text               mf_w.l(fepilogue.o)
    0x080007fc   0x080007fc   0x000000ba   Code   RO         2950    .text               mf_w.l(depilogue.o)
    0x080008b6   0x080008b6   0x0000014e   Code   RO         2952    .text               mf_w.l(dadd.o)
    0x08000a04   0x08000a04   0x00000088   Code   RO         2954    .text               mf_w.l(drnd.o)
    0x08000a8c   0x08000a8c   0x00000030   Code   RO         2956    .text               mf_w.l(dfixul.o)
    0x08000abc   0x08000abc   0x00000030   Code   RO         2958    .text               mf_w.l(cdcmple.o)
    0x08000aec   0x08000aec   0x00000030   Code   RO         2960    .text               mf_w.l(cdrcmple.o)
    0x08000b1c   0x08000b1c   0x00000024   Code   RO         2962    .text               mc_w.l(init.o)
    0x08000b40   0x08000b40   0x00000024   Code   RO         2964    .text               mc_w.l(llsshr.o)
    0x08000b64   0x08000b64   0x0000007c   Code   RO            4    .text.Cyberry_Potter_System_Status_Update  cyberrypotter.o
    0x08000be0   0x08000be0   0x0000001a   Code   RO           33    .text.Delay_ms      delay.o
    0x08000bfa   0x08000bfa   0x00000002   PAD
    0x08000bfc   0x08000bfc   0x00000026   Code   RO           31    .text.Delay_us      delay.o
    0x08000c22   0x08000c22   0x00000002   PAD
    0x08000c24   0x08000c24   0x00000032   Code   RO           10    .text.EXTI0_IRQHandler  cyberrypotter.o
    0x08000c56   0x08000c56   0x00000002   PAD
    0x08000c58   0x08000c58   0x00000056   Code   RO            8    .text.EXTI9_5_IRQHandler  cyberrypotter.o
    0x08000cae   0x08000cae   0x00000002   PAD
    0x08000cb0   0x08000cb0   0x0000000c   Code   RO         1732    .text.EXTI_ClearITPendingBit  stm32f10x_exti.o
    0x08000cbc   0x08000cbc   0x0000001c   Code   RO         1730    .text.EXTI_GetITStatus  stm32f10x_exti.o
    0x08000cd8   0x08000cd8   0x0000006c   Code   RO         1720    .text.EXTI_Init     stm32f10x_exti.o
    0x08000d44   0x08000d44   0x00000022   Code   RO          152    .text.EXTI_Restore  hardware.o
    0x08000d66   0x08000d66   0x00000002   PAD
    0x08000d68   0x08000d68   0x00000022   Code   RO          150    .text.EXTI_Stop     hardware.o
    0x08000d8a   0x08000d8a   0x00000002   PAD
    0x08000d8c   0x08000d8c   0x00000054   Code   RO         1036    .text.Flatten       nnom_flatten.o
    0x08000de0   0x08000de0   0x00000034   Code   RO         1893    .text.GPIO_EXTILineConfig  stm32f10x_gpio.o
    0x08000e14   0x08000e14   0x000000b8   Code   RO         1865    .text.GPIO_Init     stm32f10x_gpio.o
    0x08000ecc   0x08000ecc   0x0000000a   Code   RO         1869    .text.GPIO_ReadInputDataBit  stm32f10x_gpio.o
    0x08000ed6   0x08000ed6   0x00000002   PAD
    0x08000ed8   0x08000ed8   0x00000010   Code   RO         1881    .text.GPIO_WriteBit  stm32f10x_gpio.o
    0x08000ee8   0x08000ee8   0x000001ca   Code   RO          146    .text.Hardware_Init  hardware.o
    0x080010b2   0x080010b2   0x00000002   PAD
    0x080010b4   0x080010b4   0x00000042   Code   RO          165    .text.IIC_Init      iic.o
    0x080010f6   0x080010f6   0x00000002   PAD
    0x080010f8   0x080010f8   0x0000000e   Code   RO          175    .text.IIC_R_SDA     iic.o
    0x08001106   0x08001106   0x00000002   PAD
    0x08001108   0x08001108   0x0000001c   Code   RO          181    .text.IIC_Receive_Ack  iic.o
    0x08001124   0x08001124   0x0000003e   Code   RO          173    .text.IIC_Receive_Byte  iic.o
    0x08001162   0x08001162   0x00000002   PAD
    0x08001164   0x08001164   0x00000016   Code   RO          187    .text.IIC_Send_Ack  iic.o
    0x0800117a   0x0800117a   0x00000002   PAD
    0x0800117c   0x0800117c   0x00000026   Code   RO          167    .text.IIC_Send_Byte  iic.o
    0x080011a2   0x080011a2   0x00000002   PAD
    0x080011a4   0x080011a4   0x0000001e   Code   RO          179    .text.IIC_Start     iic.o
    0x080011c2   0x080011c2   0x00000002   PAD
    0x080011c4   0x080011c4   0x00000018   Code   RO          183    .text.IIC_Stop      iic.o
    0x080011dc   0x080011dc   0x0000001c   Code   RO          171    .text.IIC_W_SCL     iic.o
    0x080011f8   0x080011f8   0x0000001c   Code   RO          169    .text.IIC_W_SDA     iic.o
    0x08001214   0x08001214   0x0000006a   Code   RO          185    .text.IIC_read      iic.o
    0x0800127e   0x0800127e   0x00000002   PAD
    0x08001280   0x08001280   0x00000042   Code   RO          177    .text.IIC_write     iic.o
    0x080012c2   0x080012c2   0x00000002   PAD
    0x080012c4   0x080012c4   0x0000011c   Code   RO           50    .text.IMU_Get_Data  imu.o
    0x080013e0   0x080013e0   0x00000034   Code   RO           48    .text.IMU_Sample_Start  imu.o
    0x08001414   0x08001414   0x000000b8   Code   RO            6    .text.LED_Blink     cyberrypotter.o
    0x080014cc   0x080014cc   0x0000009c   Code   RO          200    .text.MPU6050_Init  mpu6050.o
    0x08001568   0x08001568   0x000000ac   Code   RO         1185    .text.MaxPool       nnom_maxpool.o
    0x08001614   0x08001614   0x0000005c   Code   RO           70    .text.Model_LED     main.o
    0x08001670   0x08001670   0x00000060   Code   RO         1373    .text.NVIC_Init     misc.o
    0x080016d0   0x080016d0   0x00000014   Code   RO         1371    .text.NVIC_PriorityGroupConfig  misc.o
    0x080016e4   0x080016e4   0x00000018   Code   RO         2083    .text.RCC_APB1PeriphClockCmd  stm32f10x_rcc.o
    0x080016fc   0x080016fc   0x00000018   Code   RO         2081    .text.RCC_APB2PeriphClockCmd  stm32f10x_rcc.o
    0x08001714   0x08001714   0x0000009a   Code   RO         2077    .text.RCC_GetClocksFreq  stm32f10x_rcc.o
    0x080017ae   0x080017ae   0x00000002   PAD
    0x080017b0   0x080017b0   0x00000004   Code   RO         2581    .text.SetSysClock   system_stm32f10x.o
    0x080017b4   0x080017b4   0x000000ca   Code   RO         2585    .text.SetSysClockTo72  system_stm32f10x.o
    0x0800187e   0x0800187e   0x00000002   PAD
    0x08001880   0x08001880   0x00000056   Code   RO         1276    .text.Softmax       nnom_softmax.o
    0x080018d6   0x080018d6   0x00000002   PAD
    0x080018d8   0x080018d8   0x00000056   Code   RO         2579    .text.SystemInit    system_stm32f10x.o
    0x0800192e   0x0800192e   0x00000002   PAD
    0x08001930   0x08001930   0x00000034   Code   RO            2    .text.System_Init   cyberrypotter.o
    0x08001964   0x08001964   0x000000e0   Code   RO           12    .text.TIM4_IRQHandler  cyberrypotter.o
    0x08001a44   0x08001a44   0x00000006   Code   RO         2457    .text.TIM_ClearFlag  stm32f10x_tim.o
    0x08001a4a   0x08001a4a   0x00000002   PAD
    0x08001a4c   0x08001a4c   0x00000006   Code   RO         2461    .text.TIM_ClearITPendingBit  stm32f10x_tim.o
    0x08001a52   0x08001a52   0x00000002   PAD
    0x08001a54   0x08001a54   0x00000012   Code   RO         2323    .text.TIM_Cmd       stm32f10x_tim.o
    0x08001a66   0x08001a66   0x00000002   PAD
    0x08001a68   0x08001a68   0x00000014   Code   RO         2459    .text.TIM_GetITStatus  stm32f10x_tim.o
    0x08001a7c   0x08001a7c   0x00000012   Code   RO         2327    .text.TIM_ITConfig  stm32f10x_tim.o
    0x08001a8e   0x08001a8e   0x00000002   PAD
    0x08001a90   0x08001a90   0x000000aa   Code   RO         2283    .text.TIM_TimeBaseInit  stm32f10x_tim.o
    0x08001b3a   0x08001b3a   0x00000002   PAD
    0x08001b3c   0x08001b3c   0x00000012   Code   RO         2484    .text.USART_Cmd     stm32f10x_usart.o
    0x08001b4e   0x08001b4e   0x00000002   PAD
    0x08001b50   0x08001b50   0x00000038   Code   RO         2486    .text.USART_ITConfig  stm32f10x_usart.o
    0x08001b88   0x08001b88   0x000000ac   Code   RO         2476    .text.USART_Init    stm32f10x_usart.o
    0x08001c34   0x08001c34   0x00000012   Code   RO          439    .text.__NNOM_SSAT   nnom_local.o
    0x08001c46   0x08001c46   0x00000002   PAD
    0x08001c48   0x08001c48   0x0000001c   Code   RO          526    .text.__NNOM_SSAT   nnom_local_q15.o
    0x08001c64   0x08001c64   0x00000012   Code   RO          469    .text.__NNOM_USAT   nnom_local.o
    0x08001c76   0x08001c76   0x00000002   PAD
    0x08001c78   0x08001c78   0x00000024   Code   RO          202    .text.__NVIC_SystemReset  mpu6050.o
    0x08001c9c   0x08001c9c   0x000000a4   Code   RO          305    .text.accel_self_test  inv_mpu.o
    0x08001d40   0x08001d40   0x0000000e   Code   RO          861    .text.act_get_dec_bit  nnom_activation.o
    0x08001d4e   0x08001d4e   0x00000002   PAD
    0x08001d50   0x08001d50   0x00000022   Code   RO          821    .text.act_relu      nnom_activation.o
    0x08001d72   0x08001d72   0x00000002   PAD
    0x08001d74   0x08001d74   0x00000032   Code   RO          643    .text.allocate_block  nnom.o
    0x08001da6   0x08001da6   0x00000002   PAD
    0x08001da8   0x08001da8   0x00000022   Code   RO          683    .text.allocate_hook  nnom.o
    0x08001dca   0x08001dca   0x00000002   PAD
    0x08001dcc   0x08001dcc   0x0000002a   Code   RO          685    .text.allocate_io   nnom.o
    0x08001df6   0x08001df6   0x00000002   PAD
    0x08001df8   0x08001df8   0x00000028   Code   RO          657    .text.block_mem_set  nnom.o
    0x08001e20   0x08001e20   0x000000b0   Code   RO          681    .text.check_model_version  nnom.o
    0x08001ed0   0x08001ed0   0x0000023c   Code   RO          641    .text.compile_layers  nnom.o
    0x0800210c   0x0800210c   0x000000fe   Code   RO          935    .text.conv2d_build  nnom_conv2d.o
    0x0800220a   0x0800220a   0x00000002   PAD
    0x0800220c   0x0800220c   0x0000001c   Code   RO          937    .text.conv2d_free   nnom_conv2d.o
    0x08002228   0x08002228   0x000000de   Code   RO          933    .text.conv2d_run    nnom_conv2d.o
    0x08002306   0x08002306   0x00000002   PAD
    0x08002308   0x08002308   0x0000014c   Code   RO          931    .text.conv2d_s      nnom_conv2d.o
    0x08002454   0x08002454   0x00000020   Code   RO          941    .text.conv_output_length  nnom_conv2d.o
    0x08002474   0x08002474   0x0000004a   Code   RO          899    .text.default_build  nnom_baselayer.o
    0x080024be   0x080024be   0x00000002   PAD
    0x080024c0   0x080024c0   0x0000000a   Code   RO          746    .text.delete_tensor  nnom_tensor.o
    0x080024ca   0x080024ca   0x00000002   PAD
    0x080024cc   0x080024cc   0x000000d0   Code   RO          998    .text.dense_build   nnom_dense.o
    0x0800259c   0x0800259c   0x0000001c   Code   RO         1000    .text.dense_free    nnom_dense.o
    0x080025b8   0x080025b8   0x0000005a   Code   RO          996    .text.dense_run     nnom_dense.o
    0x08002612   0x08002612   0x00000002   PAD
    0x08002614   0x08002614   0x00000088   Code   RO          994    .text.dense_s       nnom_dense.o
    0x0800269c   0x0800269c   0x0000000a   Code   RO          719    .text.dilation      nnom_layers.o
    0x080026a6   0x080026a6   0x00000002   PAD
    0x080026a8   0x080026a8   0x0000002c   Code   RO          382    .text.dmp_enable_6x_lp_quat  inv_mpu_dmp_motion_driver.o
    0x080026d4   0x080026d4   0x000001fe   Code   RO          376    .text.dmp_enable_feature  inv_mpu_dmp_motion_driver.o
    0x080028d2   0x080028d2   0x00000002   PAD
    0x080028d4   0x080028d4   0x0000004a   Code   RO          378    .text.dmp_enable_gyro_cal  inv_mpu_dmp_motion_driver.o
    0x0800291e   0x0800291e   0x00000002   PAD
    0x08002920   0x08002920   0x0000002c   Code   RO          380    .text.dmp_enable_lp_quat  inv_mpu_dmp_motion_driver.o
    0x0800294c   0x0800294c   0x00000016   Code   RO          340    .text.dmp_load_motion_driver_firmware  inv_mpu_dmp_motion_driver.o
    0x08002962   0x08002962   0x00000002   PAD
    0x08002964   0x08002964   0x000000c2   Code   RO          346    .text.dmp_set_accel_bias  inv_mpu_dmp_motion_driver.o
    0x08002a26   0x08002a26   0x00000002   PAD
    0x08002a28   0x08002a28   0x0000005a   Code   RO          348    .text.dmp_set_fifo_rate  inv_mpu_dmp_motion_driver.o
    0x08002a82   0x08002a82   0x00000002   PAD
    0x08002a84   0x08002a84   0x000000da   Code   RO          344    .text.dmp_set_gyro_bias  inv_mpu_dmp_motion_driver.o
    0x08002b5e   0x08002b5e   0x00000002   PAD
    0x08002b60   0x08002b60   0x00000108   Code   RO          342    .text.dmp_set_orientation  inv_mpu_dmp_motion_driver.o
    0x08002c68   0x08002c68   0x0000003e   Code   RO          362    .text.dmp_set_shake_reject_thresh  inv_mpu_dmp_motion_driver.o
    0x08002ca6   0x08002ca6   0x00000002   PAD
    0x08002ca8   0x08002ca8   0x0000002e   Code   RO          364    .text.dmp_set_shake_reject_time  inv_mpu_dmp_motion_driver.o
    0x08002cd6   0x08002cd6   0x00000002   PAD
    0x08002cd8   0x08002cd8   0x0000002e   Code   RO          366    .text.dmp_set_shake_reject_timeout  inv_mpu_dmp_motion_driver.o
    0x08002d06   0x08002d06   0x00000002   PAD
    0x08002d08   0x08002d08   0x00000042   Code   RO          354    .text.dmp_set_tap_axes  inv_mpu_dmp_motion_driver.o
    0x08002d4a   0x08002d4a   0x00000002   PAD
    0x08002d4c   0x08002d4c   0x0000002a   Code   RO          356    .text.dmp_set_tap_count  inv_mpu_dmp_motion_driver.o
    0x08002d76   0x08002d76   0x00000002   PAD
    0x08002d78   0x08002d78   0x0000011e   Code   RO          352    .text.dmp_set_tap_thresh  inv_mpu_dmp_motion_driver.o
    0x08002e96   0x08002e96   0x00000002   PAD
    0x08002e98   0x08002e98   0x0000002e   Code   RO          358    .text.dmp_set_tap_time  inv_mpu_dmp_motion_driver.o
    0x08002ec6   0x08002ec6   0x00000002   PAD
    0x08002ec8   0x08002ec8   0x0000002e   Code   RO          360    .text.dmp_set_tap_time_multi  inv_mpu_dmp_motion_driver.o
    0x08002ef6   0x08002ef6   0x00000002   PAD
    0x08002ef8   0x08002ef8   0x00000020   Code   RO          665    .text.find_last     nnom.o
    0x08002f18   0x08002f18   0x00000050   Code   RO         1040    .text.flatten_build  nnom_flatten.o
    0x08002f68   0x08002f68   0x00000004   Code   RO         1038    .text.flatten_run   nnom_flatten.o
    0x08002f6c   0x08002f6c   0x00000010   Code   RO         1034    .text.flatten_s     nnom_flatten.o
    0x08002f7c   0x08002f7c   0x00000014   Code   RO          148    .text.fputc         hardware.o
    0x08002f90   0x08002f90   0x000000c8   Code   RO          323    .text.get_accel_prod_shift  inv_mpu.o
    0x08003058   0x08003058   0x00000378   Code   RO          303    .text.get_st_biases  inv_mpu.o
    0x080033d0   0x080033d0   0x0000010e   Code   RO          307    .text.gyro_self_test  inv_mpu.o
    0x080034de   0x080034de   0x00000002   PAD
    0x080034e0   0x080034e0   0x0000002c   Code   RO         1101    .text.input_build   nnom_input.o
    0x0800350c   0x0800350c   0x0000001c   Code   RO         1099    .text.input_run     nnom_input.o
    0x08003528   0x08003528   0x000000fe   Code   RO         1097    .text.input_s       nnom_input.o
    0x08003626   0x08003626   0x00000002   PAD
    0x08003628   0x08003628   0x0000002a   Code   RO          204    .text.inv_orientation_matrix_to_scalar  mpu6050.o
    0x08003652   0x08003652   0x00000002   PAD
    0x08003654   0x08003654   0x00000046   Code   RO          208    .text.inv_row_2_scale  mpu6050.o
    0x0800369a   0x0800369a   0x00000002   PAD
    0x0800369c   0x0800369c   0x00000006   Code   RO          723    .text.io_init       nnom_layers.o
    0x080036a2   0x080036a2   0x00000002   PAD
    0x080036a4   0x080036a4   0x0000001a   Code   RO          687    .text.io_mem_size   nnom.o
    0x080036be   0x080036be   0x00000002   PAD
    0x080036c0   0x080036c0   0x0000000a   Code   RO          715    .text.kernel        nnom_layers.o
    0x080036ca   0x080036ca   0x00000002   PAD
    0x080036cc   0x080036cc   0x00000044   Code   RO          671    .text.layer_run     nnom.o
    0x08003710   0x08003710   0x0000001a   Code   RO          645    .text.layer_shortcut_add  nnom.o
    0x0800372a   0x0800372a   0x00000002   PAD
    0x0800372c   0x0800372c   0x00000254   Code   RO          534    .text.local_convolve_HWC_q15_nonsquare  nnom_local_q15.o
    0x08003980   0x08003980   0x0000023a   Code   RO          437    .text.local_convolve_HWC_q7_nonsquare  nnom_local.o
    0x08003bba   0x08003bba   0x00000002   PAD
    0x08003bbc   0x08003bbc   0x0000027a   Code   RO          463    .text.local_fully_connected_q7_opt  nnom_local.o
    0x08003e36   0x08003e36   0x00000002   PAD
    0x08003e38   0x08003e38   0x00000104   Code   RO          425    .text.local_maxpool_q7_HWC  nnom_local.o
    0x08003f3c   0x08003f3c   0x00000022   Code   RO          570    .text.local_relu_q15  nnom_local_q15.o
    0x08003f5e   0x08003f5e   0x00000002   PAD
    0x08003f60   0x08003f60   0x00000022   Code   RO          479    .text.local_relu_q7  nnom_local.o
    0x08003f82   0x08003f82   0x00000002   PAD
    0x08003f84   0x08003f84   0x000000a2   Code   RO          467    .text.local_softmax_q7  nnom_local.o
    0x08004026   0x08004026   0x00000002   PAD
    0x08004028   0x08004028   0x000000c0   Code   RO           72    .text.main          main.o
    0x080040e8   0x080040e8   0x00000094   Code   RO         1189    .text.maxpool_build  nnom_maxpool.o
    0x0800417c   0x0800417c   0x00000066   Code   RO         1187    .text.maxpool_run   nnom_maxpool.o
    0x080041e2   0x080041e2   0x00000002   PAD
    0x080041e4   0x080041e4   0x00000060   Code   RO         1183    .text.maxpool_s     nnom_maxpool.o
    0x08004244   0x08004244   0x00000094   Code   RO          655    .text.mem_analysis_result  nnom.o
    0x080042d8   0x080042d8   0x00000006   Code   RO          631    .text.model_active  nnom.o
    0x080042de   0x080042de   0x00000002   PAD
    0x080042e0   0x080042e0   0x00000038   Code   RO          623    .text.model_add     nnom.o
    0x08004318   0x08004318   0x000001a8   Code   RO          663    .text.model_compile  nnom.o
    0x080044c0   0x080044c0   0x00000080   Code   RO           66    .text.model_feed_data  main.o
    0x08004540   0x08004540   0x0000008c   Code   RO           68    .text.model_get_output  main.o
    0x080045cc   0x080045cc   0x00000028   Code   RO          625    .text.model_hook    nnom.o
    0x080045f4   0x080045f4   0x0000000a   Code   RO          627    .text.model_merge   nnom.o
    0x080045fe   0x080045fe   0x00000002   PAD
    0x08004600   0x08004600   0x0000003a   Code   RO          629    .text.model_mergex  nnom.o
    0x0800463a   0x0800463a   0x00000002   PAD
    0x0800463c   0x0800463c   0x00000006   Code   RO          675    .text.model_run     nnom.o
    0x08004642   0x08004642   0x00000002   PAD
    0x08004644   0x08004644   0x00000110   Code   RO          673    .text.model_run_to  nnom.o
    0x08004754   0x08004754   0x00000024   Code   RO          667    .text.model_set_ops  nnom.o
    0x08004778   0x08004778   0x0000005c   Code   RO          239    .text.mpu_configure_fifo  inv_mpu.o
    0x080047d4   0x080047d4   0x0000003c   Code   RO          271    .text.mpu_get_accel_fsr  inv_mpu.o
    0x08004810   0x08004810   0x0000004c   Code   RO          283    .text.mpu_get_accel_sens  inv_mpu.o
    0x0800485c   0x0800485c   0x00000010   Code   RO          285    .text.mpu_get_fifo_config  inv_mpu.o
    0x0800486c   0x0800486c   0x00000032   Code   RO          269    .text.mpu_get_gyro_fsr  inv_mpu.o
    0x0800489e   0x0800489e   0x00000002   PAD
    0x080048a0   0x080048a0   0x00000044   Code   RO          281    .text.mpu_get_gyro_sens  inv_mpu.o
    0x080048e4   0x080048e4   0x00000038   Code   RO          273    .text.mpu_get_lpf   inv_mpu.o
    0x0800491c   0x0800491c   0x00000020   Code   RO          275    .text.mpu_get_sample_rate  inv_mpu.o
    0x0800493c   0x0800493c   0x000000d6   Code   RO          229    .text.mpu_init      inv_mpu.o
    0x08004a12   0x08004a12   0x00000002   PAD
    0x08004a14   0x08004a14   0x000000ca   Code   RO          313    .text.mpu_load_firmware  inv_mpu.o
    0x08004ade   0x08004ade   0x00000002   PAD
    0x08004ae0   0x08004ae0   0x000000cc   Code   RO          245    .text.mpu_lp_accel_mode  inv_mpu.o
    0x08004bac   0x08004bac   0x0000006c   Code   RO          311    .text.mpu_read_mem  inv_mpu.o
    0x08004c18   0x08004c18   0x00000174   Code   RO          267    .text.mpu_reset_fifo  inv_mpu.o
    0x08004d8c   0x08004d8c   0x00000112   Code   RO          299    .text.mpu_run_self_test  inv_mpu.o
    0x08004e9e   0x08004e9e   0x00000002   PAD
    0x08004ea0   0x08004ea0   0x0000007a   Code   RO          233    .text.mpu_set_accel_fsr  inv_mpu.o
    0x08004f1a   0x08004f1a   0x00000002   PAD
    0x08004f1c   0x08004f1c   0x000000e0   Code   RO          241    .text.mpu_set_bypass  inv_mpu.o
    0x08004ffc   0x08004ffc   0x0000008c   Code   RO          301    .text.mpu_set_dmp_state  inv_mpu.o
    0x08005088   0x08005088   0x00000082   Code   RO          231    .text.mpu_set_gyro_fsr  inv_mpu.o
    0x0800510a   0x0800510a   0x00000002   PAD
    0x0800510c   0x0800510c   0x0000006e   Code   RO          247    .text.mpu_set_int_latched  inv_mpu.o
    0x0800517a   0x0800517a   0x00000002   PAD
    0x0800517c   0x0800517c   0x0000006e   Code   RO          235    .text.mpu_set_lpf   inv_mpu.o
    0x080051ea   0x080051ea   0x00000002   PAD
    0x080051ec   0x080051ec   0x00000092   Code   RO          237    .text.mpu_set_sample_rate  inv_mpu.o
    0x0800527e   0x0800527e   0x00000002   PAD
    0x08005280   0x08005280   0x000000c4   Code   RO          243    .text.mpu_set_sensors  inv_mpu.o
    0x08005344   0x08005344   0x0000006c   Code   RO          309    .text.mpu_write_mem  inv_mpu.o
    0x080053b0   0x080053b0   0x00000058   Code   RO          621    .text.new_model     nnom.o
    0x08005408   0x08005408   0x00000090   Code   RO          744    .text.new_tensor    nnom_tensor.o
    0x08005498   0x08005498   0x00000012   Code   RO          613    .text.nnom_alignto  nnom.o
    0x080054aa   0x080054aa   0x00000002   PAD
    0x080054ac   0x080054ac   0x00000002   Code   RO          615    .text.nnom_free     nnom.o
    0x080054ae   0x080054ae   0x00000002   PAD
    0x080054b0   0x080054b0   0x00000016   Code   RO          639    .text.nnom_hook_length  nnom.o
    0x080054c6   0x080054c6   0x00000002   PAD
    0x080054c8   0x080054c8   0x00000054   Code   RO          611    .text.nnom_malloc   nnom.o
    0x0800551c   0x0800551c   0x0000002c   Code   RO          617    .text.nnom_mem      nnom.o
    0x08005548   0x08005548   0x000000da   Code   RO           74    .text.nnom_model_create  main.o
    0x08005622   0x08005622   0x00000002   PAD
    0x08005624   0x08005624   0x00000022   Code   RO          609    .text.nnom_set_static_buf  nnom.o
    0x08005646   0x08005646   0x00000002   PAD
    0x08005648   0x08005648   0x00000020   Code   RO         1204    .text.output_run    nnom_output.o
    0x08005668   0x08005668   0x00000032   Code   RO         1202    .text.output_s      nnom_output.o
    0x0800569a   0x0800569a   0x00000002   PAD
    0x0800569c   0x0800569c   0x00000214   Code   RO          647    .text.print_layer_info  nnom.o
    0x080058b0   0x080058b0   0x00000058   Code   RO          649    .text.print_memory_block_info  nnom.o
    0x08005908   0x08005908   0x00000016   Code   RO          689    .text.release_block  nnom.o
    0x0800591e   0x0800591e   0x00000002   PAD
    0x08005920   0x08005920   0x0000000e   Code   RO          651    .text.release_comp_mem  nnom.o
    0x0800592e   0x0800592e   0x00000002   PAD
    0x08005930   0x08005930   0x0000001a   Code   RO          653    .text.release_input_mem  nnom.o
    0x0800594a   0x0800594a   0x00000002   PAD
    0x0800594c   0x0800594c   0x0000002c   Code   RO          843    .text.relu_run      nnom_activation.o
    0x08005978   0x08005978   0x00000084   Code   RO          206    .text.run_self_test  mpu6050.o
    0x080059fc   0x080059fc   0x00000054   Code   RO          287    .text.set_int_enable  inv_mpu.o
    0x08005a50   0x08005a50   0x00000044   Code   RO          661    .text.set_tailed_activation  nnom.o
    0x08005a94   0x08005a94   0x00000008   Code   RO          713    .text.shape         nnom_layers.o
    0x08005a9c   0x08005a9c   0x0000003a   Code   RO         1280    .text.softmax_build  nnom_softmax.o
    0x08005ad6   0x08005ad6   0x00000002   PAD
    0x08005ad8   0x08005ad8   0x00000024   Code   RO         1278    .text.softmax_run   nnom_softmax.o
    0x08005afc   0x08005afc   0x00000010   Code   RO         1274    .text.softmax_s     nnom_softmax.o
    0x08005b0c   0x08005b0c   0x0000000a   Code   RO          717    .text.stride        nnom_layers.o
    0x08005b16   0x08005b16   0x00000002   PAD
    0x08005b18   0x08005b18   0x00000058   Code   RO          752    .text.tensor_cpy_attr  nnom_tensor.o
    0x08005b70   0x08005b70   0x0000000e   Code   RO          742    .text.tensor_get_num_channel  nnom_tensor.o
    0x08005b7e   0x08005b7e   0x00000002   PAD
    0x08005b80   0x08005b80   0x00000034   Code   RO          659    .text.tensor_mem_set  nnom.o
    0x08005bb4   0x08005bb4   0x0000004c   Code   RO          750    .text.tensor_set_attr  nnom_tensor.o
    0x08005c00   0x08005c00   0x00000026   Code   RO          748    .text.tensor_set_attr_v  nnom_tensor.o
    0x08005c26   0x08005c26   0x00000002   PAD
    0x08005c28   0x08005c28   0x0000002e   Code   RO          738    .text.tensor_size   nnom_tensor.o
    0x08005c56   0x08005c56   0x00000002   PAD
    0x08005c58   0x08005c58   0x00000020   Code   RO         2864    i.__0printf         mc_w.l(printfa.o)
    0x08005c78   0x08005c78   0x0000000e   Code   RO         2968    i.__scatterload_copy  mc_w.l(handlers.o)
    0x08005c86   0x08005c86   0x00000002   Code   RO         2969    i.__scatterload_null  mc_w.l(handlers.o)
    0x08005c88   0x08005c88   0x0000000e   Code   RO         2970    i.__scatterload_zeroinit  mc_w.l(handlers.o)
    0x08005c96   0x08005c96   0x00000002   PAD
    0x08005c98   0x08005c98   0x00000184   Code   RO         2871    i._fp_digits        mc_w.l(printfa.o)
    0x08005e1c   0x08005e1c   0x000006dc   Code   RO         2872    i._printf_core      mc_w.l(printfa.o)
    0x080064f8   0x080064f8   0x00000024   Code   RO         2873    i._printf_post_padding  mc_w.l(printfa.o)
    0x0800651c   0x0800651c   0x0000002e   Code   RO         2874    i._printf_pre_padding  mc_w.l(printfa.o)
    0x0800654a   0x0800654a   0x00000002   PAD
    0x0800654c   0x0800654c   0x0000000c   Code   RO         2610    i.putchar           mc_w.l(putchar.o)
    0x08006558   0x08006558   0x00000024   Code   RO         2606    i.puts              mc_w.l(puts.o)
    0x0800657c   0x0800657c   0x00000094   Code   RO         2599    i.round             m_ws.l(round.o)
    0x08006610   0x08006610   0x00000004   Data   RO         2102    .rodata.ADCPrescTable  stm32f10x_rcc.o
    0x08006614   0x08006614   0x00000010   Data   RO         2101    .rodata.APBAHBPrescTable  stm32f10x_rcc.o
    0x08006624   0x08006624   0x00000004   Data   RO          107    .rodata.conv1d_1_bias_shift  main.o
    0x08006628   0x08006628   0x00000028   Data   RO          108    .rodata.conv1d_1_config  main.o
    0x08006650   0x08006650   0x00000004   Data   RO          106    .rodata.conv1d_1_output_shift  main.o
    0x08006654   0x08006654   0x00000004   Data   RO           94    .rodata.conv1d_bias_shift  main.o
    0x08006658   0x08006658   0x00000028   Data   RO           95    .rodata.conv1d_config  main.o
    0x08006680   0x08006680   0x00000004   Data   RO           93    .rodata.conv1d_output_shift  main.o
    0x08006684   0x08006684   0x00000040   Data   RO          692    .rodata.default_activation_names  nnom.o
    0x080066c4   0x080066c4   0x00000020   Data   RO          693    .rodata.default_cell_names  nnom.o
    0x080066e4   0x080066e4   0x0000018c   Data   RO          691    .rodata.default_layer_names  nnom.o
    0x08006870   0x08006870   0x00000004   Data   RO          122    .rodata.dense_bias_shift  main.o
    0x08006874   0x08006874   0x00000018   Data   RO          123    .rodata.dense_config  main.o
    0x0800688c   0x0800688c   0x00000004   Data   RO          121    .rodata.dense_output_shift  main.o
    0x08006890   0x08006890   0x00000bf6   Data   RO          396    .rodata.dmp_memory  inv_mpu_dmp_motion_driver.o
    0x08007486   0x08007486   0x0000000c   Data   RO          399    .rodata.dmp_set_fifo_rate.regs_end  inv_mpu_dmp_motion_driver.o
    0x08007492   0x08007492   0x00000002   PAD
    0x08007494   0x08007494   0x00000004   Data   RO          110    .rodata.flatten_config  main.o
    0x08007498   0x08007498   0x0000000c   Data   RO          326    .rodata.hw          inv_mpu.o
    0x080074a4   0x080074a4   0x00000008   Data   RO           82    .rodata.input_1_config  main.o
    0x080074ac   0x080074ac   0x00000010   Data   RO          109    .rodata.max_pooling1d_config  main.o
    0x080074bc   0x080074bc   0x00000008   Data   RO          130    .rodata.output0_config  main.o
    0x080074c4   0x080074c4   0x0000001e   Data   RO          325    .rodata.reg         inv_mpu.o
    0x080074e2   0x080074e2   0x00000002   PAD
    0x080074e4   0x080074e4   0x00000004   Data   RO          124    .rodata.softmax_config  main.o
    0x080074e8   0x080074e8   0x00000044   Data   RO           81    .rodata.str1.1      main.o
    0x0800752c   0x0800752c   0x00000154   Data   RO          698    .rodata.str1.1      nnom.o
    0x08007680   0x08007680   0x00000202   Data   RO          699    .rodata.str1.16     nnom.o
    0x08007882   0x08007882   0x00000002   PAD
    0x08007884   0x08007884   0x00000018   Data   RO          105    .rodata.tensor_conv1d_1_bias_0  main.o
    0x0800789c   0x0800789c   0x0000000f   Data   RO          101    .rodata.tensor_conv1d_1_bias_0_data  main.o
    0x080078ab   0x080078ab   0x00000001   PAD
    0x080078ac   0x080078ac   0x00000004   Data   RO          103    .rodata.tensor_conv1d_1_bias_0_dec  main.o
    0x080078b0   0x080078b0   0x00000002   Data   RO          102    .rodata.tensor_conv1d_1_bias_0_dim  main.o
    0x080078b2   0x080078b2   0x00000002   PAD
    0x080078b4   0x080078b4   0x00000004   Data   RO          104    .rodata.tensor_conv1d_1_bias_0_offset  main.o
    0x080078b8   0x080078b8   0x00000018   Data   RO          100    .rodata.tensor_conv1d_1_kernel_0  main.o
    0x080078d0   0x080078d0   0x00000546   Data   RO           96    .rodata.tensor_conv1d_1_kernel_0_data  main.o
    0x08007e16   0x08007e16   0x00000002   PAD
    0x08007e18   0x08007e18   0x00000004   Data   RO           98    .rodata.tensor_conv1d_1_kernel_0_dec  main.o
    0x08007e1c   0x08007e1c   0x00000006   Data   RO           97    .rodata.tensor_conv1d_1_kernel_0_dim  main.o
    0x08007e22   0x08007e22   0x00000002   PAD
    0x08007e24   0x08007e24   0x00000004   Data   RO           99    .rodata.tensor_conv1d_1_kernel_0_offset  main.o
    0x08007e28   0x08007e28   0x00000018   Data   RO           92    .rodata.tensor_conv1d_bias_0  main.o
    0x08007e40   0x08007e40   0x0000001e   Data   RO           88    .rodata.tensor_conv1d_bias_0_data  main.o
    0x08007e5e   0x08007e5e   0x00000002   PAD
    0x08007e60   0x08007e60   0x00000004   Data   RO           90    .rodata.tensor_conv1d_bias_0_dec  main.o
    0x08007e64   0x08007e64   0x00000002   Data   RO           89    .rodata.tensor_conv1d_bias_0_dim  main.o
    0x08007e66   0x08007e66   0x00000002   PAD
    0x08007e68   0x08007e68   0x00000004   Data   RO           91    .rodata.tensor_conv1d_bias_0_offset  main.o
    0x08007e6c   0x08007e6c   0x00000018   Data   RO           87    .rodata.tensor_conv1d_kernel_0  main.o
    0x08007e84   0x08007e84   0x0000010e   Data   RO           83    .rodata.tensor_conv1d_kernel_0_data  main.o
    0x08007f92   0x08007f92   0x00000002   PAD
    0x08007f94   0x08007f94   0x00000004   Data   RO           85    .rodata.tensor_conv1d_kernel_0_dec  main.o
    0x08007f98   0x08007f98   0x00000006   Data   RO           84    .rodata.tensor_conv1d_kernel_0_dim  main.o
    0x08007f9e   0x08007f9e   0x00000002   PAD
    0x08007fa0   0x08007fa0   0x00000004   Data   RO           86    .rodata.tensor_conv1d_kernel_0_offset  main.o
    0x08007fa4   0x08007fa4   0x00000018   Data   RO          120    .rodata.tensor_dense_bias_0  main.o
    0x08007fbc   0x08007fbc   0x0000000a   Data   RO          116    .rodata.tensor_dense_bias_0_data  main.o
    0x08007fc6   0x08007fc6   0x00000002   PAD
    0x08007fc8   0x08007fc8   0x00000004   Data   RO          118    .rodata.tensor_dense_bias_0_dec  main.o
    0x08007fcc   0x08007fcc   0x00000002   Data   RO          117    .rodata.tensor_dense_bias_0_dim  main.o
    0x08007fce   0x08007fce   0x00000002   PAD
    0x08007fd0   0x08007fd0   0x00000004   Data   RO          119    .rodata.tensor_dense_bias_0_offset  main.o
    0x08007fd4   0x08007fd4   0x00000018   Data   RO          115    .rodata.tensor_dense_kernel_0  main.o
    0x08007fec   0x08007fec   0x000002ee   Data   RO          111    .rodata.tensor_dense_kernel_0_data  main.o
    0x080082da   0x080082da   0x00000002   PAD
    0x080082dc   0x080082dc   0x00000004   Data   RO          113    .rodata.tensor_dense_kernel_0_dec  main.o
    0x080082e0   0x080082e0   0x00000004   Data   RO          112    .rodata.tensor_dense_kernel_0_dim  main.o
    0x080082e4   0x080082e4   0x00000004   Data   RO          114    .rodata.tensor_dense_kernel_0_offset  main.o
    0x080082e8   0x080082e8   0x00000018   Data   RO           80    .rodata.tensor_input_1  main.o
    0x08008300   0x08008300   0x00000004   Data   RO           77    .rodata.tensor_input_1_dec  main.o
    0x08008304   0x08008304   0x00000004   Data   RO           76    .rodata.tensor_input_1_dim  main.o
    0x08008308   0x08008308   0x00000004   Data   RO           78    .rodata.tensor_input_1_offset  main.o
    0x0800830c   0x0800830c   0x00000018   Data   RO          129    .rodata.tensor_output0  main.o
    0x08008324   0x08008324   0x00000004   Data   RO          126    .rodata.tensor_output0_dec  main.o
    0x08008328   0x08008328   0x00000002   Data   RO          125    .rodata.tensor_output0_dim  main.o
    0x0800832a   0x0800832a   0x00000002   PAD
    0x0800832c   0x0800832c   0x00000004   Data   RO          127    .rodata.tensor_output0_offset  main.o
    0x08008330   0x08008330   0x00000028   Data   RO          327    .rodata.test        inv_mpu.o
    0x08008358   0x08008358   0x00000020   Data   RO         2966    Region$$Table       anon$$obj.o


    Execution Region RW_IRAM1 (Exec base: 0x20000000, Load base: 0x08008378, Size: 0x000034f0, Max: 0x00005000, ABSOLUTE)

    Exec Addr    Load Addr    Size         Type   Attr      Idx    E Section Name        Object

    0x20000000   0x08008378   0x00000004   Data   RW         2940    .data               mc_w.l(stdout.o)
    0x20000004   0x0800837c   0x00000001   Data   RW           19    .data.TIM4_IRQHandler.previous_stuatus  cyberrypotter.o
    0x20000005   0x0800837d   0x00000009   Data   RW          210    .data.gyro_orientation  mpu6050.o
    0x2000000e   0x08008386   0x00000001   Data   RW          131    .data.model_output  main.o
    0x2000000f   0x08008387   0x00000001   PAD
    0x20000010   0x08008388   0x0000002c   Data   RW          328    .data.st            inv_mpu.o
    0x2000003c   0x080083b4   0x00000004   PAD
    0x20000040        -       0x00000018   Zero   RW           17    .bss.Cyberry_Potter_Status  cyberrypotter.o
    0x20000058        -       0x00000708   Zero   RW           53    .bss.IMU_Data_mAcc  imu.o
    0x20000760        -       0x00000708   Zero   RW           54    .bss.IMU_Data_mdAngle  imu.o
    0x20000e68        -       0x0000000c   Zero   RW           52    .bss.IMU_bias       imu.o
    0x20000e74        -       0x00000002   Zero   RW          406    .bss.dmp.2          inv_mpu_dmp_motion_driver.o
    0x20000e76   0x080083b4   0x00000002   PAD
    0x20000e78        -       0x00000002   Zero   RW          407    .bss.dmp.3          inv_mpu_dmp_motion_driver.o
    0x20000e7a   0x080083b4   0x00000002   PAD
    0x20000e7c        -       0x00000002   Zero   RW          408    .bss.dmp.4          inv_mpu_dmp_motion_driver.o
    0x20000e7e        -       0x00000001   Zero   RW          409    .bss.dmp.5          inv_mpu_dmp_motion_driver.o
    0x20000e7f   0x080083b4   0x00000001   PAD
    0x20000e80        -       0x00000002   Zero   RW           16    .bss.i              cyberrypotter.o
    0x20000e82        -       0x000001c2   Zero   RW           79    .bss.nnom_input_data  main.o
    0x20001044        -       0x00000004   Zero   RW          694    .bss.nnom_memory_taken  nnom.o
    0x20001048        -       0x00000088   Zero   RW          133    .bss.nnom_model_create.model  main.o
    0x200010d0        -       0x0000000a   Zero   RW          128    .bss.nnom_output_data  main.o
    0x200010da   0x080083b4   0x00000002   PAD
    0x200010dc        -       0x00000004   Zero   RW          695    .bss.nnom_static_buf  nnom.o
    0x200010e0        -       0x00000004   Zero   RW          697    .bss.nnom_static_buf_curr  nnom.o
    0x200010e4        -       0x00000004   Zero   RW          696    .bss.nnom_static_buf_size  nnom.o
    0x200010e8        -       0x00002000   Zero   RW          132    .bss.static_buf     main.o
    0x200030e8        -       0x00000002   Zero   RW           14    .bss.time_hold_count_ms  cyberrypotter.o
    0x200030ea        -       0x00000002   Zero   RW           15    .bss.time_release_count_ms  cyberrypotter.o
    0x200030ec   0x080083b4   0x00000004   PAD
    0x200030f0        -       0x00000400   Zero   RW         2569    STACK               startup_stm32f10x_md.o


==============================================================================

Image component sizes


      Code (inc. data)   RO Data    RW Data    ZI Data      Debug   Object Name

       720         44          0          1         30       4653   cyberrypotter.o
        64          0          0          0          0       1208   delay.o
       546          0          0          0          0       6390   hardware.o
       512          0          0          0          0       4059   iic.o
       336          0          0          0       3612       2540   imu.o
      4716         26         82         44          0      20747   inv_mpu.o
      2100         16       3074          0          7       9722   inv_mpu_dmp_motion_driver.o
       770         52       2945          1       8788      12112   main.o
       116          0          0          0          0       3610   misc.o
       436         20          0          9          0       2997   mpu6050.o
      3216        632       1346          0         16      17608   nnom.o
        92          0          0          0          0      10234   nnom_activation.o
        74          0          0          0          0       5100   nnom_baselayer.o
       868          0          0          0          0       7797   nnom_conv2d.o
       462          0          0          0          0       6690   nnom_dense.o
       184          0          0          0          0       4966   nnom_flatten.o
       326          0          0          0          0       5576   nnom_input.o
        44          0          0          0          0       5492   nnom_layers.o
      1696          0          0          0          0      36369   nnom_local.o
       658          0          0          0          0      35599   nnom_local_q15.o
       518          0          0          0          0       6070   nnom_maxpool.o
        82          0          0          0          0       4937   nnom_output.o
       196          0          0          0          0       4923   nnom_softmax.o
       416         36          0          0          0       6210   nnom_tensor.o
        36          8        236          0       1024        836   startup_stm32f10x_md.o
       148          0          0          0          0       3149   stm32f10x_exti.o
       262          0          0          0          0       6238   stm32f10x_gpio.o
       202          0         20          0          0       8305   stm32f10x_rcc.o
       238          0          0          0          0      21497   stm32f10x_tim.o
       246          0          0          0          0       8255   stm32f10x_usart.o
       292          0          0          0          0       3159   system_stm32f10x.o

    ----------------------------------------------------------------------
     20760        834       7764         56      13492     277048   Object Totals
         0          0         32          0          0          0   (incl. Generated)
       188          0         29          1         15          0   (incl. Padding)

    ----------------------------------------------------------------------

      Code (inc. data)   RO Data    RW Data    ZI Data      Debug   Library Member Name

       148         12          0          0          0         88   round.o
         0          0          0          0          0          0   entry.o
         0          0          0          0          0          0   entry10a.o
         0          0          0          0          0          0   entry11a.o
         8          4          0          0          0          0   entry2.o
         4          0          0          0          0          0   entry5.o
         0          0          0          0          0          0   entry7b.o
         0          0          0          0          0          0   entry8b.o
         8          4          0          0          0          0   entry9a.o
        30          0          0          0          0          0   handlers.o
        36          8          0          0          0         68   init.o
         0          0          0          0          0          0   iusefp.o
        98          0          0          0          0         84   ldiv.o
        30          0          0          0          0         68   llshl.o
        36          0          0          0          0         68   llsshr.o
        32          0          0          0          0         68   llushr.o
        26          0          0          0          0         80   memcmp.o
        36          0          0          0          0         68   memcpya.o
        36          0          0          0          0        108   memseta.o
      2258         90          0          0          0        452   printfa.o
        12          6          0          0          0         68   putchar.o
        36          6          0          0          0         80   puts.o
         0          0          0          4          0          0   stdout.o
        44          0          0          0          0         80   uidiv.o
        98          0          0          0          0         92   uldiv.o
        48          0          0          0          0         68   cdcmple.o
        48          0          0          0          0         68   cdrcmple.o
        56          0          0          0          0         88   d2f.o
       334          0          0          0          0        148   dadd.o
       222          0          0          0          0        100   ddiv.o
       186          0          0          0          0        176   depilogue.o
        62          0          0          0          0         80   dfixi.o
        48          0          0          0          0         68   dfixul.o
        34          0          0          0          0         76   dflti.o
       228          0          0          0          0         96   dmul.o
       136          4          0          0          0         92   drnd.o
        38          0          0          0          0         68   f2d.o
       176          0          0          0          0        140   fadd.o
        28          0          0          0          0         68   fcmpeq.o
        28          0          0          0          0         68   fcmple.o
        28          0          0          0          0         68   fcmplt.o
       124          0          0          0          0         88   fdiv.o
       110          0          0          0          0        168   fepilogue.o
        50          0          0          0          0         68   ffixi.o
        40          0          0          0          0         68   ffixui.o
        18          0          0          0          0         68   fflti.o
        10          0          0          0          0         68   ffltui.o
       100          0          0          0          0         76   fmul.o

    ----------------------------------------------------------------------
      5132        134          0          4          0       3548   Library Totals
         4          0          0          0          0          0   (incl. Padding)

    ----------------------------------------------------------------------

      Code (inc. data)   RO Data    RW Data    ZI Data      Debug   Library Name

       148         12          0          0          0         88   m_ws.l
      2828        118          0          4          0       1384   mc_w.l
      2152          4          0          0          0       2076   mf_w.l

    ----------------------------------------------------------------------
      5132        134          0          4          0       3548   Library Totals

    ----------------------------------------------------------------------

==============================================================================


      Code (inc. data)   RO Data    RW Data    ZI Data      Debug   

     25892        968       7764         60      13492     278308   Grand Totals
     25892        968       7764         60      13492     278308   ELF Image Totals
     25892        968       7764         60          0          0   ROM Totals

==============================================================================

    Total RO  Size (Code + RO Data)                33656 (  32.87kB)
    Total RW  Size (RW Data + ZI Data)             13552 (  13.23kB)
    Total ROM Size (Code + RO Data + RW Data)      33716 (  32.93kB)

==============================================================================

