Component: ARM Compiler 6.7 Tool: armlink [5c9ef700]

==============================================================================

Section Cross References

    delay.o(.ARM.exidx.text.Delay_us) refers to delay.o(.text.Delay_us) for [Anonymous Symbol]
    delay.o(.text.Delay_ms) refers to delay.o(.text.Delay_us) for Delay_us
    delay.o(.ARM.exidx.text.Delay_ms) refers to delay.o(.text.Delay_ms) for [Anonymous Symbol]
    delay.o(.text.Delay_s) refers to delay.o(.text.Delay_ms) for Delay_ms
    delay.o(.ARM.exidx.text.Delay_s) refers to delay.o(.text.Delay_s) for [Anonymous Symbol]
    imu.o(.text.IMU_Sample_Start) refers to hardware.o(.text.EXTI_Stop) for EXTI_Stop
    imu.o(.text.IMU_Sample_Start) refers to gesalarm.o(.bss.Ges_Alarm_Status) for Ges_Alarm_Status
    imu.o(.text.IMU_Sample_Start) refers to stm32f10x_gpio.o(.text.GPIO_WriteBit) for GPIO_WriteBit
    imu.o(.ARM.exidx.text.IMU_Sample_Start) refers to imu.o(.text.IMU_Sample_Start) for [Anonymous Symbol]
    imu.o(.text.IMU_Get_Data) refers to iic.o(.text.IIC_read) for IIC_read
    imu.o(.text.IMU_Get_Data) refers to imu.o(.bss.IMU_bias) for IMU_bias
    imu.o(.text.IMU_Get_Data) refers to dflti.o(.text) for __aeabi_i2d
    imu.o(.text.IMU_Get_Data) refers to dmul.o(.text) for __aeabi_dmul
    imu.o(.text.IMU_Get_Data) refers to d2f.o(.text) for __aeabi_d2f
    imu.o(.text.IMU_Get_Data) refers to imu.o(.bss.IMU_Data_mAcc) for IMU_Data_mAcc
    imu.o(.text.IMU_Get_Data) refers to ddiv.o(.text) for __aeabi_ddiv
    imu.o(.text.IMU_Get_Data) refers to imu.o(.bss.IMU_Data_mdAngle) for IMU_Data_mdAngle
    imu.o(.ARM.exidx.text.IMU_Get_Data) refers to imu.o(.text.IMU_Get_Data) for [Anonymous Symbol]
    main.o(.text.model_feed_data) refers to main.o(.bss.nnom_input_data) for nnom_input_data
    main.o(.text.model_feed_data) refers to imu.o(.bss.IMU_Data_mAcc) for IMU_Data_mAcc
    main.o(.text.model_feed_data) refers to f2d.o(.text) for __aeabi_f2d
    main.o(.text.model_feed_data) refers to dmul.o(.text) for __aeabi_dmul
    main.o(.text.model_feed_data) refers to round.o(i.round) for round
    main.o(.text.model_feed_data) refers to dfixi.o(.text) for __aeabi_d2iz
    main.o(.ARM.exidx.text.model_feed_data) refers to main.o(.text.model_feed_data) for [Anonymous Symbol]
    main.o(.text.model_get_output) refers to main.o(.bss.nnom_output_data) for nnom_output_data
    main.o(.text.model_get_output) refers to dflti.o(.text) for __aeabi_i2d
    main.o(.text.model_get_output) refers to ddiv.o(.text) for __aeabi_ddiv
    main.o(.text.model_get_output) refers to dmul.o(.text) for __aeabi_dmul
    main.o(.text.model_get_output) refers to printfa.o(i.__0printf) for __2printf
    main.o(.text.model_get_output) refers to putchar.o(i.putchar) for putchar
    main.o(.ARM.exidx.text.model_get_output) refers to main.o(.text.model_get_output) for [Anonymous Symbol]
    main.o(.text.motion_check) refers to myrtc.o(.data.MyRTC_Time) for MyRTC_Time
    main.o(.text.motion_check) refers to delay.o(.text.Delay_ms) for Delay_ms
    main.o(.text.motion_check) refers to oled.o(.text.OLED_Show) for OLED_Show
    main.o(.text.motion_check) refers to alarm.o(.bss.Is_Alarm_On) for Is_Alarm_On
    main.o(.text.motion_check) refers to gesalarm.o(.bss.Ges_Alarm_Status) for Ges_Alarm_Status
    main.o(.text.motion_check) refers to main.o(.data.model_output) for model_output
    main.o(.text.motion_check) refers to imu.o(.text.IMU_Sample_Start) for IMU_Sample_Start
    main.o(.text.motion_check) refers to stm32f10x_gpio.o(.text.GPIO_WriteBit) for GPIO_WriteBit
    main.o(.text.motion_check) refers to main.o(.text.model_feed_data) for model_feed_data
    main.o(.text.motion_check) refers to nnom.o(.text.model_run) for model_run
    main.o(.text.motion_check) refers to main.o(.text.model_get_output) for model_get_output
    main.o(.text.motion_check) refers to printfa.o(i.__0printf) for __2printf
    main.o(.text.motion_check) refers to hardware.o(.text.EXTI_Restore) for EXTI_Restore
    main.o(.text.motion_check) refers to oled.o(.text.OLED_Clear) for OLED_Clear
    main.o(.text.motion_check) refers to myrtc.o(.text.MyRTC_ReadTime) for MyRTC_ReadTime
    main.o(.text.motion_check) refers to puts.o(i.puts) for puts
    main.o(.text.motion_check) refers to delay.o(.text.Delay_s) for Delay_s
    main.o(.text.motion_check) refers to main.o(.data.screenflag) for screenflag
    main.o(.ARM.exidx.text.motion_check) refers to main.o(.text.motion_check) for [Anonymous Symbol]
    main.o(.text.main) refers to gesalarm.o(.text.System_Init) for System_Init
    main.o(.text.main) refers to alarm.o(.text.Serial_Cmd_Init) for Serial_Cmd_Init
    main.o(.text.main) refers to puts.o(i.puts) for puts
    main.o(.text.main) refers to stm32f10x_gpio.o(.text.GPIO_WriteBit) for GPIO_WriteBit
    main.o(.text.main) refers to main.o(.bss.static_buf) for static_buf
    main.o(.text.main) refers to nnom.o(.text.nnom_set_static_buf) for nnom_set_static_buf
[...]
    __ctype_lookup                           0x08001221   Thumb Code    34  ctype_c.o(.text)
    __decompress                             0x08001249   Thumb Code     0  __dczerorl2.o(.text)
    __decompress1                            0x08001249   Thumb Code    86  __dczerorl2.o(.text)
    BKP_ReadBackupRegister                   0x080012a1   Thumb Code    30  stm32f10x_bkp.o(.text.BKP_ReadBackupRegister)
    BKP_WriteBackupRegister                  0x080012c1   Thumb Code    30  stm32f10x_bkp.o(.text.BKP_WriteBackupRegister)
    Delay_ms                                 0x080012e1   Thumb Code    26  delay.o(.text.Delay_ms)
    Delay_s                                  0x080012fd   Thumb Code    26  delay.o(.text.Delay_s)
    Delay_us                                 0x08001319   Thumb Code    38  delay.o(.text.Delay_us)
    EXTI0_IRQHandler                         0x08001341   Thumb Code    50  gesalarm.o(.text.EXTI0_IRQHandler)
    EXTI9_5_IRQHandler                       0x08001375   Thumb Code    86  gesalarm.o(.text.EXTI9_5_IRQHandler)
    EXTI_ClearITPendingBit                   0x080013cd   Thumb Code    12  stm32f10x_exti.o(.text.EXTI_ClearITPendingBit)
    EXTI_GetITStatus                         0x080013d9   Thumb Code    28  stm32f10x_exti.o(.text.EXTI_GetITStatus)
    EXTI_Init                                0x080013f5   Thumb Code   108  stm32f10x_exti.o(.text.EXTI_Init)
    EXTI_Restore                             0x08001461   Thumb Code    34  hardware.o(.text.EXTI_Restore)
    EXTI_Stop                                0x08001485   Thumb Code    34  hardware.o(.text.EXTI_Stop)
    Flatten                                  0x080014a9   Thumb Code    84  nnom_flatten.o(.text.Flatten)
    GPIO_EXTILineConfig                      0x080014fd   Thumb Code    52  stm32f10x_gpio.o(.text.GPIO_EXTILineConfig)
    GPIO_Init                                0x08001531   Thumb Code   184  stm32f10x_gpio.o(.text.GPIO_Init)
    GPIO_ReadInputDataBit                    0x080015e9   Thumb Code    10  stm32f10x_gpio.o(.text.GPIO_ReadInputDataBit)
    GPIO_WriteBit                            0x080015f5   Thumb Code    16  stm32f10x_gpio.o(.text.GPIO_WriteBit)
    Ges_Alarm_System_Status_Update           0x08001605   Thumb Code   124  gesalarm.o(.text.Ges_Alarm_System_Status_Update)
    Hardware_Init                            0x08001681   Thumb Code   472  hardware.o(.text.Hardware_Init)
    IIC_Init                                 0x08001859   Thumb Code    66  iic.o(.text.IIC_Init)
    IIC_Receive_Byte                         0x080018c9   Thumb Code    62  iic.o(.text.IIC_Receive_Byte)
    IIC_Send_Byte                            0x08001921   Thumb Code    38  iic.o(.text.IIC_Send_Byte)
    IIC_read                                 0x080019b9   Thumb Code   106  iic.o(.text.IIC_read)
    IIC_write                                0x08001a25   Thumb Code    66  iic.o(.text.IIC_write)
    IMU_Get_Data                             0x08001a69   Thumb Code   284  imu.o(.text.IMU_Get_Data)
    IMU_Sample_Start                         0x08001b85   Thumb Code    52  imu.o(.text.IMU_Sample_Start)
    LED_Blink                                0x08001bb9   Thumb Code   184  gesalarm.o(.text.LED_Blink)
    MPU6050_Init                             0x08001c71   Thumb Code   156  mpu6050.o(.text.MPU6050_Init)
    MaxPool                                  0x08001d0d   Thumb Code   172  nnom_maxpool.o(.text.MaxPool)
    MyRTC_Init                               0x08001db9   Thumb Code   122  myrtc.o(.text.MyRTC_Init)
    MyRTC_ReadTime                           0x08001e35   Thumb Code    66  myrtc.o(.text.MyRTC_ReadTime)
    MyRTC_SetTime                            0x08001e79   Thumb Code    64  myrtc.o(.text.MyRTC_SetTime)
    NVIC_Init                                0x08001eb9   Thumb Code    96  misc.o(.text.NVIC_Init)
    NVIC_PriorityGroupConfig                 0x08001f19   Thumb Code    20  misc.o(.text.NVIC_PriorityGroupConfig)
    OLED_BMP                                 0x08001f2d   Thumb Code    34  oled.o(.text.OLED_BMP)
    OLED_Clear                               0x08001f51   Thumb Code    46  oled.o(.text.OLED_Clear)
    OLED_DrawBMP                             0x08001f81   Thumb Code    76  oled.o(.text.OLED_DrawBMP)
    OLED_I2C_Init                            0x08001fcd   Thumb Code    90  oled.o(.text.OLED_I2C_Init)
    OLED_I2C_SendByte                        0x08002029   Thumb Code    98  oled.o(.text.OLED_I2C_SendByte)
    OLED_I2C_Start                           0x0800208d   Thumb Code    62  oled.o(.text.OLED_I2C_Start)
    OLED_I2C_Stop                            0x080020cd   Thumb Code    50  oled.o(.text.OLED_I2C_Stop)
    OLED_Init                                0x08002101   Thumb Code   152  oled.o(.text.OLED_Init)
    OLED_Pow                                 0x08002199   Thumb Code    20  oled.o(.text.OLED_Pow)
    OLED_SetCursor                           0x080021ad   Thumb Code    34  oled.o(.text.OLED_SetCursor)
    OLED_Show                                0x080021d1   Thumb Code   416  oled.o(.text.OLED_Show)
    OLED_ShowChar                            0x08002371   Thumb Code   100  oled.o(.text.OLED_ShowChar)
    OLED_ShowNum                             0x080023d5   Thumb Code    82  oled.o(.text.OLED_ShowNum)
    OLED_ShowString                          0x08002429   Thumb Code    46  oled.o(.text.OLED_ShowString)
    OLED_WriteCommand                        0x08002459   Thumb Code    34  oled.o(.text.OLED_WriteCommand)
    OLED_WriteData                           0x0800247d   Thumb Code    34  oled.o(.text.OLED_WriteData)
    Order_Receive                            0x080024a1   Thumb Code   320  alarm.o(.text.Order_Receive)
    PWR_BackupAccessCmd                      0x080025e1   Thumb Code    10  stm32f10x_pwr.o(.text.PWR_BackupAccessCmd)
    QueryAlarm                               0x080025ed   Thumb Code    72  alarm.o(.text.QueryAlarm)
    RCC_APB1PeriphClockCmd                   0x08002635   Thumb Code    24  stm32f10x_rcc.o(.text.RCC_APB1PeriphClockCmd)
    RCC_APB2PeriphClockCmd                   0x0800264d   Thumb Code    24  stm32f10x_rcc.o(.text.RCC_APB2PeriphClockCmd)
    RCC_GetClocksFreq                        0x08002665   Thumb Code   154  stm32f10x_rcc.o(.text.RCC_GetClocksFreq)
    RCC_GetFlagStatus                        0x08002701   Thumb Code    44  stm32f10x_rcc.o(.text.RCC_GetFlagStatus)
    RCC_LSEConfig                            0x0800272d   Thumb Code    38  stm32f10x_rcc.o(.text.RCC_LSEConfig)
    RCC_RTCCLKCmd                            0x08002755   Thumb Code    12  stm32f10x_rcc.o(.text.RCC_RTCCLKCmd)
    RCC_RTCCLKConfig                         0x08002761   Thumb Code    16  stm32f10x_rcc.o(.text.RCC_RTCCLKConfig)
    RTC_EnterConfigMode                      0x08002771   Thumb Code    18  stm32f10x_rtc.o(.text.RTC_EnterConfigMode)
    RTC_ExitConfigMode                       0x08002785   Thumb Code    18  stm32f10x_rtc.o(.text.RTC_ExitConfigMode)
    RTC_GetCounter                           0x08002799   Thumb Code    28  stm32f10x_rtc.o(.text.RTC_GetCounter)
    RTC_SetCounter                           0x080027b5   Thumb Code    30  stm32f10x_rtc.o(.text.RTC_SetCounter)
    RTC_SetPrescaler                         0x080027d5   Thumb Code    32  stm32f10x_rtc.o(.text.RTC_SetPrescaler)
    RTC_WaitForLastTask                      0x080027f5   Thumb Code    18  stm32f10x_rtc.o(.text.RTC_WaitForLastTask)
    RTC_WaitForSynchro                       0x08002809   Thumb Code    26  stm32f10x_rtc.o(.text.RTC_WaitForSynchro)
    RingNow                                  0x08002825   Thumb Code    52  alarm.o(.text.RingNow)
    Serial_Cmd_Init                          0x08002859   Thumb Code    44  alarm.o(.text.Serial_Cmd_Init)
    Serial_Init                              0x08002885   Thumb Code   178  serial.o(.text.Serial_Init)
    Serial_SendByte                          0x08002939   Thumb Code    34  serial.o(.text.Serial_SendByte)
    Serial_SendString                        0x0800295d   Thumb Code    34  serial.o(.text.Serial_SendString)
    SetAlarm                                 0x08002981   Thumb Code    92  alarm.o(.text.SetAlarm)
    SetDate                                  0x080029dd   Thumb Code   104  alarm.o(.text.SetDate)
    SetTime                                  0x08002b15   Thumb Code   104  alarm.o(.text.SetTime)
    Skip                                     0x08002b7d   Thumb Code    48  alarm.o(.text.Skip)
    Softmax                                  0x08002bad   Thumb Code    86  nnom_softmax.o(.text.Softmax)
    Stm32_SoftReset                          0x08002c05   Thumb Code     4  alarm.o(.text.Stm32_SoftReset)
    StopRing                                 0x08002c09   Thumb Code    40  alarm.o(.text.StopRing)
    SystemInit                               0x08002c31   Thumb Code    86  system_stm32f10x.o(.text.SystemInit)
    System_Init                              0x08002c89   Thumb Code    52  gesalarm.o(.text.System_Init)
    TIM4_IRQHandler                          0x08002cbd   Thumb Code   228  gesalarm.o(.text.TIM4_IRQHandler)
    TIM_ClearFlag                            0x08002da1   Thumb Code     6  stm32f10x_tim.o(.text.TIM_ClearFlag)
    TIM_ClearITPendingBit                    0x08002da9   Thumb Code     6  stm32f10x_tim.o(.text.TIM_ClearITPendingBit)
    TIM_Cmd                                  0x08002db1   Thumb Code    18  stm32f10x_tim.o(.text.TIM_Cmd)
    TIM_GetITStatus                          0x08002dc5   Thumb Code    20  stm32f10x_tim.o(.text.TIM_GetITStatus)
    TIM_ITConfig                             0x08002dd9   Thumb Code    18  stm32f10x_tim.o(.text.TIM_ITConfig)
    TIM_TimeBaseInit                         0x08002ded   Thumb Code   170  stm32f10x_tim.o(.text.TIM_TimeBaseInit)
    USART1_IRQHandler                        0x08002e99   Thumb Code   188  serial.o(.text.USART1_IRQHandler)
    USART_ClearITPendingBit                  0x08002f55   Thumb Code    14  stm32f10x_usart.o(.text.USART_ClearITPendingBit)
    USART_Cmd                                0x08002f65   Thumb Code    18  stm32f10x_usart.o(.text.USART_Cmd)
    USART_GetFlagStatus                      0x08002f79   Thumb Code    10  stm32f10x_usart.o(.text.USART_GetFlagStatus)
    USART_GetITStatus                        0x08002f85   Thumb Code    64  stm32f10x_usart.o(.text.USART_GetITStatus)
    USART_ITConfig                           0x08002fc5   Thumb Code    56  stm32f10x_usart.o(.text.USART_ITConfig)
    USART_Init                               0x08002ffd   Thumb Code   172  stm32f10x_usart.o(.text.USART_Init)
    USART_ReceiveData                        0x080030a9   Thumb Code     8  stm32f10x_usart.o(.text.USART_ReceiveData)
    USART_SendData                           0x080030b1   Thumb Code     8  stm32f10x_usart.o(.text.USART_SendData)
    act_get_dec_bit                          0x080031e9   Thumb Code    14  nnom_activation.o(.text.act_get_dec_bit)
    act_relu                                 0x080031f9   Thumb Code    34  nnom_activation.o(.text.act_relu)
    block_mem_set                            0x08003291   Thumb Code    40  nnom.o(.text.block_mem_set)
    check_model_version                      0x080032b9   Thumb Code    18  nnom.o(.text.check_model_version)
    compile_layers                           0x080032cd   Thumb Code   552  nnom.o(.text.compile_layers)
    conv2d_build                             0x080034f5   Thumb Code   254  nnom_conv2d.o(.text.conv2d_build)
    conv2d_free                              0x080035f5   Thumb Code    28  nnom_conv2d.o(.text.conv2d_free)
    conv2d_run                               0x08003611   Thumb Code   222  nnom_conv2d.o(.text.conv2d_run)
    conv2d_s                                 0x080036f1   Thumb Code   332  nnom_conv2d.o(.text.conv2d_s)
    conv_output_length                       0x0800383d   Thumb Code    32  nnom_conv2d.o(.text.conv_output_length)
    default_build                            0x0800385d   Thumb Code    74  nnom_baselayer.o(.text.default_build)
    delete_tensor                            0x080038a9   Thumb Code    10  nnom_tensor.o(.text.delete_tensor)
    dense_build                              0x080038b5   Thumb Code   208  nnom_dense.o(.text.dense_build)
    dense_free                               0x08003985   Thumb Code    28  nnom_dense.o(.text.dense_free)
    dense_run                                0x080039a1   Thumb Code    90  nnom_dense.o(.text.dense_run)
    dense_s                                  0x080039fd   Thumb Code   136  nnom_dense.o(.text.dense_s)
    dilation                                 0x08003a85   Thumb Code    10  nnom_layers.o(.text.dilation)
    dmp_enable_6x_lp_quat                    0x08003a91   Thumb Code    44  inv_mpu_dmp_motion_driver.o(.text.dmp_enable_6x_lp_quat)
    dmp_enable_feature                       0x08003abd   Thumb Code   510  inv_mpu_dmp_motion_driver.o(.text.dmp_enable_feature)
    dmp_enable_gyro_cal                      0x08003cbd   Thumb Code    74  inv_mpu_dmp_motion_driver.o(.text.dmp_enable_gyro_cal)
    dmp_enable_lp_quat                       0x08003d09   Thumb Code    44  inv_mpu_dmp_motion_driver.o(.text.dmp_enable_lp_quat)
    dmp_load_motion_driver_firmware          0x08003d35   Thumb Code    22  inv_mpu_dmp_motion_driver.o(.text.dmp_load_motion_driver_firmware)
    dmp_set_accel_bias                       0x08003d4d   Thumb Code   194  inv_mpu_dmp_motion_driver.o(.text.dmp_set_accel_bias)
    dmp_set_fifo_rate                        0x08003e11   Thumb Code    90  inv_mpu_dmp_motion_driver.o(.text.dmp_set_fifo_rate)
    dmp_set_gyro_bias                        0x08003e6d   Thumb Code   218  inv_mpu_dmp_motion_driver.o(.text.dmp_set_gyro_bias)
    dmp_set_orientation                      0x08003f49   Thumb Code   264  inv_mpu_dmp_motion_driver.o(.text.dmp_set_orientation)
    dmp_set_shake_reject_thresh              0x08004051   Thumb Code    62  inv_mpu_dmp_motion_driver.o(.text.dmp_set_shake_reject_thresh)
    dmp_set_shake_reject_time                0x08004091   Thumb Code    46  inv_mpu_dmp_motion_driver.o(.text.dmp_set_shake_reject_time)
    dmp_set_shake_reject_timeout             0x080040c1   Thumb Code    46  inv_mpu_dmp_motion_driver.o(.text.dmp_set_shake_reject_timeout)
    dmp_set_tap_axes                         0x080040f1   Thumb Code    66  inv_mpu_dmp_motion_driver.o(.text.dmp_set_tap_axes)
    dmp_set_tap_count                        0x08004135   Thumb Code    42  inv_mpu_dmp_motion_driver.o(.text.dmp_set_tap_count)
    dmp_set_tap_thresh                       0x08004161   Thumb Code   286  inv_mpu_dmp_motion_driver.o(.text.dmp_set_tap_thresh)
    dmp_set_tap_time                         0x08004281   Thumb Code    46  inv_mpu_dmp_motion_driver.o(.text.dmp_set_tap_time)
    dmp_set_tap_time_multi                   0x080042b1   Thumb Code    46  inv_mpu_dmp_motion_driver.o(.text.dmp_set_tap_time_multi)
    flatten_build                            0x08004301   Thumb Code    80  nnom_flatten.o(.text.flatten_build)
    flatten_run                              0x08004351   Thumb Code     4  nnom_flatten.o(.text.flatten_run)
    flatten_s                                0x08004355   Thumb Code    16  nnom_flatten.o(.text.flatten_s)
    fputc                                    0x08004365   Thumb Code    20  hardware.o(.text.fputc)
    input_build                              0x080048c9   Thumb Code    44  nnom_input.o(.text.input_build)
    input_run                                0x080048f5   Thumb Code    28  nnom_input.o(.text.input_run)
    input_s                                  0x08004911   Thumb Code   254  nnom_input.o(.text.input_s)
    io_init                                  0x08004a85   Thumb Code     6  nnom_layers.o(.text.io_init)
    kernel                                   0x08004aa9   Thumb Code    10  nnom_layers.o(.text.kernel)
    layer_run                                0x08004ab5   Thumb Code    44  nnom.o(.text.layer_run)
    local_convolve_HWC_q15_nonsquare         0x08004afd   Thumb Code   596  nnom_local_q15.o(.text.local_convolve_HWC_q15_nonsquare)
    local_convolve_HWC_q7_nonsquare          0x08004d51   Thumb Code   570  nnom_local.o(.text.local_convolve_HWC_q7_nonsquare)
    local_fully_connected_q7_opt             0x08004f8d   Thumb Code   634  nnom_local.o(.text.local_fully_connected_q7_opt)
    local_maxpool_q7_HWC                     0x08005209   Thumb Code   260  nnom_local.o(.text.local_maxpool_q7_HWC)
    local_relu_q15                           0x0800530d   Thumb Code    34  nnom_local_q15.o(.text.local_relu_q15)
    local_relu_q7                            0x08005331   Thumb Code    34  nnom_local.o(.text.local_relu_q7)
    local_softmax_q7                         0x08005355   Thumb Code   162  nnom_local.o(.text.local_softmax_q7)
    main                                     0x080053f9   Thumb Code   236  main.o(.text.main)
    maxpool_build                            0x080054e5   Thumb Code   148  nnom_maxpool.o(.text.maxpool_build)
    maxpool_run                              0x08005579   Thumb Code   102  nnom_maxpool.o(.text.maxpool_run)
    maxpool_s                                0x080055e1   Thumb Code    96  nnom_maxpool.o(.text.maxpool_s)
    mem_analysis_result                      0x08005641   Thumb Code    20  nnom.o(.text.mem_analysis_result)
    model_compile                            0x0800568d   Thumb Code   106  nnom.o(.text.model_compile)
    model_feed_data                          0x080056f9   Thumb Code   128  main.o(.text.model_feed_data)
    model_get_output                         0x08005779   Thumb Code   140  main.o(.text.model_get_output)
    model_run                                0x08005875   Thumb Code     6  nnom.o(.text.model_run)
    model_run_to                             0x0800587d   Thumb Code    64  nnom.o(.text.model_run_to)
    motion_check                             0x080058e1   Thumb Code   508  main.o(.text.motion_check)
    mpu_configure_fifo                       0x08005add   Thumb Code    92  inv_mpu.o(.text.mpu_configure_fifo)
    mpu_get_accel_fsr                        0x08005b39   Thumb Code    60  inv_mpu.o(.text.mpu_get_accel_fsr)
    mpu_get_accel_sens                       0x08005b75   Thumb Code    76  inv_mpu.o(.text.mpu_get_accel_sens)
    mpu_get_fifo_config                      0x08005bc1   Thumb Code    16  inv_mpu.o(.text.mpu_get_fifo_config)
    mpu_get_gyro_fsr                         0x08005bd1   Thumb Code    50  inv_mpu.o(.text.mpu_get_gyro_fsr)
    mpu_get_gyro_sens                        0x08005c05   Thumb Code    68  inv_mpu.o(.text.mpu_get_gyro_sens)
    mpu_get_lpf                              0x08005c49   Thumb Code    56  inv_mpu.o(.text.mpu_get_lpf)
    mpu_get_sample_rate                      0x08005c81   Thumb Code    32  inv_mpu.o(.text.mpu_get_sample_rate)
    mpu_init                                 0x08005ca1   Thumb Code   214  inv_mpu.o(.text.mpu_init)
    mpu_load_firmware                        0x08005d79   Thumb Code   202  inv_mpu.o(.text.mpu_load_firmware)
    mpu_lp_accel_mode                        0x08005e45   Thumb Code   204  inv_mpu.o(.text.mpu_lp_accel_mode)
    mpu_read_mem                             0x08005f11   Thumb Code   108  inv_mpu.o(.text.mpu_read_mem)
    mpu_reset_fifo                           0x08005f7d   Thumb Code   372  inv_mpu.o(.text.mpu_reset_fifo)
    mpu_run_self_test                        0x080060f1   Thumb Code   274  inv_mpu.o(.text.mpu_run_self_test)
    mpu_set_accel_fsr                        0x08006205   Thumb Code   122  inv_mpu.o(.text.mpu_set_accel_fsr)
    mpu_set_bypass                           0x08006281   Thumb Code   224  inv_mpu.o(.text.mpu_set_bypass)
    mpu_set_dmp_state                        0x08006361   Thumb Code   140  inv_mpu.o(.text.mpu_set_dmp_state)
    mpu_set_gyro_fsr                         0x080063ed   Thumb Code   130  inv_mpu.o(.text.mpu_set_gyro_fsr)
    mpu_set_int_latched                      0x08006471   Thumb Code   110  inv_mpu.o(.text.mpu_set_int_latched)
    mpu_set_lpf                              0x080064e1   Thumb Code   110  inv_mpu.o(.text.mpu_set_lpf)
    mpu_set_sample_rate                      0x08006551   Thumb Code   146  inv_mpu.o(.text.mpu_set_sample_rate)
    mpu_set_sensors                          0x080065e5   Thumb Code   196  inv_mpu.o(.text.mpu_set_sensors)
    mpu_write_mem                            0x080066a9   Thumb Code   108  inv_mpu.o(.text.mpu_write_mem)
    new_model                                0x08006715   Thumb Code    88  nnom.o(.text.new_model)
    new_tensor                               0x0800676d   Thumb Code   102  nnom_tensor.o(.text.new_tensor)
    nnom_alignto                             0x080067d5   Thumb Code    18  nnom.o(.text.nnom_alignto)
    nnom_free                                0x080067e9   Thumb Code     2  nnom.o(.text.nnom_free)
    nnom_hook_length                         0x080067ed   Thumb Code    22  nnom.o(.text.nnom_hook_length)
    nnom_malloc                              0x08006805   Thumb Code    56  nnom.o(.text.nnom_malloc)
    nnom_mem                                 0x0800683d   Thumb Code    44  nnom.o(.text.nnom_mem)
    nnom_set_static_buf                      0x08006945   Thumb Code    34  nnom.o(.text.nnom_set_static_buf)
    output_run                               0x08006969   Thumb Code    32  nnom_output.o(.text.output_run)
    output_s                                 0x08006989   Thumb Code    50  nnom_output.o(.text.output_s)
    set_tailed_activation                    0x08006b19   Thumb Code    42  nnom.o(.text.set_tailed_activation)
    shape                                    0x08006b45   Thumb Code     8  nnom_layers.o(.text.shape)
    softmax_build                            0x08006b4d   Thumb Code    58  nnom_softmax.o(.text.softmax_build)
    softmax_run                              0x08006b89   Thumb Code    36  nnom_softmax.o(.text.softmax_run)
    softmax_s                                0x08006bad   Thumb Code    16  nnom_softmax.o(.text.softmax_s)
    stride                                   0x08006bbd   Thumb Code    10  nnom_layers.o(.text.stride)
    tensor_cpy_attr                          0x08006bc9   Thumb Code    88  nnom_tensor.o(.text.tensor_cpy_attr)
    tensor_get_num_channel                   0x08006c21   Thumb Code    14  nnom_tensor.o(.text.tensor_get_num_channel)
    tensor_mem_set                           0x08006c31   Thumb Code    52  nnom.o(.text.tensor_mem_set)
    tensor_set_attr                          0x08006c65   Thumb Code    76  nnom_tensor.o(.text.tensor_set_attr)
    tensor_set_attr_v                        0x08006cb1   Thumb Code    38  nnom_tensor.o(.text.tensor_set_attr_v)
    tensor_size                              0x08006cd9   Thumb Code    46  nnom_tensor.o(.text.tensor_size)
    __0printf                                0x08006d09   Thumb Code    22  printfa.o(i.__0printf)
    __1printf                                0x08006d09   Thumb Code     0  printfa.o(i.__0printf)
    __2printf                                0x08006d09   Thumb Code     0  printfa.o(i.__0printf)
    __c89printf                              0x08006d09   Thumb Code     0  printfa.o(i.__0printf)
    printf                                   0x08006d09   Thumb Code     0  printfa.o(i.__0printf)
    __0sprintf                               0x08006d29   Thumb Code    34  printfa.o(i.__0sprintf)
    __1sprintf                               0x08006d29   Thumb Code     0  printfa.o(i.__0sprintf)
    __2sprintf                               0x08006d29   Thumb Code     0  printfa.o(i.__0sprintf)
    __c89sprintf                             0x08006d29   Thumb Code     0  printfa.o(i.__0sprintf)
    sprintf                                  0x08006d29   Thumb Code     0  printfa.o(i.__0sprintf)
    __scatterload_copy                       0x08006d51   Thumb Code    14  handlers.o(i.__scatterload_copy)
    __scatterload_null                       0x08006d5f   Thumb Code     2  handlers.o(i.__scatterload_null)
    __scatterload_zeroinit                   0x08006d61   Thumb Code    14  handlers.o(i.__scatterload_zeroinit)
    putchar                                  0x0800762d   Thumb Code     6  putchar.o(i.putchar)
    puts                                     0x08007639   Thumb Code    30  puts.o(i.puts)
    round                                    0x0800765d   Thumb Code   136  round.o(i.round)
    __ctype_categories                       0x08007708   Data          64  ctype_c.o(.constdata)
    OLED_F8x16                               0x0800775c   Data        1520  oled.o(.rodata.OLED_F8x16)
    conv1d_1_bias_shift                      0x08007d4c   Data           4  main.o(.rodata.conv1d_1_bias_shift)
    conv1d_1_config                          0x08007d50   Data          40  main.o(.rodata.conv1d_1_config)
    conv1d_1_output_shift                    0x08007d78   Data           4  main.o(.rodata.conv1d_1_output_shift)
    conv1d_bias_shift                        0x08007d7c   Data           4  main.o(.rodata.conv1d_bias_shift)
    conv1d_config                            0x08007d80   Data          40  main.o(.rodata.conv1d_config)
    conv1d_output_shift                      0x08007da8   Data           4  main.o(.rodata.conv1d_output_shift)
    dense_bias_shift                         0x08007dac   Data           4  main.o(.rodata.dense_bias_shift)
    dense_config                             0x08007db0   Data          24  main.o(.rodata.dense_config)
    dense_output_shift                       0x08007dc8   Data           4  main.o(.rodata.dense_output_shift)
    flatten_config                           0x080089d0   Data           4  main.o(.rodata.flatten_config)
    hw                                       0x080089d4   Data          12  inv_mpu.o(.rodata.hw)
    input_1_config                           0x080089e0   Data           8  main.o(.rodata.input_1_config)
    max_pooling1d_config                     0x080089e8   Data          16  main.o(.rodata.max_pooling1d_config)
    output0_config                           0x080089f8   Data           8  main.o(.rodata.output0_config)
    reg                                      0x08008a00   Data          30  inv_mpu.o(.rodata.reg)
    softmax_config                           0x08008a20   Data           4  main.o(.rodata.softmax_config)
    tensor_conv1d_1_bias_0                   0x08008a68   Data          24  main.o(.rodata.tensor_conv1d_1_bias_0)
    tensor_conv1d_1_bias_0_data              0x08008a80   Data          15  main.o(.rodata.tensor_conv1d_1_bias_0_data)
    tensor_conv1d_1_bias_0_dec               0x08008a90   Data           4  main.o(.rodata.tensor_conv1d_1_bias_0_dec)
    tensor_conv1d_1_bias_0_dim               0x08008a94   Data           2  main.o(.rodata.tensor_conv1d_1_bias_0_dim)
    tensor_conv1d_1_bias_0_offset            0x08008a98   Data           4  main.o(.rodata.tensor_conv1d_1_bias_0_offset)
    tensor_conv1d_1_kernel_0                 0x08008a9c   Data          24  main.o(.rodata.tensor_conv1d_1_kernel_0)
    tensor_conv1d_1_kernel_0_data            0x08008ab4   Data        1350  main.o(.rodata.tensor_conv1d_1_kernel_0_data)
    tensor_conv1d_1_kernel_0_dec             0x08008ffc   Data           4  main.o(.rodata.tensor_conv1d_1_kernel_0_dec)
    tensor_conv1d_1_kernel_0_dim             0x08009000   Data           6  main.o(.rodata.tensor_conv1d_1_kernel_0_dim)
    tensor_conv1d_1_kernel_0_offset          0x08009008   Data           4  main.o(.rodata.tensor_conv1d_1_kernel_0_offset)
    tensor_conv1d_bias_0                     0x0800900c   Data          24  main.o(.rodata.tensor_conv1d_bias_0)
    tensor_conv1d_bias_0_data                0x08009024   Data          30  main.o(.rodata.tensor_conv1d_bias_0_data)
    tensor_conv1d_bias_0_dec                 0x08009044   Data           4  main.o(.rodata.tensor_conv1d_bias_0_dec)
    tensor_conv1d_bias_0_dim                 0x08009048   Data           2  main.o(.rodata.tensor_conv1d_bias_0_dim)
    tensor_conv1d_bias_0_offset              0x0800904c   Data           4  main.o(.rodata.tensor_conv1d_bias_0_offset)
    tensor_conv1d_kernel_0                   0x08009050   Data          24  main.o(.rodata.tensor_conv1d_kernel_0)
    tensor_conv1d_kernel_0_data              0x08009068   Data         270  main.o(.rodata.tensor_conv1d_kernel_0_data)
    tensor_conv1d_kernel_0_dec               0x08009178   Data           4  main.o(.rodata.tensor_conv1d_kernel_0_dec)
    tensor_conv1d_kernel_0_dim               0x0800917c   Data           6  main.o(.rodata.tensor_conv1d_kernel_0_dim)
    tensor_conv1d_kernel_0_offset            0x08009184   Data           4  main.o(.rodata.tensor_conv1d_kernel_0_offset)
    tensor_dense_bias_0                      0x08009188   Data          24  main.o(.rodata.tensor_dense_bias_0)
    tensor_dense_bias_0_data                 0x080091a0   Data           5  main.o(.rodata.tensor_dense_bias_0_data)
    tensor_dense_bias_0_dec                  0x080091a8   Data           4  main.o(.rodata.tensor_dense_bias_0_dec)
    tensor_dense_bias_0_dim                  0x080091ac   Data           2  main.o(.rodata.tensor_dense_bias_0_dim)
    tensor_dense_bias_0_offset               0x080091b0   Data           4  main.o(.rodata.tensor_dense_bias_0_offset)
    tensor_dense_kernel_0                    0x080091b4   Data          24  main.o(.rodata.tensor_dense_kernel_0)
    tensor_dense_kernel_0_data               0x080091cc   Data         375  main.o(.rodata.tensor_dense_kernel_0_data)
    tensor_dense_kernel_0_dec                0x08009344   Data           4  main.o(.rodata.tensor_dense_kernel_0_dec)
    tensor_dense_kernel_0_dim                0x08009348   Data           4  main.o(.rodata.tensor_dense_kernel_0_dim)
    tensor_dense_kernel_0_offset             0x0800934c   Data           4  main.o(.rodata.tensor_dense_kernel_0_offset)
    tensor_input_1                           0x08009350   Data          24  main.o(.rodata.tensor_input_1)
    tensor_input_1_dec                       0x08009368   Data           4  main.o(.rodata.tensor_input_1_dec)
    tensor_input_1_dim                       0x0800936c   Data           4  main.o(.rodata.tensor_input_1_dim)
    tensor_input_1_offset                    0x08009370   Data           4  main.o(.rodata.tensor_input_1_offset)
    tensor_output0                           0x08009374   Data          24  main.o(.rodata.tensor_output0)
    tensor_output0_dec                       0x0800938c   Data           4  main.o(.rodata.tensor_output0_dec)
    tensor_output0_dim                       0x08009390   Data           2  main.o(.rodata.tensor_output0_dim)
    tensor_output0_offset                    0x08009394   Data           4  main.o(.rodata.tensor_output0_offset)
    test                                     0x08009398   Data          40  inv_mpu.o(.rodata.test)
    Region$$Table$$Base                      0x080093c0   Number         0  anon$$obj.o(Region$$Table)
    Region$$Table$$Limit                     0x080093e0   Number         0  anon$$obj.o(Region$$Table)
    __stdout                                 0x20000000   Data           4  stdout.o(.data)
    MyRTC_Time                               0x20000004   Data          12  myrtc.o(.data.MyRTC_Time)
    Next_Alarm_Time                          0x20000010   Data           4  alarm.o(.data.Next_Alarm_Time)
    Pic                                      0x20000014   Data        5120  oled.o(.data.Pic)
    model_output                             0x2000141e   Data           1  main.o(.data.model_output)
    screenflag                               0x2000141f   Data           1  main.o(.data.screenflag)
    Ges_Alarm_Status                         0x2000147c   Data          24  gesalarm.o(.bss.Ges_Alarm_Status)
    IMU_Data_mAcc                            0x20001494   Data        1800  imu.o(.bss.IMU_Data_mAcc)
    IMU_Data_mdAngle                         0x20001b9c   Data        1800  imu.o(.bss.IMU_Data_mdAngle)
    IMU_bias                                 0x200022a4   Data          12  imu.o(.bss.IMU_bias)
    Is_Alarm_On                              0x200022b0   Data           1  alarm.o(.bss.Is_Alarm_On)
    Serial_RxFlag                            0x200022b1   Data           1  serial.o(.bss.Serial_RxFlag)
    Serial_RxPacket                          0x200022b2   Data         100  serial.o(.bss.Serial_RxPacket)
    i                                        0x20002324   Data           2  gesalarm.o(.bss.i)
    nnom_memory_taken                        0x200024e8   Data           4  nnom.o(.bss.nnom_memory_taken)
    static_buf                               0x20002588   Data        8192  main.o(.bss.static_buf)
    time_hold_count_ms                       0x20004588   Data           2  gesalarm.o(.bss.time_hold_count_ms)
    time_release_count_ms                    0x2000458a   Data           2  gesalarm.o(.bss.time_release_count_ms)
    __initial_sp                             0x20004990   Data           0  startup_stm32f10x_md.o(STACK)



==============================================================================

Memory Map of the image

  Image Entry point : 0x080000ed

  Load Region LR_IROM1 (Base: 0x08000000, Size: 0x0000a830, Max: 0x00010000, ABSOLUTE, COMPRESSED[0x00009538])

    Execution Region ER_IROM1 (Exec base: 0x08000000, Load base: 0x08000000, Size: 0x000093e0, Max: 0x00010000, ABSOLUTE)

    Exec Addr    Load Addr    Size         Type   Attr      Idx    E Section Name        Object

    0x08000000   0x08000000   0x000000ec   Data   RO         2701    RESET               startup_stm32f10x_md.o
    0x080000ec   0x080000ec   0x00000000   Code   RO         2731  * .ARM.Collect$$$$00000000  mc_w.l(entry.o)
    0x080000ec   0x080000ec   0x00000004   Code   RO         3069    .ARM.Collect$$$$00000001  mc_w.l(entry2.o)
    0x080000f0   0x080000f0   0x00000004   Code   RO         3072    .ARM.Collect$$$$00000004  mc_w.l(entry5.o)
    0x080000f4   0x080000f4   0x00000000   Code   RO         3074    .ARM.Collect$$$$00000008  mc_w.l(entry7b.o)
    0x080000f4   0x080000f4   0x00000000   Code   RO         3076    .ARM.Collect$$$$0000000A  mc_w.l(entry8b.o)
    0x080000f4   0x080000f4   0x00000008   Code   RO         3077    .ARM.Collect$$$$0000000B  mc_w.l(entry9a.o)
    0x080000fc   0x080000fc   0x00000000   Code   RO         3079    .ARM.Collect$$$$0000000D  mc_w.l(entry10a.o)
    0x080000fc   0x080000fc   0x00000000   Code   RO         3081    .ARM.Collect$$$$0000000F  mc_w.l(entry11a.o)
    0x080000fc   0x080000fc   0x00000004   Code   RO         3070    .ARM.Collect$$$$00002712  mc_w.l(entry2.o)
    0x08000100   0x08000100   0x00000024   Code   RO         2702    .text               startup_stm32f10x_md.o
    0x08000124   0x08000124   0x00000062   Code   RO         2749    .text               mc_w.l(ldiv.o)
    0x08000186   0x08000186   0x00000002   PAD
    0x08000188   0x08000188   0x000000a8   Code   RO         2755    .text               mc_w.l(mktime.o)
    0x08000230   0x08000230   0x00000024   Code   RO         2758    .text               mc_w.l(memcpya.o)
    0x08000254   0x08000254   0x00000024   Code   RO         2760    .text               mc_w.l(memseta.o)
    0x08000278   0x08000278   0x0000001c   Code   RO         2762    .text               mc_w.l(strcmp.o)
    0x08000294   0x08000294   0x0000001a   Code   RO         2764    .text               mc_w.l(memcmp.o)
    0x080002ae   0x080002ae   0x0000001e   Code   RO         2766    .text               mc_w.l(strncmp.o)
    0x080002cc   0x080002cc   0x00000038   Code   RO         3031    .text               mc_w.l(__0sscanf.o)
    0x08000304   0x08000304   0x0000014c   Code   RO         3033    .text               mc_w.l(_scanf_int.o)
    0x08000450   0x08000450   0x000000b0   Code   RO         3035    .text               mf_w.l(fadd.o)
    0x08000500   0x08000500   0x00000064   Code   RO         3037    .text               mf_w.l(fmul.o)
    0x08000564   0x08000564   0x0000007c   Code   RO         3039    .text               mf_w.l(fdiv.o)
    0x080005e0   0x080005e0   0x000000e4   Code   RO         3041    .text               mf_w.l(dmul.o)
    0x080006c4   0x080006c4   0x000000de   Code   RO         3043    .text               mf_w.l(ddiv.o)
    0x080007a2   0x080007a2   0x0000001c   Code   RO         3045    .text               mf_w.l(fcmple.o)
    0x080007be   0x080007be   0x0000001c   Code   RO         3047    .text               mf_w.l(fcmplt.o)
    0x080007da   0x080007da   0x0000001c   Code   RO         3051    .text               mf_w.l(fcmpeq.o)
    0x080007f6   0x080007f6   0x00000012   Code   RO         3053    .text               mf_w.l(fflti.o)
    0x08000808   0x08000808   0x0000000a   Code   RO         3055    .text               mf_w.l(ffltui.o)
    0x08000812   0x08000812   0x00000022   Code   RO         3057    .text               mf_w.l(dflti.o)
    0x08000834   0x08000834   0x00000032   Code   RO         3059    .text               mf_w.l(ffixi.o)
    0x08000866   0x08000866   0x00000028   Code   RO         3061    .text               mf_w.l(ffixui.o)
    0x0800088e   0x0800088e   0x0000003e   Code   RO         3063    .text               mf_w.l(dfixi.o)
    0x080008cc   0x080008cc   0x00000026   Code   RO         3065    .text               mf_w.l(f2d.o)
    0x080008f2   0x080008f2   0x00000038   Code   RO         3067    .text               mf_w.l(d2f.o)
    0x0800092a   0x0800092a   0x0000002c   Code   RO         3084    .text               mc_w.l(uidiv.o)
    0x08000956   0x08000956   0x00000062   Code   RO         3086    .text               mc_w.l(uldiv.o)
    0x080009b8   0x080009b8   0x00000020   Code   RO         3088    .text               mc_w.l(llushr.o)
    0x080009d8   0x080009d8   0x0000000c   Code   RO         3090    .text               mc_w.l(localtime_w.o)
    0x080009e4   0x080009e4   0x0000008c   Code   RO         3093    .text               mc_w.l(localtime_i.o)
    0x08000a70   0x08000a70   0x0000001c   Code   RO         3096    .text               mc_w.l(_chval.o)
    0x08000a8c   0x08000a8c   0x00000028   Code   RO         3098    .text               mc_w.l(scanf_char.o)
    0x08000ab4   0x08000ab4   0x00000040   Code   RO         3100    .text               mc_w.l(_sgetc.o)
    0x08000af4   0x08000af4   0x00000000   Code   RO         3102    .text               mc_w.l(iusefp.o)
    0x08000af4   0x08000af4   0x0000006e   Code   RO         3103    .text               mf_w.l(fepilogue.o)
    0x08000b62   0x08000b62   0x000000ba   Code   RO         3105    .text               mf_w.l(depilogue.o)
    0x08000c1c   0x08000c1c   0x0000014e   Code   RO         3107    .text               mf_w.l(dadd.o)
    0x08000d6a   0x08000d6a   0x00000002   PAD
    0x08000d6c   0x08000d6c   0x00000088   Code   RO         3109    .text               mf_w.l(drnd.o)
    0x08000df4   0x08000df4   0x00000030   Code   RO         3111    .text               mf_w.l(dfixul.o)
    0x08000e24   0x08000e24   0x00000030   Code   RO         3113    .text               mf_w.l(cdcmple.o)
    0x08000e54   0x08000e54   0x00000030   Code   RO         3115    .text               mf_w.l(cdrcmple.o)
    0x08000e84   0x08000e84   0x00000024   Code   RO         3117    .text               mc_w.l(init.o)
    0x08000ea8   0x08000ea8   0x0000001e   Code   RO         3119    .text               mc_w.l(llshl.o)
    0x08000ec6   0x08000ec6   0x00000024   Code   RO         3121    .text               mc_w.l(llsshr.o)
    0x08000eea   0x08000eea   0x0000000a   Code   RO         3123    .text               mc_w.l(isspace_c.o)
    0x08000ef4   0x08000ef4   0x0000032c   Code   RO         3125    .text               mc_w.l(_scanf.o)
    0x08001220   0x08001220   0x00000028   Code   RO         3127    .text               mc_w.l(ctype_c.o)
    0x08001248   0x08001248   0x00000056   Code   RO         3138    .text               mc_w.l(__dczerorl2.o)
    0x0800129e   0x0800129e   0x00000002   PAD
    0x080012a0   0x080012a0   0x0000001e   Code   RO         1619    .text.BKP_ReadBackupRegister  stm32f10x_bkp.o
    0x080012be   0x080012be   0x00000002   PAD
    0x080012c0   0x080012c0   0x0000001e   Code   RO         1617    .text.BKP_WriteBackupRegister  stm32f10x_bkp.o
    0x080012de   0x080012de   0x00000002   PAD
    0x080012e0   0x080012e0   0x0000001a   Code   RO            4    .text.Delay_ms      delay.o
    0x080012fa   0x080012fa   0x00000002   PAD
    0x080012fc   0x080012fc   0x0000001a   Code   RO            6    .text.Delay_s       delay.o
    0x08001316   0x08001316   0x00000002   PAD
    0x08001318   0x08001318   0x00000026   Code   RO            2    .text.Delay_us      delay.o
    0x0800133e   0x0800133e   0x00000002   PAD
    0x08001340   0x08001340   0x00000032   Code   RO          126    .text.EXTI0_IRQHandler  gesalarm.o
    0x08001372   0x08001372   0x00000002   PAD
    0x08001374   0x08001374   0x00000056   Code   RO          124    .text.EXTI9_5_IRQHandler  gesalarm.o
    0x080013ca   0x080013ca   0x00000002   PAD
    0x080013cc   0x080013cc   0x0000000c   Code   RO         1862    .text.EXTI_ClearITPendingBit  stm32f10x_exti.o
    0x080013d8   0x080013d8   0x0000001c   Code   RO         1860    .text.EXTI_GetITStatus  stm32f10x_exti.o
    0x080013f4   0x080013f4   0x0000006c   Code   RO         1850    .text.EXTI_Init     stm32f10x_exti.o
    0x08001460   0x08001460   0x00000022   Code   RO          188    .text.EXTI_Restore  hardware.o
    0x08001482   0x08001482   0x00000002   PAD
    0x08001484   0x08001484   0x00000022   Code   RO          186    .text.EXTI_Stop     hardware.o
    0x080014a6   0x080014a6   0x00000002   PAD
    0x080014a8   0x080014a8   0x00000054   Code   RO         1166    .text.Flatten       nnom_flatten.o
    0x080014fc   0x080014fc   0x00000034   Code   RO         2023    .text.GPIO_EXTILineConfig  stm32f10x_gpio.o
    0x08001530   0x08001530   0x000000b8   Code   RO         1995    .text.GPIO_Init     stm32f10x_gpio.o
    0x080015e8   0x080015e8   0x0000000a   Code   RO         1999    .text.GPIO_ReadInputDataBit  stm32f10x_gpio.o
    0x080015f2   0x080015f2   0x00000002   PAD
    0x080015f4   0x080015f4   0x00000010   Code   RO         2011    .text.GPIO_WriteBit  stm32f10x_gpio.o
    0x08001604   0x08001604   0x0000007c   Code   RO          120    .text.Ges_Alarm_System_Status_Update  gesalarm.o
    0x08001680   0x08001680   0x000001d8   Code   RO          182    .text.Hardware_Init  hardware.o
    0x08001858   0x08001858   0x00000042   Code   RO          201    .text.IIC_Init      iic.o
    0x0800189a   0x0800189a   0x00000002   PAD
    0x0800189c   0x0800189c   0x0000000e   Code   RO          211    .text.IIC_R_SDA     iic.o
    0x080018aa   0x080018aa   0x00000002   PAD
    0x080018ac   0x080018ac   0x0000001c   Code   RO          217    .text.IIC_Receive_Ack  iic.o
    0x080018c8   0x080018c8   0x0000003e   Code   RO          209    .text.IIC_Receive_Byte  iic.o
    0x08001906   0x08001906   0x00000002   PAD
    0x08001908   0x08001908   0x00000016   Code   RO          223    .text.IIC_Send_Ack  iic.o
    0x0800191e   0x0800191e   0x00000002   PAD
    0x08001920   0x08001920   0x00000026   Code   RO          203    .text.IIC_Send_Byte  iic.o
    0x08001946   0x08001946   0x00000002   PAD
    0x08001948   0x08001948   0x0000001e   Code   RO          215    .text.IIC_Start     iic.o
    0x08001966   0x08001966   0x00000002   PAD
    0x08001968   0x08001968   0x00000018   Code   RO          219    .text.IIC_Stop      iic.o
    0x08001980   0x08001980   0x0000001c   Code   RO          207    .text.IIC_W_SCL     iic.o
    0x0800199c   0x0800199c   0x0000001c   Code   RO          205    .text.IIC_W_SDA     iic.o
    0x080019b8   0x080019b8   0x0000006a   Code   RO          221    .text.IIC_read      iic.o
    0x08001a22   0x08001a22   0x00000002   PAD
    0x08001a24   0x08001a24   0x00000042   Code   RO          213    .text.IIC_write     iic.o
    0x08001a66   0x08001a66   0x00000002   PAD
    0x08001a68   0x08001a68   0x0000011c   Code   RO           21    .text.IMU_Get_Data  imu.o
    0x08001b84   0x08001b84   0x00000034   Code   RO           19    .text.IMU_Sample_Start  imu.o
    0x08001bb8   0x08001bb8   0x000000b8   Code   RO          122    .text.LED_Blink     gesalarm.o
    0x08001c70   0x08001c70   0x0000009c   Code   RO          236    .text.MPU6050_Init  mpu6050.o
    0x08001d0c   0x08001d0c   0x000000ac   Code   RO         1315    .text.MaxPool       nnom_maxpool.o
    0x08001db8   0x08001db8   0x0000007a   Code   RO          511    .text.MyRTC_Init    myrtc.o
    0x08001e32   0x08001e32   0x00000002   PAD
    0x08001e34   0x08001e34   0x00000042   Code   RO          515    .text.MyRTC_ReadTime  myrtc.o
    0x08001e76   0x08001e76   0x00000002   PAD
    0x08001e78   0x08001e78   0x00000040   Code   RO          513    .text.MyRTC_SetTime  myrtc.o
    0x08001eb8   0x08001eb8   0x00000060   Code   RO         1503    .text.NVIC_Init     misc.o
    0x08001f18   0x08001f18   0x00000014   Code   RO         1501    .text.NVIC_PriorityGroupConfig  misc.o
    0x08001f2c   0x08001f2c   0x00000022   Code   RO          477    .text.OLED_BMP      oled.o
    0x08001f4e   0x08001f4e   0x00000002   PAD
    0x08001f50   0x08001f50   0x0000002e   Code   RO          471    .text.OLED_Clear    oled.o
    0x08001f7e   0x08001f7e   0x00000002   PAD
    0x08001f80   0x08001f80   0x0000004c   Code   RO          475    .text.OLED_DrawBMP  oled.o
    0x08001fcc   0x08001fcc   0x0000005a   Code   RO          457    .text.OLED_I2C_Init  oled.o
    0x08002026   0x08002026   0x00000002   PAD
    0x08002028   0x08002028   0x00000062   Code   RO          463    .text.OLED_I2C_SendByte  oled.o
    0x0800208a   0x0800208a   0x00000002   PAD
    0x0800208c   0x0800208c   0x0000003e   Code   RO          459    .text.OLED_I2C_Start  oled.o
    0x080020ca   0x080020ca   0x00000002   PAD
    0x080020cc   0x080020cc   0x00000032   Code   RO          461    .text.OLED_I2C_Stop  oled.o
    0x080020fe   0x080020fe   0x00000002   PAD
    0x08002100   0x08002100   0x00000098   Code   RO          493    .text.OLED_Init     oled.o
    0x08002198   0x08002198   0x00000014   Code   RO          483    .text.OLED_Pow      oled.o
    0x080021ac   0x080021ac   0x00000022   Code   RO          469    .text.OLED_SetCursor  oled.o
    0x080021ce   0x080021ce   0x00000002   PAD
    0x080021d0   0x080021d0   0x000001a0   Code   RO          495    .text.OLED_Show     oled.o
    0x08002370   0x08002370   0x00000064   Code   RO          479    .text.OLED_ShowChar  oled.o
    0x080023d4   0x080023d4   0x00000052   Code   RO          485    .text.OLED_ShowNum  oled.o
    0x08002426   0x08002426   0x00000002   PAD
    0x08002428   0x08002428   0x0000002e   Code   RO          481    .text.OLED_ShowString  oled.o
    0x08002456   0x08002456   0x00000002   PAD
    0x08002458   0x08002458   0x00000022   Code   RO          465    .text.OLED_WriteCommand  oled.o
    0x0800247a   0x0800247a   0x00000002   PAD
    0x0800247c   0x0800247c   0x00000022   Code   RO          467    .text.OLED_WriteData  oled.o
    0x0800249e   0x0800249e   0x00000002   PAD
    0x080024a0   0x080024a0   0x00000140   Code   RO          167    .text.Order_Receive  alarm.o
    0x080025e0   0x080025e0   0x0000000a   Code   RO         2140    .text.PWR_BackupAccessCmd  stm32f10x_pwr.o
    0x080025ea   0x080025ea   0x00000002   PAD
    0x080025ec   0x080025ec   0x00000048   Code   RO          157    .text.QueryAlarm    alarm.o
    0x08002634   0x08002634   0x00000018   Code   RO         2213    .text.RCC_APB1PeriphClockCmd  stm32f10x_rcc.o
    0x0800264c   0x0800264c   0x00000018   Code   RO         2211    .text.RCC_APB2PeriphClockCmd  stm32f10x_rcc.o
    0x08002664   0x08002664   0x0000009a   Code   RO         2207    .text.RCC_GetClocksFreq  stm32f10x_rcc.o
    0x080026fe   0x080026fe   0x00000002   PAD
    0x08002700   0x08002700   0x0000002c   Code   RO         2173    .text.RCC_GetFlagStatus  stm32f10x_rcc.o
    0x0800272c   0x0800272c   0x00000026   Code   RO         2199    .text.RCC_LSEConfig  stm32f10x_rcc.o
    0x08002752   0x08002752   0x00000002   PAD
    0x08002754   0x08002754   0x0000000c   Code   RO         2205    .text.RCC_RTCCLKCmd  stm32f10x_rcc.o
    0x08002760   0x08002760   0x00000010   Code   RO         2203    .text.RCC_RTCCLKConfig  stm32f10x_rcc.o
    0x08002770   0x08002770   0x00000012   Code   RO         2246    .text.RTC_EnterConfigMode  stm32f10x_rtc.o
    0x08002782   0x08002782   0x00000002   PAD
    0x08002784   0x08002784   0x00000012   Code   RO         2248    .text.RTC_ExitConfigMode  stm32f10x_rtc.o
    0x08002796   0x08002796   0x00000002   PAD
    0x08002798   0x08002798   0x0000001c   Code   RO         2250    .text.RTC_GetCounter  stm32f10x_rtc.o
    0x080027b4   0x080027b4   0x0000001e   Code   RO         2252    .text.RTC_SetCounter  stm32f10x_rtc.o
    0x080027d2   0x080027d2   0x00000002   PAD
    0x080027d4   0x080027d4   0x00000020   Code   RO         2254    .text.RTC_SetPrescaler  stm32f10x_rtc.o
    0x080027f4   0x080027f4   0x00000012   Code   RO         2260    .text.RTC_WaitForLastTask  stm32f10x_rtc.o
    0x08002806   0x08002806   0x00000002   PAD
    0x08002808   0x08002808   0x0000001a   Code   RO         2262    .text.RTC_WaitForSynchro  stm32f10x_rtc.o
    0x08002822   0x08002822   0x00000002   PAD
    0x08002824   0x08002824   0x00000034   Code   RO          159    .text.RingNow       alarm.o
    0x08002858   0x08002858   0x0000002c   Code   RO          165    .text.Serial_Cmd_Init  alarm.o
    0x08002884   0x08002884   0x000000b2   Code   RO          529    .text.Serial_Init   serial.o
    0x08002936   0x08002936   0x00000002   PAD
    0x08002938   0x08002938   0x00000022   Code   RO          531    .text.Serial_SendByte  serial.o
    0x0800295a   0x0800295a   0x00000002   PAD
    0x0800295c   0x0800295c   0x00000022   Code   RO          535    .text.Serial_SendString  serial.o
    0x0800297e   0x0800297e   0x00000002   PAD
    0x08002980   0x08002980   0x0000005c   Code   RO          155    .text.SetAlarm      alarm.o
    0x080029dc   0x080029dc   0x00000068   Code   RO          151    .text.SetDate       alarm.o
    0x08002a44   0x08002a44   0x00000004   Code   RO         2711    .text.SetSysClock   system_stm32f10x.o
    0x08002a48   0x08002a48   0x000000ca   Code   RO         2715    .text.SetSysClockTo72  system_stm32f10x.o
    0x08002b12   0x08002b12   0x00000002   PAD
    0x08002b14   0x08002b14   0x00000068   Code   RO          153    .text.SetTime       alarm.o
    0x08002b7c   0x08002b7c   0x00000030   Code   RO          161    .text.Skip          alarm.o
    0x08002bac   0x08002bac   0x00000056   Code   RO         1406    .text.Softmax       nnom_softmax.o
    0x08002c02   0x08002c02   0x00000002   PAD
    0x08002c04   0x08002c04   0x00000004   Code   RO          147    .text.Stm32_SoftReset  alarm.o
    0x08002c08   0x08002c08   0x00000028   Code   RO          163    .text.StopRing      alarm.o
    0x08002c30   0x08002c30   0x00000056   Code   RO         2709    .text.SystemInit    system_stm32f10x.o
    0x08002c86   0x08002c86   0x00000002   PAD
    0x08002c88   0x08002c88   0x00000034   Code   RO          118    .text.System_Init   gesalarm.o
    0x08002cbc   0x08002cbc   0x000000e4   Code   RO          128    .text.TIM4_IRQHandler  gesalarm.o
    0x08002da0   0x08002da0   0x00000006   Code   RO         2587    .text.TIM_ClearFlag  stm32f10x_tim.o
    0x08002da6   0x08002da6   0x00000002   PAD
    0x08002da8   0x08002da8   0x00000006   Code   RO         2591    .text.TIM_ClearITPendingBit  stm32f10x_tim.o
    0x08002dae   0x08002dae   0x00000002   PAD
    0x08002db0   0x08002db0   0x00000012   Code   RO         2453    .text.TIM_Cmd       stm32f10x_tim.o
    0x08002dc2   0x08002dc2   0x00000002   PAD
    0x08002dc4   0x08002dc4   0x00000014   Code   RO         2589    .text.TIM_GetITStatus  stm32f10x_tim.o
    0x08002dd8   0x08002dd8   0x00000012   Code   RO         2457    .text.TIM_ITConfig  stm32f10x_tim.o
    0x08002dea   0x08002dea   0x00000002   PAD
    0x08002dec   0x08002dec   0x000000aa   Code   RO         2413    .text.TIM_TimeBaseInit  stm32f10x_tim.o
    0x08002e96   0x08002e96   0x00000002   PAD
    0x08002e98   0x08002e98   0x000000bc   Code   RO          543    .text.USART1_IRQHandler  serial.o
    0x08002f54   0x08002f54   0x0000000e   Code   RO         2660    .text.USART_ClearITPendingBit  stm32f10x_usart.o
    0x08002f62   0x08002f62   0x00000002   PAD
    0x08002f64   0x08002f64   0x00000012   Code   RO         2614    .text.USART_Cmd     stm32f10x_usart.o
    0x08002f76   0x08002f76   0x00000002   PAD
    0x08002f78   0x08002f78   0x0000000a   Code   RO         2654    .text.USART_GetFlagStatus  stm32f10x_usart.o
    0x08002f82   0x08002f82   0x00000002   PAD
    0x08002f84   0x08002f84   0x00000040   Code   RO         2658    .text.USART_GetITStatus  stm32f10x_usart.o
    0x08002fc4   0x08002fc4   0x00000038   Code   RO         2616    .text.USART_ITConfig  stm32f10x_usart.o
    0x08002ffc   0x08002ffc   0x000000ac   Code   RO         2606    .text.USART_Init    stm32f10x_usart.o
    0x080030a8   0x080030a8   0x00000008   Code   RO         2632    .text.USART_ReceiveData  stm32f10x_usart.o
    0x080030b0   0x080030b0   0x00000008   Code   RO         2630    .text.USART_SendData  stm32f10x_usart.o
    0x080030b8   0x080030b8   0x00000012   Code   RO          578    .text.__NNOM_SSAT   nnom_local.o
    0x080030ca   0x080030ca   0x00000002   PAD
    0x080030cc   0x080030cc   0x0000001c   Code   RO          665    .text.__NNOM_SSAT   nnom_local_q15.o
    0x080030e8   0x080030e8   0x00000012   Code   RO          608    .text.__NNOM_USAT   nnom_local.o
    0x080030fa   0x080030fa   0x00000002   PAD
    0x080030fc   0x080030fc   0x00000024   Code   RO          149    .text.__NVIC_SystemReset  alarm.o
    0x08003120   0x08003120   0x00000024   Code   RO          238    .text.__NVIC_SystemReset  mpu6050.o
    0x08003144   0x08003144   0x000000a4   Code   RO          341    .text.accel_self_test  inv_mpu.o
    0x080031e8   0x080031e8   0x0000000e   Code   RO          991    .text.act_get_dec_bit  nnom_activation.o
    0x080031f6   0x080031f6   0x00000002   PAD
    0x080031f8   0x080031f8   0x00000022   Code   RO          951    .text.act_relu      nnom_activation.o
    0x0800321a   0x0800321a   0x00000002   PAD
    0x0800321c   0x0800321c   0x00000024   Code   RO          782    .text.allocate_block  nnom.o
    0x08003240   0x08003240   0x00000022   Code   RO          820    .text.allocate_hook  nnom.o
    0x08003262   0x08003262   0x00000002   PAD
    0x08003264   0x08003264   0x0000002a   Code   RO          822    .text.allocate_io   nnom.o
    0x0800328e   0x0800328e   0x00000002   PAD
    0x08003290   0x08003290   0x00000028   Code   RO          794    .text.block_mem_set  nnom.o
    0x080032b8   0x080032b8   0x00000012   Code   RO          818    .text.check_model_version  nnom.o
    0x080032ca   0x080032ca   0x00000002   PAD
    0x080032cc   0x080032cc   0x00000228   Code   RO          780    .text.compile_layers  nnom.o
    0x080034f4   0x080034f4   0x000000fe   Code   RO         1065    .text.conv2d_build  nnom_conv2d.o
    0x080035f2   0x080035f2   0x00000002   PAD
    0x080035f4   0x080035f4   0x0000001c   Code   RO         1067    .text.conv2d_free   nnom_conv2d.o
    0x08003610   0x08003610   0x000000de   Code   RO         1063    .text.conv2d_run    nnom_conv2d.o
    0x080036ee   0x080036ee   0x00000002   PAD
    0x080036f0   0x080036f0   0x0000014c   Code   RO         1061    .text.conv2d_s      nnom_conv2d.o
    0x0800383c   0x0800383c   0x00000020   Code   RO         1071    .text.conv_output_length  nnom_conv2d.o
    0x0800385c   0x0800385c   0x0000004a   Code   RO         1029    .text.default_build  nnom_baselayer.o
    0x080038a6   0x080038a6   0x00000002   PAD
    0x080038a8   0x080038a8   0x0000000a   Code   RO          881    .text.delete_tensor  nnom_tensor.o
    0x080038b2   0x080038b2   0x00000002   PAD
    0x080038b4   0x080038b4   0x000000d0   Code   RO         1128    .text.dense_build   nnom_dense.o
    0x08003984   0x08003984   0x0000001c   Code   RO         1130    .text.dense_free    nnom_dense.o
    0x080039a0   0x080039a0   0x0000005a   Code   RO         1126    .text.dense_run     nnom_dense.o
    0x080039fa   0x080039fa   0x00000002   PAD
    0x080039fc   0x080039fc   0x00000088   Code   RO         1124    .text.dense_s       nnom_dense.o
    0x08003a84   0x08003a84   0x0000000a   Code   RO          854    .text.dilation      nnom_layers.o
    0x08003a8e   0x08003a8e   0x00000002   PAD
    0x08003a90   0x08003a90   0x0000002c   Code   RO          418    .text.dmp_enable_6x_lp_quat  inv_mpu_dmp_motion_driver.o
    0x08003abc   0x08003abc   0x000001fe   Code   RO          412    .text.dmp_enable_feature  inv_mpu_dmp_motion_driver.o
    0x08003cba   0x08003cba   0x00000002   PAD
    0x08003cbc   0x08003cbc   0x0000004a   Code   RO          414    .text.dmp_enable_gyro_cal  inv_mpu_dmp_motion_driver.o
    0x08003d06   0x08003d06   0x00000002   PAD
    0x08003d08   0x08003d08   0x0000002c   Code   RO          416    .text.dmp_enable_lp_quat  inv_mpu_dmp_motion_driver.o
    0x08003d34   0x08003d34   0x00000016   Code   RO          376    .text.dmp_load_motion_driver_firmware  inv_mpu_dmp_motion_driver.o
    0x08003d4a   0x08003d4a   0x00000002   PAD
    0x08003d4c   0x08003d4c   0x000000c2   Code   RO          382    .text.dmp_set_accel_bias  inv_mpu_dmp_motion_driver.o
    0x08003e0e   0x08003e0e   0x00000002   PAD
    0x08003e10   0x08003e10   0x0000005a   Code   RO          384    .text.dmp_set_fifo_rate  inv_mpu_dmp_motion_driver.o
    0x08003e6a   0x08003e6a   0x00000002   PAD
    0x08003e6c   0x08003e6c   0x000000da   Code   RO          380    .text.dmp_set_gyro_bias  inv_mpu_dmp_motion_driver.o
    0x08003f46   0x08003f46   0x00000002   PAD
    0x08003f48   0x08003f48   0x00000108   Code   RO          378    .text.dmp_set_orientation  inv_mpu_dmp_motion_driver.o
    0x08004050   0x08004050   0x0000003e   Code   RO          398    .text.dmp_set_shake_reject_thresh  inv_mpu_dmp_motion_driver.o
    0x0800408e   0x0800408e   0x00000002   PAD
    0x08004090   0x08004090   0x0000002e   Code   RO          400    .text.dmp_set_shake_reject_time  inv_mpu_dmp_motion_driver.o
    0x080040be   0x080040be   0x00000002   PAD
    0x080040c0   0x080040c0   0x0000002e   Code   RO          402    .text.dmp_set_shake_reject_timeout  inv_mpu_dmp_motion_driver.o
    0x080040ee   0x080040ee   0x00000002   PAD
    0x080040f0   0x080040f0   0x00000042   Code   RO          390    .text.dmp_set_tap_axes  inv_mpu_dmp_motion_driver.o
    0x08004132   0x08004132   0x00000002   PAD
    0x08004134   0x08004134   0x0000002a   Code   RO          392    .text.dmp_set_tap_count  inv_mpu_dmp_motion_driver.o
    0x0800415e   0x0800415e   0x00000002   PAD
    0x08004160   0x08004160   0x0000011e   Code   RO          388    .text.dmp_set_tap_thresh  inv_mpu_dmp_motion_driver.o
    0x0800427e   0x0800427e   0x00000002   PAD
    0x08004280   0x08004280   0x0000002e   Code   RO          394    .text.dmp_set_tap_time  inv_mpu_dmp_motion_driver.o
    0x080042ae   0x080042ae   0x00000002   PAD
    0x080042b0   0x080042b0   0x0000002e   Code   RO          396    .text.dmp_set_tap_time_multi  inv_mpu_dmp_motion_driver.o
    0x080042de   0x080042de   0x00000002   PAD
    0x080042e0   0x080042e0   0x00000020   Code   RO          802    .text.find_last     nnom.o
    0x08004300   0x08004300   0x00000050   Code   RO         1170    .text.flatten_build  nnom_flatten.o
    0x08004350   0x08004350   0x00000004   Code   RO         1168    .text.flatten_run   nnom_flatten.o
    0x08004354   0x08004354   0x00000010   Code   RO         1164    .text.flatten_s     nnom_flatten.o
    0x08004364   0x08004364   0x00000014   Code   RO          184    .text.fputc         hardware.o
    0x08004378   0x08004378   0x000000c8   Code   RO          359    .text.get_accel_prod_shift  inv_mpu.o
    0x08004440   0x08004440   0x00000378   Code   RO          339    .text.get_st_biases  inv_mpu.o
    0x080047b8   0x080047b8   0x0000010e   Code   RO          343    .text.gyro_self_test  inv_mpu.o
    0x080048c6   0x080048c6   0x00000002   PAD
    0x080048c8   0x080048c8   0x0000002c   Code   RO         1231    .text.input_build   nnom_input.o
    0x080048f4   0x080048f4   0x0000001c   Code   RO         1229    .text.input_run     nnom_input.o
    0x08004910   0x08004910   0x000000fe   Code   RO         1227    .text.input_s       nnom_input.o
    0x08004a0e   0x08004a0e   0x00000002   PAD
    0x08004a10   0x08004a10   0x0000002a   Code   RO          240    .text.inv_orientation_matrix_to_scalar  mpu6050.o
    0x08004a3a   0x08004a3a   0x00000002   PAD
    0x08004a3c   0x08004a3c   0x00000046   Code   RO          244    .text.inv_row_2_scale  mpu6050.o
    0x08004a82   0x08004a82   0x00000002   PAD
    0x08004a84   0x08004a84   0x00000006   Code   RO          858    .text.io_init       nnom_layers.o
    0x08004a8a   0x08004a8a   0x00000002   PAD
    0x08004a8c   0x08004a8c   0x0000001a   Code   RO          824    .text.io_mem_size   nnom.o
    0x08004aa6   0x08004aa6   0x00000002   PAD
    0x08004aa8   0x08004aa8   0x0000000a   Code   RO          850    .text.kernel        nnom_layers.o
    0x08004ab2   0x08004ab2   0x00000002   PAD
    0x08004ab4   0x08004ab4   0x0000002c   Code   RO          808    .text.layer_run     nnom.o
    0x08004ae0   0x08004ae0   0x0000001a   Code   RO          784    .text.layer_shortcut_add  nnom.o
    0x08004afa   0x08004afa   0x00000002   PAD
    0x08004afc   0x08004afc   0x00000254   Code   RO          673    .text.local_convolve_HWC_q15_nonsquare  nnom_local_q15.o
    0x08004d50   0x08004d50   0x0000023a   Code   RO          576    .text.local_convolve_HWC_q7_nonsquare  nnom_local.o
    0x08004f8a   0x08004f8a   0x00000002   PAD
    0x08004f8c   0x08004f8c   0x0000027a   Code   RO          602    .text.local_fully_connected_q7_opt  nnom_local.o
    0x08005206   0x08005206   0x00000002   PAD
    0x08005208   0x08005208   0x00000104   Code   RO          564    .text.local_maxpool_q7_HWC  nnom_local.o
    0x0800530c   0x0800530c   0x00000022   Code   RO          709    .text.local_relu_q15  nnom_local_q15.o
    0x0800532e   0x0800532e   0x00000002   PAD
    0x08005330   0x08005330   0x00000022   Code   RO          618    .text.local_relu_q7  nnom_local.o
    0x08005352   0x08005352   0x00000002   PAD
    0x08005354   0x08005354   0x000000a2   Code   RO          606    .text.local_softmax_q7  nnom_local.o
    0x080053f6   0x080053f6   0x00000002   PAD
    0x080053f8   0x080053f8   0x000000ec   Code   RO           43    .text.main          main.o
    0x080054e4   0x080054e4   0x00000094   Code   RO         1319    .text.maxpool_build  nnom_maxpool.o
    0x08005578   0x08005578   0x00000066   Code   RO         1317    .text.maxpool_run   nnom_maxpool.o
    0x080055de   0x080055de   0x00000002   PAD
    0x080055e0   0x080055e0   0x00000060   Code   RO         1313    .text.maxpool_s     nnom_maxpool.o
    0x08005640   0x08005640   0x00000014   Code   RO          792    .text.mem_analysis_result  nnom.o
    0x08005654   0x08005654   0x00000006   Code   RO          770    .text.model_active  nnom.o
    0x0800565a   0x0800565a   0x00000002   PAD
    0x0800565c   0x0800565c   0x0000002e   Code   RO          762    .text.model_add     nnom.o
    0x0800568a   0x0800568a   0x00000002   PAD
    0x0800568c   0x0800568c   0x0000006a   Code   RO          800    .text.model_compile  nnom.o
    0x080056f6   0x080056f6   0x00000002   PAD
    0x080056f8   0x080056f8   0x00000080   Code   RO           37    .text.model_feed_data  main.o
    0x08005778   0x08005778   0x0000008c   Code   RO           39    .text.model_get_output  main.o
    0x08005804   0x08005804   0x00000028   Code   RO          764    .text.model_hook    nnom.o
    0x0800582c   0x0800582c   0x0000000a   Code   RO          766    .text.model_merge   nnom.o
    0x08005836   0x08005836   0x00000002   PAD
    0x08005838   0x08005838   0x0000003a   Code   RO          768    .text.model_mergex  nnom.o
    0x08005872   0x08005872   0x00000002   PAD
    0x08005874   0x08005874   0x00000006   Code   RO          812    .text.model_run     nnom.o
    0x0800587a   0x0800587a   0x00000002   PAD
    0x0800587c   0x0800587c   0x00000040   Code   RO          810    .text.model_run_to  nnom.o
    0x080058bc   0x080058bc   0x00000024   Code   RO          804    .text.model_set_ops  nnom.o
    0x080058e0   0x080058e0   0x000001fc   Code   RO           41    .text.motion_check  main.o
    0x08005adc   0x08005adc   0x0000005c   Code   RO          275    .text.mpu_configure_fifo  inv_mpu.o
    0x08005b38   0x08005b38   0x0000003c   Code   RO          307    .text.mpu_get_accel_fsr  inv_mpu.o
    0x08005b74   0x08005b74   0x0000004c   Code   RO          319    .text.mpu_get_accel_sens  inv_mpu.o
    0x08005bc0   0x08005bc0   0x00000010   Code   RO          321    .text.mpu_get_fifo_config  inv_mpu.o
    0x08005bd0   0x08005bd0   0x00000032   Code   RO          305    .text.mpu_get_gyro_fsr  inv_mpu.o
    0x08005c02   0x08005c02   0x00000002   PAD
    0x08005c04   0x08005c04   0x00000044   Code   RO          317    .text.mpu_get_gyro_sens  inv_mpu.o
    0x08005c48   0x08005c48   0x00000038   Code   RO          309    .text.mpu_get_lpf   inv_mpu.o
    0x08005c80   0x08005c80   0x00000020   Code   RO          311    .text.mpu_get_sample_rate  inv_mpu.o
    0x08005ca0   0x08005ca0   0x000000d6   Code   RO          265    .text.mpu_init      inv_mpu.o
    0x08005d76   0x08005d76   0x00000002   PAD
    0x08005d78   0x08005d78   0x000000ca   Code   RO          349    .text.mpu_load_firmware  inv_mpu.o
    0x08005e42   0x08005e42   0x00000002   PAD
    0x08005e44   0x08005e44   0x000000cc   Code   RO          281    .text.mpu_lp_accel_mode  inv_mpu.o
    0x08005f10   0x08005f10   0x0000006c   Code   RO          347    .text.mpu_read_mem  inv_mpu.o
    0x08005f7c   0x08005f7c   0x00000174   Code   RO          303    .text.mpu_reset_fifo  inv_mpu.o
    0x080060f0   0x080060f0   0x00000112   Code   RO          335    .text.mpu_run_self_test  inv_mpu.o
    0x08006202   0x08006202   0x00000002   PAD
    0x08006204   0x08006204   0x0000007a   Code   RO          269    .text.mpu_set_accel_fsr  inv_mpu.o
    0x0800627e   0x0800627e   0x00000002   PAD
    0x08006280   0x08006280   0x000000e0   Code   RO          277    .text.mpu_set_bypass  inv_mpu.o
    0x08006360   0x08006360   0x0000008c   Code   RO          337    .text.mpu_set_dmp_state  inv_mpu.o
    0x080063ec   0x080063ec   0x00000082   Code   RO          267    .text.mpu_set_gyro_fsr  inv_mpu.o
    0x0800646e   0x0800646e   0x00000002   PAD
    0x08006470   0x08006470   0x0000006e   Code   RO          283    .text.mpu_set_int_latched  inv_mpu.o
    0x080064de   0x080064de   0x00000002   PAD
    0x080064e0   0x080064e0   0x0000006e   Code   RO          271    .text.mpu_set_lpf   inv_mpu.o
    0x0800654e   0x0800654e   0x00000002   PAD
    0x08006550   0x08006550   0x00000092   Code   RO          273    .text.mpu_set_sample_rate  inv_mpu.o
    0x080065e2   0x080065e2   0x00000002   PAD
    0x080065e4   0x080065e4   0x000000c4   Code   RO          279    .text.mpu_set_sensors  inv_mpu.o
    0x080066a8   0x080066a8   0x0000006c   Code   RO          345    .text.mpu_write_mem  inv_mpu.o
    0x08006714   0x08006714   0x00000058   Code   RO          760    .text.new_model     nnom.o
    0x0800676c   0x0800676c   0x00000066   Code   RO          879    .text.new_tensor    nnom_tensor.o
    0x080067d2   0x080067d2   0x00000002   PAD
    0x080067d4   0x080067d4   0x00000012   Code   RO          752    .text.nnom_alignto  nnom.o
    0x080067e6   0x080067e6   0x00000002   PAD
    0x080067e8   0x080067e8   0x00000002   Code   RO          754    .text.nnom_free     nnom.o
    0x080067ea   0x080067ea   0x00000002   PAD
    0x080067ec   0x080067ec   0x00000016   Code   RO          778    .text.nnom_hook_length  nnom.o
    0x08006802   0x08006802   0x00000002   PAD
    0x08006804   0x08006804   0x00000038   Code   RO          750    .text.nnom_malloc   nnom.o
    0x0800683c   0x0800683c   0x0000002c   Code   RO          756    .text.nnom_mem      nnom.o
    0x08006868   0x08006868   0x000000da   Code   RO           45    .text.nnom_model_create  main.o
    0x08006942   0x08006942   0x00000002   PAD
    0x08006944   0x08006944   0x00000022   Code   RO          748    .text.nnom_set_static_buf  nnom.o
    0x08006966   0x08006966   0x00000002   PAD
    0x08006968   0x08006968   0x00000020   Code   RO         1334    .text.output_run    nnom_output.o
    0x08006988   0x08006988   0x00000032   Code   RO         1332    .text.output_s      nnom_output.o
    0x080069ba   0x080069ba   0x00000002   PAD
    0x080069bc   0x080069bc   0x00000014   Code   RO          786    .text.print_layer_info  nnom.o
    0x080069d0   0x080069d0   0x00000016   Code   RO          826    .text.release_block  nnom.o
    0x080069e6   0x080069e6   0x00000002   PAD
    0x080069e8   0x080069e8   0x0000000e   Code   RO          788    .text.release_comp_mem  nnom.o
    0x080069f6   0x080069f6   0x00000002   PAD
    0x080069f8   0x080069f8   0x0000001a   Code   RO          790    .text.release_input_mem  nnom.o
    0x08006a12   0x08006a12   0x00000002   PAD
    0x08006a14   0x08006a14   0x0000002c   Code   RO          973    .text.relu_run      nnom_activation.o
    0x08006a40   0x08006a40   0x00000084   Code   RO          242    .text.run_self_test  mpu6050.o
    0x08006ac4   0x08006ac4   0x00000054   Code   RO          323    .text.set_int_enable  inv_mpu.o
    0x08006b18   0x08006b18   0x0000002a   Code   RO          798    .text.set_tailed_activation  nnom.o
    0x08006b42   0x08006b42   0x00000002   PAD
    0x08006b44   0x08006b44   0x00000008   Code   RO          848    .text.shape         nnom_layers.o
    0x08006b4c   0x08006b4c   0x0000003a   Code   RO         1410    .text.softmax_build  nnom_softmax.o
    0x08006b86   0x08006b86   0x00000002   PAD
    0x08006b88   0x08006b88   0x00000024   Code   RO         1408    .text.softmax_run   nnom_softmax.o
    0x08006bac   0x08006bac   0x00000010   Code   RO         1404    .text.softmax_s     nnom_softmax.o
    0x08006bbc   0x08006bbc   0x0000000a   Code   RO          852    .text.stride        nnom_layers.o
    0x08006bc6   0x08006bc6   0x00000002   PAD
    0x08006bc8   0x08006bc8   0x00000058   Code   RO          887    .text.tensor_cpy_attr  nnom_tensor.o
    0x08006c20   0x08006c20   0x0000000e   Code   RO          877    .text.tensor_get_num_channel  nnom_tensor.o
    0x08006c2e   0x08006c2e   0x00000002   PAD
    0x08006c30   0x08006c30   0x00000034   Code   RO          796    .text.tensor_mem_set  nnom.o
    0x08006c64   0x08006c64   0x0000004c   Code   RO          885    .text.tensor_set_attr  nnom_tensor.o
    0x08006cb0   0x08006cb0   0x00000026   Code   RO          883    .text.tensor_set_attr_v  nnom_tensor.o
    0x08006cd6   0x08006cd6   0x00000002   PAD
    0x08006cd8   0x08006cd8   0x0000002e   Code   RO          873    .text.tensor_size   nnom_tensor.o
    0x08006d06   0x08006d06   0x00000002   PAD
    0x08006d08   0x08006d08   0x00000020   Code   RO         3003    i.__0printf         mc_w.l(printfa.o)
    0x08006d28   0x08006d28   0x00000028   Code   RO         3005    i.__0sprintf        mc_w.l(printfa.o)
    0x08006d50   0x08006d50   0x0000000e   Code   RO         3132    i.__scatterload_copy  mc_w.l(handlers.o)
    0x08006d5e   0x08006d5e   0x00000002   Code   RO         3133    i.__scatterload_null  mc_w.l(handlers.o)
    0x08006d60   0x08006d60   0x0000000e   Code   RO         3134    i.__scatterload_zeroinit  mc_w.l(handlers.o)
    0x08006d6e   0x08006d6e   0x00000002   PAD
    0x08006d70   0x08006d70   0x00000184   Code   RO         3010    i._fp_digits        mc_w.l(printfa.o)
    0x08006ef4   0x08006ef4   0x000006dc   Code   RO         3011    i._printf_core      mc_w.l(printfa.o)
    0x080075d0   0x080075d0   0x00000024   Code   RO         3012    i._printf_post_padding  mc_w.l(printfa.o)
    0x080075f4   0x080075f4   0x0000002e   Code   RO         3013    i._printf_pre_padding  mc_w.l(printfa.o)
    0x08007622   0x08007622   0x0000000a   Code   RO         3015    i._sputc            mc_w.l(printfa.o)
    0x0800762c   0x0800762c   0x0000000c   Code   RO         2740    i.putchar           mc_w.l(putchar.o)
    0x08007638   0x08007638   0x00000024   Code   RO         2736    i.puts              mc_w.l(puts.o)
    0x0800765c   0x0800765c   0x00000094   Code   RO         2729    i.round             m_ws.l(round.o)
    0x080076f0   0x080076f0   0x0000000c   Data   RO         2756    .constdata          mc_w.l(mktime.o)
    0x080076fc   0x080076fc   0x0000000c   Data   RO         3094    .constdata          mc_w.l(localtime_i.o)
    0x08007708   0x08007708   0x00000040   Data   RO         3128    .constdata          mc_w.l(ctype_c.o)
    0x08007748   0x08007748   0x00000004   Data   RO         2232    .rodata.ADCPrescTable  stm32f10x_rcc.o
    0x0800774c   0x0800774c   0x00000010   Data   RO         2231    .rodata.APBAHBPrescTable  stm32f10x_rcc.o
    0x0800775c   0x0800775c   0x000005f0   Data   RO          497    .rodata.OLED_F8x16  oled.o
    0x08007d4c   0x08007d4c   0x00000004   Data   RO           78    .rodata.conv1d_1_bias_shift  main.o
    0x08007d50   0x08007d50   0x00000028   Data   RO           79    .rodata.conv1d_1_config  main.o
    0x08007d78   0x08007d78   0x00000004   Data   RO           77    .rodata.conv1d_1_output_shift  main.o
    0x08007d7c   0x08007d7c   0x00000004   Data   RO           65    .rodata.conv1d_bias_shift  main.o
    0x08007d80   0x08007d80   0x00000028   Data   RO           66    .rodata.conv1d_config  main.o
    0x08007da8   0x08007da8   0x00000004   Data   RO           64    .rodata.conv1d_output_shift  main.o
    0x08007dac   0x08007dac   0x00000004   Data   RO           93    .rodata.dense_bias_shift  main.o
    0x08007db0   0x08007db0   0x00000018   Data   RO           94    .rodata.dense_config  main.o
    0x08007dc8   0x08007dc8   0x00000004   Data   RO           92    .rodata.dense_output_shift  main.o
    0x08007dcc   0x08007dcc   0x00000bf6   Data   RO          432    .rodata.dmp_memory  inv_mpu_dmp_motion_driver.o
    0x080089c2   0x080089c2   0x0000000c   Data   RO          435    .rodata.dmp_set_fifo_rate.regs_end  inv_mpu_dmp_motion_driver.o
    0x080089ce   0x080089ce   0x00000002   PAD
    0x080089d0   0x080089d0   0x00000004   Data   RO           81    .rodata.flatten_config  main.o
    0x080089d4   0x080089d4   0x0000000c   Data   RO          362    .rodata.hw          inv_mpu.o
    0x080089e0   0x080089e0   0x00000008   Data   RO           53    .rodata.input_1_config  main.o
    0x080089e8   0x080089e8   0x00000010   Data   RO           80    .rodata.max_pooling1d_config  main.o
    0x080089f8   0x080089f8   0x00000008   Data   RO          101    .rodata.output0_config  main.o
    0x08008a00   0x08008a00   0x0000001e   Data   RO          361    .rodata.reg         inv_mpu.o
    0x08008a1e   0x08008a1e   0x00000002   PAD
    0x08008a20   0x08008a20   0x00000004   Data   RO           95    .rodata.softmax_config  main.o
    0x08008a24   0x08008a24   0x00000044   Data   RO           52    .rodata.str1.1      main.o
    0x08008a68   0x08008a68   0x00000018   Data   RO           76    .rodata.tensor_conv1d_1_bias_0  main.o
    0x08008a80   0x08008a80   0x0000000f   Data   RO           72    .rodata.tensor_conv1d_1_bias_0_data  main.o
    0x08008a8f   0x08008a8f   0x00000001   PAD
    0x08008a90   0x08008a90   0x00000004   Data   RO           74    .rodata.tensor_conv1d_1_bias_0_dec  main.o
    0x08008a94   0x08008a94   0x00000002   Data   RO           73    .rodata.tensor_conv1d_1_bias_0_dim  main.o
    0x08008a96   0x08008a96   0x00000002   PAD
    0x08008a98   0x08008a98   0x00000004   Data   RO           75    .rodata.tensor_conv1d_1_bias_0_offset  main.o
    0x08008a9c   0x08008a9c   0x00000018   Data   RO           71    .rodata.tensor_conv1d_1_kernel_0  main.o
    0x08008ab4   0x08008ab4   0x00000546   Data   RO           67    .rodata.tensor_conv1d_1_kernel_0_data  main.o
    0x08008ffa   0x08008ffa   0x00000002   PAD
    0x08008ffc   0x08008ffc   0x00000004   Data   RO           69    .rodata.tensor_conv1d_1_kernel_0_dec  main.o
    0x08009000   0x08009000   0x00000006   Data   RO           68    .rodata.tensor_conv1d_1_kernel_0_dim  main.o
    0x08009006   0x08009006   0x00000002   PAD
    0x08009008   0x08009008   0x00000004   Data   RO           70    .rodata.tensor_conv1d_1_kernel_0_offset  main.o
    0x0800900c   0x0800900c   0x00000018   Data   RO           63    .rodata.tensor_conv1d_bias_0  main.o
    0x08009024   0x08009024   0x0000001e   Data   RO           59    .rodata.tensor_conv1d_bias_0_data  main.o
    0x08009042   0x08009042   0x00000002   PAD
    0x08009044   0x08009044   0x00000004   Data   RO           61    .rodata.tensor_conv1d_bias_0_dec  main.o
    0x08009048   0x08009048   0x00000002   Data   RO           60    .rodata.tensor_conv1d_bias_0_dim  main.o
    0x0800904a   0x0800904a   0x00000002   PAD
    0x0800904c   0x0800904c   0x00000004   Data   RO           62    .rodata.tensor_conv1d_bias_0_offset  main.o
    0x08009050   0x08009050   0x00000018   Data   RO           58    .rodata.tensor_conv1d_kernel_0  main.o
    0x08009068   0x08009068   0x0000010e   Data   RO           54    .rodata.tensor_conv1d_kernel_0_data  main.o
    0x08009176   0x08009176   0x00000002   PAD
    0x08009178   0x08009178   0x00000004   Data   RO           56    .rodata.tensor_conv1d_kernel_0_dec  main.o
    0x0800917c   0x0800917c   0x00000006   Data   RO           55    .rodata.tensor_conv1d_kernel_0_dim  main.o
    0x08009182   0x08009182   0x00000002   PAD
    0x08009184   0x08009184   0x00000004   Data   RO           57    .rodata.tensor_conv1d_kernel_0_offset  main.o
    0x08009188   0x08009188   0x00000018   Data   RO           91    .rodata.tensor_dense_bias_0  main.o
    0x080091a0   0x080091a0   0x00000005   Data   RO           87    .rodata.tensor_dense_bias_0_data  main.o
    0x080091a5   0x080091a5   0x00000003   PAD
    0x080091a8   0x080091a8   0x00000004   Data   RO           89    .rodata.tensor_dense_bias_0_dec  main.o
    0x080091ac   0x080091ac   0x00000002   Data   RO           88    .rodata.tensor_dense_bias_0_dim  main.o
    0x080091ae   0x080091ae   0x00000002   PAD
    0x080091b0   0x080091b0   0x00000004   Data   RO           90    .rodata.tensor_dense_bias_0_offset  main.o
    0x080091b4   0x080091b4   0x00000018   Data   RO           86    .rodata.tensor_dense_kernel_0  main.o
    0x080091cc   0x080091cc   0x00000177   Data   RO           82    .rodata.tensor_dense_kernel_0_data  main.o
    0x08009343   0x08009343   0x00000001   PAD
    0x08009344   0x08009344   0x00000004   Data   RO           84    .rodata.tensor_dense_kernel_0_dec  main.o
    0x08009348   0x08009348   0x00000004   Data   RO           83    .rodata.tensor_dense_kernel_0_dim  main.o
    0x0800934c   0x0800934c   0x00000004   Data   RO           85    .rodata.tensor_dense_kernel_0_offset  main.o
    0x08009350   0x08009350   0x00000018   Data   RO           51    .rodata.tensor_input_1  main.o
    0x08009368   0x08009368   0x00000004   Data   RO           48    .rodata.tensor_input_1_dec  main.o
    0x0800936c   0x0800936c   0x00000004   Data   RO           47    .rodata.tensor_input_1_dim  main.o
    0x08009370   0x08009370   0x00000004   Data   RO           49    .rodata.tensor_input_1_offset  main.o
    0x08009374   0x08009374   0x00000018   Data   RO          100    .rodata.tensor_output0  main.o
    0x0800938c   0x0800938c   0x00000004   Data   RO           97    .rodata.tensor_output0_dec  main.o
    0x08009390   0x08009390   0x00000002   Data   RO           96    .rodata.tensor_output0_dim  main.o
    0x08009392   0x08009392   0x00000002   PAD
    0x08009394   0x08009394   0x00000004   Data   RO           98    .rodata.tensor_output0_offset  main.o
    0x08009398   0x08009398   0x00000028   Data   RO          363    .rodata.test        inv_mpu.o
    0x080093c0   0x080093c0   0x00000020   Data   RO         3130    Region$$Table       anon$$obj.o


    Execution Region RW_IRAM1 (Exec base: 0x20000000, Load base: 0x080093e0, Size: 0x00004990, Max: 0x00005000, ABSOLUTE, COMPRESSED[0x00000158])

    Exec Addr    Load Addr    Size         Type   Attr      Idx    E Section Name        Object

    0x20000000   COMPRESSED   0x00000004   Data   RW         3083    .data               mc_w.l(stdout.o)
    0x20000004   COMPRESSED   0x0000000c   Data   RW          517    .data.MyRTC_Time    myrtc.o
    0x20000010   COMPRESSED   0x00000004   Data   RW          170    .data.Next_Alarm_Time  alarm.o
    0x20000014   COMPRESSED   0x00001400   Data   RW          499    .data.Pic           oled.o
    0x20001414   COMPRESSED   0x00000001   Data   RW          135    .data.TIM4_IRQHandler.previous_stuatus  gesalarm.o
    0x20001415   COMPRESSED   0x00000009   Data   RW          246    .data.gyro_orientation  mpu6050.o
    0x2000141e   COMPRESSED   0x00000001   Data   RW          102    .data.model_output  main.o
    0x2000141f   COMPRESSED   0x00000001   Data   RW          103    .data.screenflag    main.o
    0x20001420   COMPRESSED   0x0000002c   Data   RW          364    .data.st            inv_mpu.o
    0x2000144c   COMPRESSED   0x00000004   PAD
    0x20001450        -       0x0000002c   Zero   RW         3091    .bss                mc_w.l(localtime_w.o)
    0x2000147c        -       0x00000018   Zero   RW          133    .bss.Ges_Alarm_Status  gesalarm.o
    0x20001494        -       0x00000708   Zero   RW           24    .bss.IMU_Data_mAcc  imu.o
    0x20001b9c        -       0x00000708   Zero   RW           25    .bss.IMU_Data_mdAngle  imu.o
    0x200022a4        -       0x0000000c   Zero   RW           23    .bss.IMU_bias       imu.o
    0x200022b0        -       0x00000001   Zero   RW          169    .bss.Is_Alarm_On    alarm.o
    0x200022b1        -       0x00000001   Zero   RW          547    .bss.Serial_RxFlag  serial.o
    0x200022b2        -       0x00000064   Zero   RW          548    .bss.Serial_RxPacket  serial.o
    0x20002316        -       0x00000001   Zero   RW          545    .bss.USART1_IRQHandler.RxState  serial.o
    0x20002317        -       0x00000001   Zero   RW          546    .bss.USART1_IRQHandler.pRxPacket  serial.o
    0x20002318        -       0x00000002   Zero   RW          442    .bss.dmp.2          inv_mpu_dmp_motion_driver.o
    0x2000231a   COMPRESSED   0x00000002   PAD
    0x2000231c        -       0x00000002   Zero   RW          443    .bss.dmp.3          inv_mpu_dmp_motion_driver.o
    0x2000231e   COMPRESSED   0x00000002   PAD
    0x20002320        -       0x00000002   Zero   RW          444    .bss.dmp.4          inv_mpu_dmp_motion_driver.o
    0x20002322        -       0x00000001   Zero   RW          445    .bss.dmp.5          inv_mpu_dmp_motion_driver.o
    0x20002323   COMPRESSED   0x00000001   PAD
    0x20002324        -       0x00000002   Zero   RW          132    .bss.i              gesalarm.o
    0x20002326        -       0x000001c2   Zero   RW           50    .bss.nnom_input_data  main.o
    0x200024e8        -       0x00000004   Zero   RW          831    .bss.nnom_memory_taken  nnom.o
    0x200024ec        -       0x00000088   Zero   RW          105    .bss.nnom_model_create.model  main.o
    0x20002574        -       0x00000005   Zero   RW           99    .bss.nnom_output_data  main.o
    0x20002579   COMPRESSED   0x00000003   PAD
    0x2000257c        -       0x00000004   Zero   RW          832    .bss.nnom_static_buf  nnom.o
    0x20002580        -       0x00000004   Zero   RW          834    .bss.nnom_static_buf_curr  nnom.o
    0x20002584        -       0x00000004   Zero   RW          833    .bss.nnom_static_buf_size  nnom.o
    0x20002588        -       0x00002000   Zero   RW          104    .bss.static_buf     main.o
    0x20004588        -       0x00000002   Zero   RW          130    .bss.time_hold_count_ms  gesalarm.o
    0x2000458a        -       0x00000002   Zero   RW          131    .bss.time_release_count_ms  gesalarm.o
    0x2000458c   COMPRESSED   0x00000004   PAD
    0x20004590        -       0x00000400   Zero   RW         2699    STACK               startup_stm32f10x_md.o


==============================================================================

Image component sizes


      Code (inc. data)   RO Data    RW Data    ZI Data      Debug   Object Name

       916        320          0          4          1       3532   alarm.o
        90          0          0          0          0       1175   delay.o
       724         44          0          1         30       4587   gesalarm.o
       560          0          0          0          0       6397   hardware.o
       512          0          0          0          0       4026   iic.o
       336          0          0          0       3612       2502   imu.o
      4716         26         82         44          0      20714   inv_mpu.o
      2100         16       3074          0          7       9689   inv_mpu_dmp_motion_driver.o
      1230         44       2565          2       8783      12408   main.o
       116          0          0          0          0       3577   misc.o
       436         20          0          9          0       2964   mpu6050.o
       252          0          0         12          0       2201   myrtc.o
      1682          0          0          0         16      15430   nnom.o
        92          0          0          0          0      10201   nnom_activation.o
        74          0          0          0          0       5067   nnom_baselayer.o
       868          0          0          0          0       7764   nnom_conv2d.o
       462          0          0          0          0       6657   nnom_dense.o
       184          0          0          0          0       4933   nnom_flatten.o
       326          0          0          0          0       5543   nnom_input.o
        44          0          0          0          0       5459   nnom_layers.o
      1696          0          0          0          0      36336   nnom_local.o
       658          0          0          0          0      35566   nnom_local_q15.o
       518          0          0          0          0       6037   nnom_maxpool.o
        82          0          0          0          0       4904   nnom_output.o
       196          0          0          0          0       4890   nnom_softmax.o
       374          0          0          0          0       6167   nnom_tensor.o
      1374        100       1520       5120          0       7266   oled.o
       434          0          0          0        103       6017   serial.o
        36          8        236          0       1024        804   startup_stm32f10x_md.o
        60          0          0          0          0       5062   stm32f10x_bkp.o
       148          0          0          0          0       3116   stm32f10x_exti.o
       262          0          0          0          0       6205   stm32f10x_gpio.o
        10          0          0          0          0       3434   stm32f10x_pwr.o
       312          0         20          0          0       8272   stm32f10x_rcc.o
       170          0          0          0          0       3925   stm32f10x_rtc.o
       238          0          0          0          0      21464   stm32f10x_tim.o
       350          0          0          0          0       8222   stm32f10x_usart.o
       292          0          0          0          0       3126   system_stm32f10x.o

    ----------------------------------------------------------------------
     23180        578       7556       5192      13592     305639   Object Totals
         0          0         32          0          0          0   (incl. Generated)
       250          0         27          0         16          0   (incl. Padding)

    ----------------------------------------------------------------------

      Code (inc. data)   RO Data    RW Data    ZI Data      Debug   Library Member Name

       148         12          0          0          0         88   round.o
        56          8          0          0          0         84   __0sscanf.o
        86          0          0          0          0          0   __dczerorl2.o
        28          0          0          0          0         68   _chval.o
       812          4          0          0          0        112   _scanf.o
       332          0          0          0          0         96   _scanf_int.o
        64          0          0          0          0         84   _sgetc.o
        40          6         64          0          0         68   ctype_c.o
         0          0          0          0          0          0   entry.o
         0          0          0          0          0          0   entry10a.o
         0          0          0          0          0          0   entry11a.o
         8          4          0          0          0          0   entry2.o
         4          0          0          0          0          0   entry5.o
         0          0          0          0          0          0   entry7b.o
         0          0          0          0          0          0   entry8b.o
         8          4          0          0          0          0   entry9a.o
        30          0          0          0          0          0   handlers.o
        36          8          0          0          0         68   init.o
        10          0          0          0          0         68   isspace_c.o
         0          0          0          0          0          0   iusefp.o
        98          0          0          0          0         84   ldiv.o
        30          0          0          0          0         68   llshl.o
        36          0          0          0          0         68   llsshr.o
        32          0          0          0          0         68   llushr.o
       140          6         12          0          0         76   localtime_i.o
        12          6          0          0         44         68   localtime_w.o
        26          0          0          0          0         80   memcmp.o
        36          0          0          0          0         68   memcpya.o
        36          0          0          0          0        108   memseta.o
       168         18         12          0          0         80   mktime.o
      2308         96          0          0          0        604   printfa.o
        12          6          0          0          0         68   putchar.o
        36          6          0          0          0         80   puts.o
        40          8          0          0          0         84   scanf_char.o
         0          0          0          4          0          0   stdout.o
        28          0          0          0          0         76   strcmp.o
        30          0          0          0          0         80   strncmp.o
        44          0          0          0          0         80   uidiv.o
        98          0          0          0          0         92   uldiv.o
        48          0          0          0          0         68   cdcmple.o
        48          0          0          0          0         68   cdrcmple.o
        56          0          0          0          0         88   d2f.o
       334          0          0          0          0        148   dadd.o
       222          0          0          0          0        100   ddiv.o
       186          0          0          0          0        176   depilogue.o
        62          0          0          0          0         80   dfixi.o
        48          0          0          0          0         68   dfixul.o
        34          0          0          0          0         76   dflti.o
       228          0          0          0          0         96   dmul.o
       136          4          0          0          0         92   drnd.o
        38          0          0          0          0         68   f2d.o
       176          0          0          0          0        140   fadd.o
        28          0          0          0          0         68   fcmpeq.o
        28          0          0          0          0         68   fcmple.o
        28          0          0          0          0         68   fcmplt.o
       124          0          0          0          0         88   fdiv.o
       110          0          0          0          0        168   fepilogue.o
        50          0          0          0          0         68   ffixi.o
        40          0          0          0          0         68   ffixui.o
        18          0          0          0          0         68   fflti.o
        10          0          0          0          0         68   ffltui.o
       100          0          0          0          0         76   fmul.o

    ----------------------------------------------------------------------
      7032        196         88          4         44       4744   Library Totals
         8          0          0          0          0          0   (incl. Padding)

    ----------------------------------------------------------------------

      Code (inc. data)   RO Data    RW Data    ZI Data      Debug   Library Name

       148         12          0          0          0         88   m_ws.l
      4724        180         88          4         44       2580   mc_w.l
      2152          4          0          0          0       2076   mf_w.l

    ----------------------------------------------------------------------
      7032        196         88          4         44       4744   Library Totals

    ----------------------------------------------------------------------

==============================================================================


      Code (inc. data)   RO Data    RW Data    ZI Data      Debug   

     30212        774       7644       5196      13636     307283   Grand Totals
     30212        774       7644        344      13636     307283   ELF Image Totals (compressed)
     30212        774       7644        344          0          0   ROM Totals

==============================================================================

    Total RO  Size (Code + RO Data)                37856 (  36.97kB)
    Total RW  Size (RW Data + ZI Data)             18832 (  18.39kB)
    Total ROM Size (Code + RO Data + RW Data)      38200 (  37.30kB)

==============================================================================

